Makefile:260: warning: overriding recipe for target '/home/alejandro/BLDLIB/ioapi-3.2/Linux2_x86_64ifort'
Makefile:257: warning: ignoring old recipe for target '/home/alejandro/BLDLIB/ioapi-3.2/Linux2_x86_64ifort'
Makefile:263: warning: overriding recipe for target '/home/alejandro/BLDLIB/ioapi-3.2/Linux2_x86_64ifort'
Makefile:260: warning: ignoring old recipe for target '/home/alejandro/BLDLIB/ioapi-3.2/Linux2_x86_64ifort'
cd /home/alejandro/BLDLIB/ioapi-3.2; mkdir -p /home/alejandro/BLDLIB/ioapi-3.2/Linux2_x86_64ifort
(cd /home/alejandro/BLDLIB/ioapi-3.2/ioapi   ; make fixed_src)
make[1]: Entering directory '/home/alejandro/BLDLIB/ioapi-3.2/ioapi'
make[1]: Nothing to be done for 'fixed_src'.
make[1]: Leaving directory '/home/alejandro/BLDLIB/ioapi-3.2/ioapi'
(cd /home/alejandro/BLDLIB/ioapi-3.2/ioapi   ;  sed -e 's|IOAPI_BASE|/home/alejandro/BLDLIB/ioapi-3.2|' -e 's|LIBINSTALL|/home/alejandro/BLDLIB/ioapi-3.2/Linux2_x86_64ifort|' -e 's|BININSTALL|/home/alejandro/BLDLIB/ioapi-3.2/Linux2_x86_64ifort|' -e 's|IOAPI_DEFS||' -e 's|NCFLIBS|-lnetcdff -lnetcdf|' -e 's|MAKEINCLUDE|include /home/alejandro/BLDLIB/ioapi-3.2/ioapi/Makeinclude|' -e 's|PVMINCLUDE|include  |' < Makefile.nocpl.sed > Makefile )
(cd /home/alejandro/BLDLIB/ioapi-3.2/m3tools ;  sed -e 's|IOAPI_BASE|/home/alejandro/BLDLIB/ioapi-3.2|' -e 's|LIBINSTALL|/home/alejandro/BLDLIB/ioapi-3.2/Linux2_x86_64ifort|' -e 's|BININSTALL|/home/alejandro/BLDLIB/ioapi-3.2/Linux2_x86_64ifort|' -e 's|IOAPI_DEFS||' -e 's|NCFLIBS|-lnetcdff -lnetcdf|' -e 's|MAKEINCLUDE|include /home/alejandro/BLDLIB/ioapi-3.2/ioapi/Makeinclude|' -e 's|PVMINCLUDE|include  |' < Makefile.nocpl.sed > Makefile )
(cd /home/alejandro/BLDLIB/ioapi-3.2/ioapi   ; make BIN=Linux2_x86_64ifort all)
make[1]: Entering directory '/home/alejandro/BLDLIB/ioapi-3.2/ioapi'
if [ ! -d /home/alejandro/BLDLIB/ioapi-3.2/Linux2_x86_64ifort ]; then mkdir -p /home/alejandro/BLDLIB/ioapi-3.2/Linux2_x86_64ifort; fi
cd /home/alejandro/BLDLIB/ioapi-3.2/Linux2_x86_64ifort; ifort -auto -warn notruncated_source -Bstatic -static-intel -c -DIOAPI_NCF4=1 -DAUTO_ARRAYS=1 -DF90=1 -DFLDMN=1 -DFSTR_L=int -DIOAPI_NO_STDOUT=1 -DAVOID_FLUSH=1 -DBIT32=1  -O3 -unroll -stack_temps -safe_cray_ptr -convert big_endian -assume byterecl  -traceback -xHost                                     -DIOAPI_NCF4=1 -DAUTO_ARRAYS=1 -DF90=1 -DFLDMN=1 -DFSTR_L=int -DIOAPI_NO_STDOUT=1 -DAVOID_FLUSH=1 -DBIT32=1 -I/home/alejandro/BLDLIB/ioapi-3.2/ioapi /home/alejandro/BLDLIB/ioapi-3.2/ioapi/m3utilio.f
ifort: command line warning #10434: option '-stack_temps' use with underscore is deprecated; use '-stack-temps' instead
ifort: command line warning #10434: option '-safe_cray_ptr' use with underscore is deprecated; use '-safe-cray-ptr' instead
if [ ! -d /home/alejandro/BLDLIB/ioapi-3.2/Linux2_x86_64ifort ]; then mkdir -p /home/alejandro/BLDLIB/ioapi-3.2/Linux2_x86_64ifort; fi
cd /home/alejandro/BLDLIB/ioapi-3.2/Linux2_x86_64ifort; ifort -auto -warn notruncated_source -Bstatic -static-intel -c -DIOAPI_NCF4=1 -DAUTO_ARRAYS=1 -DF90=1 -DFLDMN=1 -DFSTR_L=int -DIOAPI_NO_STDOUT=1 -DAVOID_FLUSH=1 -DBIT32=1  -O3 -unroll -stack_temps -safe_cray_ptr -convert big_endian -assume byterecl  -traceback -xHost                                     -DIOAPI_NCF4=1 -DAUTO_ARRAYS=1 -DF90=1 -DFLDMN=1 -DFSTR_L=int -DIOAPI_NO_STDOUT=1 -DAVOID_FLUSH=1 -DBIT32=1 -I/home/alejandro/BLDLIB/ioapi-3.2/ioapi /home/alejandro/BLDLIB/ioapi-3.2/ioapi/m3utilio.f
ifort: command line warning #10434: option '-stack_temps' use with underscore is deprecated; use '-stack-temps' instead
ifort: command line warning #10434: option '-safe_cray_ptr' use with underscore is deprecated; use '-safe-cray-ptr' instead
if [ ! -d /home/alejandro/BLDLIB/ioapi-3.2/Linux2_x86_64ifort ]; then mkdir -p /home/alejandro/BLDLIB/ioapi-3.2/Linux2_x86_64ifort; fi
cd /home/alejandro/BLDLIB/ioapi-3.2/Linux2_x86_64ifort; ifort -auto -warn notruncated_source -Bstatic -static-intel -c -DIOAPI_NCF4=1 -DAUTO_ARRAYS=1 -DF90=1 -DFLDMN=1 -DFSTR_L=int -DIOAPI_NO_STDOUT=1 -DAVOID_FLUSH=1 -DBIT32=1  -O3 -unroll -stack_temps -safe_cray_ptr -convert big_endian -assume byterecl  -traceback -xHost                                     -DIOAPI_NCF4=1 -DAUTO_ARRAYS=1 -DF90=1 -DFLDMN=1 -DFSTR_L=int -DIOAPI_NO_STDOUT=1 -DAVOID_FLUSH=1 -DBIT32=1 -I/home/alejandro/BLDLIB/ioapi-3.2/ioapi /home/alejandro/BLDLIB/ioapi-3.2/ioapi/modgctp.f90
ifort: command line warning #10434: option '-stack_temps' use with underscore is deprecated; use '-stack-temps' instead
ifort: command line warning #10434: option '-safe_cray_ptr' use with underscore is deprecated; use '-safe-cray-ptr' instead
if [ ! -d /home/alejandro/BLDLIB/ioapi-3.2/Linux2_x86_64ifort ]; then mkdir -p /home/alejandro/BLDLIB/ioapi-3.2/Linux2_x86_64ifort; fi
cd /home/alejandro/BLDLIB/ioapi-3.2/Linux2_x86_64ifort; ifort -auto -warn notruncated_source -Bstatic -static-intel -c -DF90=1 -DIOAPI_NCF4=1 -DAUTO_ARRAYS=1 -DF90=1 -DFLDMN=1 -DFSTR_L=int -DIOAPI_NO_STDOUT=1 -DAVOID_FLUSH=1 -DBIT32=1  -O3 -unroll -stack_temps -safe_cray_ptr -convert big_endian -assume byterecl  -traceback -xHost                                     -DIOAPI_NCF4=1 -DAUTO_ARRAYS=1 -DF90=1 -DFLDMN=1 -DFSTR_L=int -DIOAPI_NO_STDOUT=1 -DAVOID_FLUSH=1 -DBIT32=1 -I/home/alejandro/BLDLIB/ioapi-3.2/ioapi /home/alejandro/BLDLIB/ioapi-3.2/ioapi/modncfio.F90
ifort: command line warning #10434: option '-stack_temps' use with underscore is deprecated; use '-stack-temps' instead
ifort: command line warning #10434: option '-safe_cray_ptr' use with underscore is deprecated; use '-safe-cray-ptr' instead
if [ ! -d /home/alejandro/BLDLIB/ioapi-3.2/Linux2_x86_64ifort ]; then mkdir -p /home/alejandro/BLDLIB/ioapi-3.2/Linux2_x86_64ifort; fi
cd /home/alejandro/BLDLIB/ioapi-3.2/Linux2_x86_64ifort; ifort -auto -warn notruncated_source -Bstatic -static-intel -c -DIOAPI_NCF4=1 -DAUTO_ARRAYS=1 -DF90=1 -DFLDMN=1 -DFSTR_L=int -DIOAPI_NO_STDOUT=1 -DAVOID_FLUSH=1 -DBIT32=1  -O3 -unroll -stack_temps -safe_cray_ptr -convert big_endian -assume byterecl  -traceback -xHost                                     -DIOAPI_NCF4=1 -DAUTO_ARRAYS=1 -DF90=1 -DFLDMN=1 -DFSTR_L=int -DIOAPI_NO_STDOUT=1 -DAVOID_FLUSH=1 -DBIT32=1 -I/home/alejandro/BLDLIB/ioapi-3.2/ioapi /home/alejandro/BLDLIB/ioapi-3.2/ioapi/modwrfio.f90
ifort: command line warning #10434: option '-stack_temps' use with underscore is deprecated; use '-stack-temps' instead
ifort: command line warning #10434: option '-safe_cray_ptr' use with underscore is deprecated; use '-safe-cray-ptr' instead
if [ ! -d /home/alejandro/BLDLIB/ioapi-3.2/Linux2_x86_64ifort ]; then mkdir -p /home/alejandro/BLDLIB/ioapi-3.2/Linux2_x86_64ifort; fi
cd /home/alejandro/BLDLIB/ioapi-3.2/Linux2_x86_64ifort; ifort -auto -warn notruncated_source -Bstatic -static-intel -c -DIOAPI_NCF4=1 -DAUTO_ARRAYS=1 -DF90=1 -DFLDMN=1 -DFSTR_L=int -DIOAPI_NO_STDOUT=1 -DAVOID_FLUSH=1 -DBIT32=1  -O3 -unroll -stack_temps -safe_cray_ptr -convert big_endian -assume byterecl  -traceback -xHost                                     -DIOAPI_NCF4=1 -DAUTO_ARRAYS=1 -DF90=1 -DFLDMN=1 -DFSTR_L=int -DIOAPI_NO_STDOUT=1 -DAVOID_FLUSH=1 -DBIT32=1 -I/home/alejandro/BLDLIB/ioapi-3.2/ioapi /home/alejandro/BLDLIB/ioapi-3.2/ioapi/modmpasfio.f90
ifort: command line warning #10434: option '-stack_temps' use with underscore is deprecated; use '-stack-temps' instead
ifort: command line warning #10434: option '-safe_cray_ptr' use with underscore is deprecated; use '-safe-cray-ptr' instead
if [ ! -d /home/alejandro/BLDLIB/ioapi-3.2/Linux2_x86_64ifort ]; then mkdir -p /home/alejandro/BLDLIB/ioapi-3.2/Linux2_x86_64ifort; fi
cd /home/alejandro/BLDLIB/ioapi-3.2/Linux2_x86_64ifort; ifort -auto -warn notruncated_source -Bstatic -static-intel -c -DF90=1 -DIOAPI_NCF4=1 -DAUTO_ARRAYS=1 -DF90=1 -DFLDMN=1 -DFSTR_L=int -DIOAPI_NO_STDOUT=1 -DAVOID_FLUSH=1 -DBIT32=1  -O3 -unroll -stack_temps -safe_cray_ptr -convert big_endian -assume byterecl  -traceback -xHost                                     -DIOAPI_NCF4=1 -DAUTO_ARRAYS=1 -DF90=1 -DFLDMN=1 -DFSTR_L=int -DIOAPI_NO_STDOUT=1 -DAVOID_FLUSH=1 -DBIT32=1 -I/home/alejandro/BLDLIB/ioapi-3.2/ioapi /home/alejandro/BLDLIB/ioapi-3.2/ioapi/modpdata.F90
ifort: command line warning #10434: option '-stack_temps' use with underscore is deprecated; use '-stack-temps' instead
ifort: command line warning #10434: option '-safe_cray_ptr' use with underscore is deprecated; use '-safe-cray-ptr' instead
/home/alejandro/BLDLIB/ioapi-3.2/ioapi/modpdata.F90(92): warning #6843: A dummy argument with an explicit INTENT(OUT) declaration is not given an explicit value.   [NCOLS_PE]
                             NCOLS_PE, NROWS_PE, COLSX_PE, ROWSX_PE )
-----------------------------^
/home/alejandro/BLDLIB/ioapi-3.2/ioapi/modpdata.F90(92): warning #6843: A dummy argument with an explicit INTENT(OUT) declaration is not given an explicit value.   [NROWS_PE]
                             NCOLS_PE, NROWS_PE, COLSX_PE, ROWSX_PE )
---------------------------------------^
/home/alejandro/BLDLIB/ioapi-3.2/ioapi/modpdata.F90(92): warning #6843: A dummy argument with an explicit INTENT(OUT) declaration is not given an explicit value.   [COLSX_PE]
                             NCOLS_PE, NROWS_PE, COLSX_PE, ROWSX_PE )
-------------------------------------------------^
/home/alejandro/BLDLIB/ioapi-3.2/ioapi/modpdata.F90(92): warning #6843: A dummy argument with an explicit INTENT(OUT) declaration is not given an explicit value.   [ROWSX_PE]
                             NCOLS_PE, NROWS_PE, COLSX_PE, ROWSX_PE )
-----------------------------------------------------------^
if [ ! -d /home/alejandro/BLDLIB/ioapi-3.2/Linux2_x86_64ifort ]; then mkdir -p /home/alejandro/BLDLIB/ioapi-3.2/Linux2_x86_64ifort; fi
cd /home/alejandro/BLDLIB/ioapi-3.2/Linux2_x86_64ifort; ifort -auto -warn notruncated_source -Bstatic -static-intel -c -DF90=1 -DIOAPI_NCF4=1 -DAUTO_ARRAYS=1 -DF90=1 -DFLDMN=1 -DFSTR_L=int -DIOAPI_NO_STDOUT=1 -DAVOID_FLUSH=1 -DBIT32=1  -O3 -unroll -stack_temps -safe_cray_ptr -convert big_endian -assume byterecl  -traceback -xHost                                     -DIOAPI_NCF4=1 -DAUTO_ARRAYS=1 -DF90=1 -DFLDMN=1 -DFSTR_L=int -DIOAPI_NO_STDOUT=1 -DAVOID_FLUSH=1 -DBIT32=1 -I/home/alejandro/BLDLIB/ioapi-3.2/ioapi /home/alejandro/BLDLIB/ioapi-3.2/ioapi/modatts3.F90
ifort: command line warning #10434: option '-stack_temps' use with underscore is deprecated; use '-stack-temps' instead
ifort: command line warning #10434: option '-safe_cray_ptr' use with underscore is deprecated; use '-safe-cray-ptr' instead
if [ ! -d /home/alejandro/BLDLIB/ioapi-3.2/Linux2_x86_64ifort ]; then mkdir -p /home/alejandro/BLDLIB/ioapi-3.2/Linux2_x86_64ifort; fi
cd /home/alejandro/BLDLIB/ioapi-3.2/Linux2_x86_64ifort; ifort -auto -warn notruncated_source -Bstatic -static-intel -c -DF90=1 -DIOAPI_NCF4=1 -DAUTO_ARRAYS=1 -DF90=1 -DFLDMN=1 -DFSTR_L=int -DIOAPI_NO_STDOUT=1 -DAVOID_FLUSH=1 -DBIT32=1  -O3 -unroll -stack_temps -safe_cray_ptr -convert big_endian -assume byterecl  -traceback -xHost                                     -DIOAPI_NCF4=1 -DAUTO_ARRAYS=1 -DF90=1 -DFLDMN=1 -DFSTR_L=int -DIOAPI_NO_STDOUT=1 -DAVOID_FLUSH=1 -DBIT32=1 -I/home/alejandro/BLDLIB/ioapi-3.2/ioapi /home/alejandro/BLDLIB/ioapi-3.2/ioapi/modncfio.F90
ifort: command line warning #10434: option '-stack_temps' use with underscore is deprecated; use '-stack-temps' instead
ifort: command line warning #10434: option '-safe_cray_ptr' use with underscore is deprecated; use '-safe-cray-ptr' instead
if [ ! -d /home/alejandro/BLDLIB/ioapi-3.2/Linux2_x86_64ifort ]; then mkdir -p /home/alejandro/BLDLIB/ioapi-3.2/Linux2_x86_64ifort; fi
cd /home/alejandro/BLDLIB/ioapi-3.2/Linux2_x86_64ifort; ifort -auto -warn notruncated_source -Bstatic -static-intel -c -DF90=1 -DIOAPI_NCF4=1 -DAUTO_ARRAYS=1 -DF90=1 -DFLDMN=1 -DFSTR_L=int -DIOAPI_NO_STDOUT=1 -DAVOID_FLUSH=1 -DBIT32=1  -O3 -unroll -stack_temps -safe_cray_ptr -convert big_endian -assume byterecl  -traceback -xHost                                     -DIOAPI_NCF4=1 -DAUTO_ARRAYS=1 -DF90=1 -DFLDMN=1 -DFSTR_L=int -DIOAPI_NO_STDOUT=1 -DAVOID_FLUSH=1 -DBIT32=1 -I/home/alejandro/BLDLIB/ioapi-3.2/ioapi /home/alejandro/BLDLIB/ioapi-3.2/ioapi/modpdata.F90
ifort: command line warning #10434: option '-stack_temps' use with underscore is deprecated; use '-stack-temps' instead
ifort: command line warning #10434: option '-safe_cray_ptr' use with underscore is deprecated; use '-safe-cray-ptr' instead
/home/alejandro/BLDLIB/ioapi-3.2/ioapi/modpdata.F90(92): warning #6843: A dummy argument with an explicit INTENT(OUT) declaration is not given an explicit value.   [NCOLS_PE]
                             NCOLS_PE, NROWS_PE, COLSX_PE, ROWSX_PE )
-----------------------------^
/home/alejandro/BLDLIB/ioapi-3.2/ioapi/modpdata.F90(92): warning #6843: A dummy argument with an explicit INTENT(OUT) declaration is not given an explicit value.   [NROWS_PE]
                             NCOLS_PE, NROWS_PE, COLSX_PE, ROWSX_PE )
---------------------------------------^
/home/alejandro/BLDLIB/ioapi-3.2/ioapi/modpdata.F90(92): warning #6843: A dummy argument with an explicit INTENT(OUT) declaration is not given an explicit value.   [COLSX_PE]
                             NCOLS_PE, NROWS_PE, COLSX_PE, ROWSX_PE )
-------------------------------------------------^
/home/alejandro/BLDLIB/ioapi-3.2/ioapi/modpdata.F90(92): warning #6843: A dummy argument with an explicit INTENT(OUT) declaration is not given an explicit value.   [ROWSX_PE]
                             NCOLS_PE, NROWS_PE, COLSX_PE, ROWSX_PE )
-----------------------------------------------------------^
cd /home/alejandro/BLDLIB/ioapi-3.2/Linux2_x86_64ifort; ar rsv libioapi.a m3utilio.o   modgctp.o modwrfio.o modmpasfio.o   modatts3.o modncfio.o modpdata.o
ar: creating libioapi.a
a - m3utilio.o
a - modgctp.o
a - modwrfio.o
a - modmpasfio.o
a - modatts3.o
a - modncfio.o
a - modpdata.o
if [ ! -d /home/alejandro/BLDLIB/ioapi-3.2/Linux2_x86_64ifort ]; then mkdir -p /home/alejandro/BLDLIB/ioapi-3.2/Linux2_x86_64ifort; fi
cd /home/alejandro/BLDLIB/ioapi-3.2/Linux2_x86_64ifort; ifort -auto -warn notruncated_source -Bstatic -static-intel -c -DIOAPI_NCF4=1 -DAUTO_ARRAYS=1 -DF90=1 -DFLDMN=1 -DFSTR_L=int -DIOAPI_NO_STDOUT=1 -DAVOID_FLUSH=1 -DBIT32=1  -O3 -unroll -stack_temps -safe_cray_ptr -convert big_endian -assume byterecl  -traceback -xHost                                     -DIOAPI_NCF4=1 -DAUTO_ARRAYS=1 -DF90=1 -DFLDMN=1 -DFSTR_L=int -DIOAPI_NO_STDOUT=1 -DAVOID_FLUSH=1 -DBIT32=1 -I/home/alejandro/BLDLIB/ioapi-3.2/ioapi /home/alejandro/BLDLIB/ioapi-3.2/ioapi/bilin.f
ifort: command line warning #10434: option '-stack_temps' use with underscore is deprecated; use '-stack-temps' instead
ifort: command line warning #10434: option '-safe_cray_ptr' use with underscore is deprecated; use '-safe-cray-ptr' instead
if [ ! -d /home/alejandro/BLDLIB/ioapi-3.2/Linux2_x86_64ifort ]; then mkdir -p /home/alejandro/BLDLIB/ioapi-3.2/Linux2_x86_64ifort; fi
cd /home/alejandro/BLDLIB/ioapi-3.2/Linux2_x86_64ifort; ifort -auto -warn notruncated_source -Bstatic -static-intel -c -DIOAPI_NCF4=1 -DAUTO_ARRAYS=1 -DF90=1 -DFLDMN=1 -DFSTR_L=int -DIOAPI_NO_STDOUT=1 -DAVOID_FLUSH=1 -DBIT32=1  -O3 -unroll -stack_temps -safe_cray_ptr -convert big_endian -assume byterecl  -traceback -xHost                                     -DIOAPI_NCF4=1 -DAUTO_ARRAYS=1 -DF90=1 -DFLDMN=1 -DFSTR_L=int -DIOAPI_NO_STDOUT=1 -DAVOID_FLUSH=1 -DBIT32=1 -I/home/alejandro/BLDLIB/ioapi-3.2/ioapi /home/alejandro/BLDLIB/ioapi-3.2/ioapi/bmatvec.f
ifort: command line warning #10434: option '-stack_temps' use with underscore is deprecated; use '-stack-temps' instead
ifort: command line warning #10434: option '-safe_cray_ptr' use with underscore is deprecated; use '-safe-cray-ptr' instead
if [ ! -d /home/alejandro/BLDLIB/ioapi-3.2/Linux2_x86_64ifort ]; then mkdir -p /home/alejandro/BLDLIB/ioapi-3.2/Linux2_x86_64ifort; fi
cd /home/alejandro/BLDLIB/ioapi-3.2/Linux2_x86_64ifort; ifort -auto -warn notruncated_source -Bstatic -static-intel -c -DIOAPI_NCF4=1 -DAUTO_ARRAYS=1 -DF90=1 -DFLDMN=1 -DFSTR_L=int -DIOAPI_NO_STDOUT=1 -DAVOID_FLUSH=1 -DBIT32=1  -O3 -unroll -stack_temps -safe_cray_ptr -convert big_endian -assume byterecl  -traceback -xHost                                     -DIOAPI_NCF4=1 -DAUTO_ARRAYS=1 -DF90=1 -DFLDMN=1 -DFSTR_L=int -DIOAPI_NO_STDOUT=1 -DAVOID_FLUSH=1 -DBIT32=1 -I/home/alejandro/BLDLIB/ioapi-3.2/ioapi /home/alejandro/BLDLIB/ioapi-3.2/ioapi/chkbuf3.f
ifort: command line warning #10434: option '-stack_temps' use with underscore is deprecated; use '-stack-temps' instead
ifort: command line warning #10434: option '-safe_cray_ptr' use with underscore is deprecated; use '-safe-cray-ptr' instead
if [ ! -d /home/alejandro/BLDLIB/ioapi-3.2/Linux2_x86_64ifort ]; then mkdir -p /home/alejandro/BLDLIB/ioapi-3.2/Linux2_x86_64ifort; fi
cd /home/alejandro/BLDLIB/ioapi-3.2/Linux2_x86_64ifort; ifort -auto -warn notruncated_source -Bstatic -static-intel -c -DIOAPI_NCF4=1 -DAUTO_ARRAYS=1 -DF90=1 -DFLDMN=1 -DFSTR_L=int -DIOAPI_NO_STDOUT=1 -DAVOID_FLUSH=1 -DBIT32=1  -O3 -unroll -stack_temps -safe_cray_ptr -convert big_endian -assume byterecl  -traceback -xHost                                     -DIOAPI_NCF4=1 -DAUTO_ARRAYS=1 -DF90=1 -DFLDMN=1 -DFSTR_L=int -DIOAPI_NO_STDOUT=1 -DAVOID_FLUSH=1 -DBIT32=1 -I/home/alejandro/BLDLIB/ioapi-3.2/ioapi /home/alejandro/BLDLIB/ioapi-3.2/ioapi/ckdesc3.f
ifort: command line warning #10434: option '-stack_temps' use with underscore is deprecated; use '-stack-temps' instead
ifort: command line warning #10434: option '-safe_cray_ptr' use with underscore is deprecated; use '-safe-cray-ptr' instead
if [ ! -d /home/alejandro/BLDLIB/ioapi-3.2/Linux2_x86_64ifort ]; then mkdir -p /home/alejandro/BLDLIB/ioapi-3.2/Linux2_x86_64ifort; fi
cd /home/alejandro/BLDLIB/ioapi-3.2/Linux2_x86_64ifort; ifort -auto -warn notruncated_source -Bstatic -static-intel -c -DIOAPI_NCF4=1 -DAUTO_ARRAYS=1 -DF90=1 -DFLDMN=1 -DFSTR_L=int -DIOAPI_NO_STDOUT=1 -DAVOID_FLUSH=1 -DBIT32=1  -O3 -unroll -stack_temps -safe_cray_ptr -convert big_endian -assume byterecl  -traceback -xHost                                     -DIOAPI_NCF4=1 -DAUTO_ARRAYS=1 -DF90=1 -DFLDMN=1 -DFSTR_L=int -DIOAPI_NO_STDOUT=1 -DAVOID_FLUSH=1 -DBIT32=1 -I/home/alejandro/BLDLIB/ioapi-3.2/ioapi /home/alejandro/BLDLIB/ioapi-3.2/ioapi/ckfile3.f
ifort: command line warning #10434: option '-stack_temps' use with underscore is deprecated; use '-stack-temps' instead
ifort: command line warning #10434: option '-safe_cray_ptr' use with underscore is deprecated; use '-safe-cray-ptr' instead
if [ ! -d /home/alejandro/BLDLIB/ioapi-3.2/Linux2_x86_64ifort ]; then mkdir -p /home/alejandro/BLDLIB/ioapi-3.2/Linux2_x86_64ifort; fi
cd /home/alejandro/BLDLIB/ioapi-3.2/Linux2_x86_64ifort; ifort -auto -warn notruncated_source -Bstatic -static-intel -c -DIOAPI_NCF4=1 -DAUTO_ARRAYS=1 -DF90=1 -DFLDMN=1 -DFSTR_L=int -DIOAPI_NO_STDOUT=1 -DAVOID_FLUSH=1 -DBIT32=1  -O3 -unroll -stack_temps -safe_cray_ptr -convert big_endian -assume byterecl  -traceback -xHost                                     -DIOAPI_NCF4=1 -DAUTO_ARRAYS=1 -DF90=1 -DFLDMN=1 -DFSTR_L=int -DIOAPI_NO_STDOUT=1 -DAVOID_FLUSH=1 -DBIT32=1 -I/home/alejandro/BLDLIB/ioapi-3.2/ioapi /home/alejandro/BLDLIB/ioapi-3.2/ioapi/ckgeom.f
ifort: command line warning #10434: option '-stack_temps' use with underscore is deprecated; use '-stack-temps' instead
ifort: command line warning #10434: option '-safe_cray_ptr' use with underscore is deprecated; use '-safe-cray-ptr' instead
if [ ! -d /home/alejandro/BLDLIB/ioapi-3.2/Linux2_x86_64ifort ]; then mkdir -p /home/alejandro/BLDLIB/ioapi-3.2/Linux2_x86_64ifort; fi
cd /home/alejandro/BLDLIB/ioapi-3.2/Linux2_x86_64ifort; ifort -auto -warn notruncated_source -Bstatic -static-intel -c -DIOAPI_NCF4=1 -DAUTO_ARRAYS=1 -DF90=1 -DFLDMN=1 -DFSTR_L=int -DIOAPI_NO_STDOUT=1 -DAVOID_FLUSH=1 -DBIT32=1  -O3 -unroll -stack_temps -safe_cray_ptr -convert big_endian -assume byterecl  -traceback -xHost                                     -DIOAPI_NCF4=1 -DAUTO_ARRAYS=1 -DF90=1 -DFLDMN=1 -DFSTR_L=int -DIOAPI_NO_STDOUT=1 -DAVOID_FLUSH=1 -DBIT32=1 -I/home/alejandro/BLDLIB/ioapi-3.2/ioapi /home/alejandro/BLDLIB/ioapi-3.2/ioapi/ckname.f
ifort: command line warning #10434: option '-stack_temps' use with underscore is deprecated; use '-stack-temps' instead
ifort: command line warning #10434: option '-safe_cray_ptr' use with underscore is deprecated; use '-safe-cray-ptr' instead
if [ ! -d /home/alejandro/BLDLIB/ioapi-3.2/Linux2_x86_64ifort ]; then mkdir -p /home/alejandro/BLDLIB/ioapi-3.2/Linux2_x86_64ifort; fi
cd /home/alejandro/BLDLIB/ioapi-3.2/Linux2_x86_64ifort; ifort -auto -warn notruncated_source -Bstatic -static-intel -c -DIOAPI_NCF4=1 -DAUTO_ARRAYS=1 -DF90=1 -DFLDMN=1 -DFSTR_L=int -DIOAPI_NO_STDOUT=1 -DAVOID_FLUSH=1 -DBIT32=1  -O3 -unroll -stack_temps -safe_cray_ptr -convert big_endian -assume byterecl  -traceback -xHost                                     -DIOAPI_NCF4=1 -DAUTO_ARRAYS=1 -DF90=1 -DFLDMN=1 -DFSTR_L=int -DIOAPI_NO_STDOUT=1 -DAVOID_FLUSH=1 -DBIT32=1 -I/home/alejandro/BLDLIB/ioapi-3.2/ioapi /home/alejandro/BLDLIB/ioapi-3.2/ioapi/crtbuf3.f
ifort: command line warning #10434: option '-stack_temps' use with underscore is deprecated; use '-stack-temps' instead
ifort: command line warning #10434: option '-safe_cray_ptr' use with underscore is deprecated; use '-safe-cray-ptr' instead
if [ ! -d /home/alejandro/BLDLIB/ioapi-3.2/Linux2_x86_64ifort ]; then mkdir -p /home/alejandro/BLDLIB/ioapi-3.2/Linux2_x86_64ifort; fi
cd /home/alejandro/BLDLIB/ioapi-3.2/Linux2_x86_64ifort; ifort -auto -warn notruncated_source -Bstatic -static-intel -c -DIOAPI_NCF4=1 -DAUTO_ARRAYS=1 -DF90=1 -DFLDMN=1 -DFSTR_L=int -DIOAPI_NO_STDOUT=1 -DAVOID_FLUSH=1 -DBIT32=1  -O3 -unroll -stack_temps -safe_cray_ptr -convert big_endian -assume byterecl  -traceback -xHost                                     -DIOAPI_NCF4=1 -DAUTO_ARRAYS=1 -DF90=1 -DFLDMN=1 -DFSTR_L=int -DIOAPI_NO_STDOUT=1 -DAVOID_FLUSH=1 -DBIT32=1 -I/home/alejandro/BLDLIB/ioapi-3.2/ioapi /home/alejandro/BLDLIB/ioapi-3.2/ioapi/currstep.f
ifort: command line warning #10434: option '-stack_temps' use with underscore is deprecated; use '-stack-temps' instead
ifort: command line warning #10434: option '-safe_cray_ptr' use with underscore is deprecated; use '-safe-cray-ptr' instead
if [ ! -d /home/alejandro/BLDLIB/ioapi-3.2/Linux2_x86_64ifort ]; then mkdir -p /home/alejandro/BLDLIB/ioapi-3.2/Linux2_x86_64ifort; fi
cd /home/alejandro/BLDLIB/ioapi-3.2/Linux2_x86_64ifort; ifort -auto -warn notruncated_source -Bstatic -static-intel -c -DIOAPI_NCF4=1 -DAUTO_ARRAYS=1 -DF90=1 -DFLDMN=1 -DFSTR_L=int -DIOAPI_NO_STDOUT=1 -DAVOID_FLUSH=1 -DBIT32=1  -O3 -unroll -stack_temps -safe_cray_ptr -convert big_endian -assume byterecl  -traceback -xHost                                     -DIOAPI_NCF4=1 -DAUTO_ARRAYS=1 -DF90=1 -DFLDMN=1 -DFSTR_L=int -DIOAPI_NO_STDOUT=1 -DAVOID_FLUSH=1 -DBIT32=1 -I/home/alejandro/BLDLIB/ioapi-3.2/ioapi /home/alejandro/BLDLIB/ioapi-3.2/ioapi/dble2real.f
ifort: command line warning #10434: option '-stack_temps' use with underscore is deprecated; use '-stack-temps' instead
ifort: command line warning #10434: option '-safe_cray_ptr' use with underscore is deprecated; use '-safe-cray-ptr' instead
if [ ! -d /home/alejandro/BLDLIB/ioapi-3.2/Linux2_x86_64ifort ]; then mkdir -p /home/alejandro/BLDLIB/ioapi-3.2/Linux2_x86_64ifort; fi
cd /home/alejandro/BLDLIB/ioapi-3.2/Linux2_x86_64ifort; ifort -auto -warn notruncated_source -Bstatic -static-intel -c -DIOAPI_NCF4=1 -DAUTO_ARRAYS=1 -DF90=1 -DFLDMN=1 -DFSTR_L=int -DIOAPI_NO_STDOUT=1 -DAVOID_FLUSH=1 -DBIT32=1  -O3 -unroll -stack_temps -safe_cray_ptr -convert big_endian -assume byterecl  -traceback -xHost                                     -DIOAPI_NCF4=1 -DAUTO_ARRAYS=1 -DF90=1 -DFLDMN=1 -DFSTR_L=int -DIOAPI_NO_STDOUT=1 -DAVOID_FLUSH=1 -DBIT32=1 -I/home/alejandro/BLDLIB/ioapi-3.2/ioapi /home/alejandro/BLDLIB/ioapi-3.2/ioapi/dbllist.f
ifort: command line warning #10434: option '-stack_temps' use with underscore is deprecated; use '-stack-temps' instead
ifort: command line warning #10434: option '-safe_cray_ptr' use with underscore is deprecated; use '-safe-cray-ptr' instead
if [ ! -d /home/alejandro/BLDLIB/ioapi-3.2/Linux2_x86_64ifort ]; then mkdir -p /home/alejandro/BLDLIB/ioapi-3.2/Linux2_x86_64ifort; fi
cd /home/alejandro/BLDLIB/ioapi-3.2/Linux2_x86_64ifort; ifort -auto -warn notruncated_source -Bstatic -static-intel -c -DIOAPI_NCF4=1 -DAUTO_ARRAYS=1 -DF90=1 -DFLDMN=1 -DFSTR_L=int -DIOAPI_NO_STDOUT=1 -DAVOID_FLUSH=1 -DBIT32=1  -O3 -unroll -stack_temps -safe_cray_ptr -convert big_endian -assume byterecl  -traceback -xHost                                     -DIOAPI_NCF4=1 -DAUTO_ARRAYS=1 -DF90=1 -DFLDMN=1 -DFSTR_L=int -DIOAPI_NO_STDOUT=1 -DAVOID_FLUSH=1 -DBIT32=1 -I/home/alejandro/BLDLIB/ioapi-3.2/ioapi /home/alejandro/BLDLIB/ioapi-3.2/ioapi/dmatvec.f
ifort: command line warning #10434: option '-stack_temps' use with underscore is deprecated; use '-stack-temps' instead
ifort: command line warning #10434: option '-safe_cray_ptr' use with underscore is deprecated; use '-safe-cray-ptr' instead
if [ ! -d /home/alejandro/BLDLIB/ioapi-3.2/Linux2_x86_64ifort ]; then mkdir -p /home/alejandro/BLDLIB/ioapi-3.2/Linux2_x86_64ifort; fi
cd /home/alejandro/BLDLIB/ioapi-3.2/Linux2_x86_64ifort; ifort -auto -warn notruncated_source -Bstatic -static-intel -c -DIOAPI_NCF4=1 -DAUTO_ARRAYS=1 -DF90=1 -DFLDMN=1 -DFSTR_L=int -DIOAPI_NO_STDOUT=1 -DAVOID_FLUSH=1 -DBIT32=1  -O3 -unroll -stack_temps -safe_cray_ptr -convert big_endian -assume byterecl  -traceback -xHost                                     -DIOAPI_NCF4=1 -DAUTO_ARRAYS=1 -DF90=1 -DFLDMN=1 -DFSTR_L=int -DIOAPI_NO_STDOUT=1 -DAVOID_FLUSH=1 -DBIT32=1 -I/home/alejandro/BLDLIB/ioapi-3.2/ioapi /home/alejandro/BLDLIB/ioapi-3.2/ioapi/dscgrid.f
ifort: command line warning #10434: option '-stack_temps' use with underscore is deprecated; use '-stack-temps' instead
ifort: command line warning #10434: option '-safe_cray_ptr' use with underscore is deprecated; use '-safe-cray-ptr' instead
if [ ! -d /home/alejandro/BLDLIB/ioapi-3.2/Linux2_x86_64ifort ]; then mkdir -p /home/alejandro/BLDLIB/ioapi-3.2/Linux2_x86_64ifort; fi
cd /home/alejandro/BLDLIB/ioapi-3.2/Linux2_x86_64ifort; ifort -auto -warn notruncated_source -Bstatic -static-intel -c -DIOAPI_NCF4=1 -DAUTO_ARRAYS=1 -DF90=1 -DFLDMN=1 -DFSTR_L=int -DIOAPI_NO_STDOUT=1 -DAVOID_FLUSH=1 -DBIT32=1  -O3 -unroll -stack_temps -safe_cray_ptr -convert big_endian -assume byterecl  -traceback -xHost                                     -DIOAPI_NCF4=1 -DAUTO_ARRAYS=1 -DF90=1 -DFLDMN=1 -DFSTR_L=int -DIOAPI_NO_STDOUT=1 -DAVOID_FLUSH=1 -DBIT32=1 -I/home/alejandro/BLDLIB/ioapi-3.2/ioapi /home/alejandro/BLDLIB/ioapi-3.2/ioapi/dt2str.f
ifort: command line warning #10434: option '-stack_temps' use with underscore is deprecated; use '-stack-temps' instead
ifort: command line warning #10434: option '-safe_cray_ptr' use with underscore is deprecated; use '-safe-cray-ptr' instead
if [ ! -d /home/alejandro/BLDLIB/ioapi-3.2/Linux2_x86_64ifort ]; then mkdir -p /home/alejandro/BLDLIB/ioapi-3.2/Linux2_x86_64ifort; fi
cd /home/alejandro/BLDLIB/ioapi-3.2/Linux2_x86_64ifort; ifort -auto -warn notruncated_source -Bstatic -static-intel -c -DIOAPI_NCF4=1 -DAUTO_ARRAYS=1 -DF90=1 -DFLDMN=1 -DFSTR_L=int -DIOAPI_NO_STDOUT=1 -DAVOID_FLUSH=1 -DBIT32=1  -O3 -unroll -stack_temps -safe_cray_ptr -convert big_endian -assume byterecl  -traceback -xHost                                     -DIOAPI_NCF4=1 -DAUTO_ARRAYS=1 -DF90=1 -DFLDMN=1 -DFSTR_L=int -DIOAPI_NO_STDOUT=1 -DAVOID_FLUSH=1 -DBIT32=1 -I/home/alejandro/BLDLIB/ioapi-3.2/ioapi /home/alejandro/BLDLIB/ioapi-3.2/ioapi/filchk3.f
ifort: command line warning #10434: option '-stack_temps' use with underscore is deprecated; use '-stack-temps' instead
ifort: command line warning #10434: option '-safe_cray_ptr' use with underscore is deprecated; use '-safe-cray-ptr' instead
if [ ! -d /home/alejandro/BLDLIB/ioapi-3.2/Linux2_x86_64ifort ]; then mkdir -p /home/alejandro/BLDLIB/ioapi-3.2/Linux2_x86_64ifort; fi
cd /home/alejandro/BLDLIB/ioapi-3.2/Linux2_x86_64ifort; ifort -auto -warn notruncated_source -Bstatic -static-intel -c -DIOAPI_NCF4=1 -DAUTO_ARRAYS=1 -DF90=1 -DFLDMN=1 -DFSTR_L=int -DIOAPI_NO_STDOUT=1 -DAVOID_FLUSH=1 -DBIT32=1  -O3 -unroll -stack_temps -safe_cray_ptr -convert big_endian -assume byterecl  -traceback -xHost                                     -DIOAPI_NCF4=1 -DAUTO_ARRAYS=1 -DF90=1 -DFLDMN=1 -DFSTR_L=int -DIOAPI_NO_STDOUT=1 -DAVOID_FLUSH=1 -DBIT32=1 -I/home/alejandro/BLDLIB/ioapi-3.2/ioapi /home/alejandro/BLDLIB/ioapi-3.2/ioapi/find1.f
ifort: command line warning #10434: option '-stack_temps' use with underscore is deprecated; use '-stack-temps' instead
ifort: command line warning #10434: option '-safe_cray_ptr' use with underscore is deprecated; use '-safe-cray-ptr' instead
if [ ! -d /home/alejandro/BLDLIB/ioapi-3.2/Linux2_x86_64ifort ]; then mkdir -p /home/alejandro/BLDLIB/ioapi-3.2/Linux2_x86_64ifort; fi
cd /home/alejandro/BLDLIB/ioapi-3.2/Linux2_x86_64ifort; ifort -auto -warn notruncated_source -Bstatic -static-intel -c -DIOAPI_NCF4=1 -DAUTO_ARRAYS=1 -DF90=1 -DFLDMN=1 -DFSTR_L=int -DIOAPI_NO_STDOUT=1 -DAVOID_FLUSH=1 -DBIT32=1  -O3 -unroll -stack_temps -safe_cray_ptr -convert big_endian -assume byterecl  -traceback -xHost                                     -DIOAPI_NCF4=1 -DAUTO_ARRAYS=1 -DF90=1 -DFLDMN=1 -DFSTR_L=int -DIOAPI_NO_STDOUT=1 -DAVOID_FLUSH=1 -DBIT32=1 -I/home/alejandro/BLDLIB/ioapi-3.2/ioapi /home/alejandro/BLDLIB/ioapi-3.2/ioapi/find2.f
ifort: command line warning #10434: option '-stack_temps' use with underscore is deprecated; use '-stack-temps' instead
ifort: command line warning #10434: option '-safe_cray_ptr' use with underscore is deprecated; use '-safe-cray-ptr' instead
if [ ! -d /home/alejandro/BLDLIB/ioapi-3.2/Linux2_x86_64ifort ]; then mkdir -p /home/alejandro/BLDLIB/ioapi-3.2/Linux2_x86_64ifort; fi
cd /home/alejandro/BLDLIB/ioapi-3.2/Linux2_x86_64ifort; ifort -auto -warn notruncated_source -Bstatic -static-intel -c -DIOAPI_NCF4=1 -DAUTO_ARRAYS=1 -DF90=1 -DFLDMN=1 -DFSTR_L=int -DIOAPI_NO_STDOUT=1 -DAVOID_FLUSH=1 -DBIT32=1  -O3 -unroll -stack_temps -safe_cray_ptr -convert big_endian -assume byterecl  -traceback -xHost                                     -DIOAPI_NCF4=1 -DAUTO_ARRAYS=1 -DF90=1 -DFLDMN=1 -DFSTR_L=int -DIOAPI_NO_STDOUT=1 -DAVOID_FLUSH=1 -DBIT32=1 -I/home/alejandro/BLDLIB/ioapi-3.2/ioapi /home/alejandro/BLDLIB/ioapi-3.2/ioapi/find3.f
ifort: command line warning #10434: option '-stack_temps' use with underscore is deprecated; use '-stack-temps' instead
ifort: command line warning #10434: option '-safe_cray_ptr' use with underscore is deprecated; use '-safe-cray-ptr' instead
if [ ! -d /home/alejandro/BLDLIB/ioapi-3.2/Linux2_x86_64ifort ]; then mkdir -p /home/alejandro/BLDLIB/ioapi-3.2/Linux2_x86_64ifort; fi
cd /home/alejandro/BLDLIB/ioapi-3.2/Linux2_x86_64ifort; ifort -auto -warn notruncated_source -Bstatic -static-intel -c -DIOAPI_NCF4=1 -DAUTO_ARRAYS=1 -DF90=1 -DFLDMN=1 -DFSTR_L=int -DIOAPI_NO_STDOUT=1 -DAVOID_FLUSH=1 -DBIT32=1  -O3 -unroll -stack_temps -safe_cray_ptr -convert big_endian -assume byterecl  -traceback -xHost                                     -DIOAPI_NCF4=1 -DAUTO_ARRAYS=1 -DF90=1 -DFLDMN=1 -DFSTR_L=int -DIOAPI_NO_STDOUT=1 -DAVOID_FLUSH=1 -DBIT32=1 -I/home/alejandro/BLDLIB/ioapi-3.2/ioapi /home/alejandro/BLDLIB/ioapi-3.2/ioapi/find4.f
ifort: command line warning #10434: option '-stack_temps' use with underscore is deprecated; use '-stack-temps' instead
ifort: command line warning #10434: option '-safe_cray_ptr' use with underscore is deprecated; use '-safe-cray-ptr' instead
if [ ! -d /home/alejandro/BLDLIB/ioapi-3.2/Linux2_x86_64ifort ]; then mkdir -p /home/alejandro/BLDLIB/ioapi-3.2/Linux2_x86_64ifort; fi
cd /home/alejandro/BLDLIB/ioapi-3.2/Linux2_x86_64ifort; ifort -auto -warn notruncated_source -Bstatic -static-intel -c -DIOAPI_NCF4=1 -DAUTO_ARRAYS=1 -DF90=1 -DFLDMN=1 -DFSTR_L=int -DIOAPI_NO_STDOUT=1 -DAVOID_FLUSH=1 -DBIT32=1  -O3 -unroll -stack_temps -safe_cray_ptr -convert big_endian -assume byterecl  -traceback -xHost                                     -DIOAPI_NCF4=1 -DAUTO_ARRAYS=1 -DF90=1 -DFLDMN=1 -DFSTR_L=int -DIOAPI_NO_STDOUT=1 -DAVOID_FLUSH=1 -DBIT32=1 -I/home/alejandro/BLDLIB/ioapi-3.2/ioapi /home/alejandro/BLDLIB/ioapi-3.2/ioapi/findc.f
ifort: command line warning #10434: option '-stack_temps' use with underscore is deprecated; use '-stack-temps' instead
ifort: command line warning #10434: option '-safe_cray_ptr' use with underscore is deprecated; use '-safe-cray-ptr' instead
if [ ! -d /home/alejandro/BLDLIB/ioapi-3.2/Linux2_x86_64ifort ]; then mkdir -p /home/alejandro/BLDLIB/ioapi-3.2/Linux2_x86_64ifort; fi
cd /home/alejandro/BLDLIB/ioapi-3.2/Linux2_x86_64ifort; ifort -auto -warn notruncated_source -Bstatic -static-intel -c -DIOAPI_NCF4=1 -DAUTO_ARRAYS=1 -DF90=1 -DFLDMN=1 -DFSTR_L=int -DIOAPI_NO_STDOUT=1 -DAVOID_FLUSH=1 -DBIT32=1  -O3 -unroll -stack_temps -safe_cray_ptr -convert big_endian -assume byterecl  -traceback -xHost                                     -DIOAPI_NCF4=1 -DAUTO_ARRAYS=1 -DF90=1 -DFLDMN=1 -DFSTR_L=int -DIOAPI_NO_STDOUT=1 -DAVOID_FLUSH=1 -DBIT32=1 -I/home/alejandro/BLDLIB/ioapi-3.2/ioapi /home/alejandro/BLDLIB/ioapi-3.2/ioapi/findr1.f
ifort: command line warning #10434: option '-stack_temps' use with underscore is deprecated; use '-stack-temps' instead
ifort: command line warning #10434: option '-safe_cray_ptr' use with underscore is deprecated; use '-safe-cray-ptr' instead
if [ ! -d /home/alejandro/BLDLIB/ioapi-3.2/Linux2_x86_64ifort ]; then mkdir -p /home/alejandro/BLDLIB/ioapi-3.2/Linux2_x86_64ifort; fi
cd /home/alejandro/BLDLIB/ioapi-3.2/Linux2_x86_64ifort; ifort -auto -warn notruncated_source -Bstatic -static-intel -c -DIOAPI_NCF4=1 -DAUTO_ARRAYS=1 -DF90=1 -DFLDMN=1 -DFSTR_L=int -DIOAPI_NO_STDOUT=1 -DAVOID_FLUSH=1 -DBIT32=1  -O3 -unroll -stack_temps -safe_cray_ptr -convert big_endian -assume byterecl  -traceback -xHost                                     -DIOAPI_NCF4=1 -DAUTO_ARRAYS=1 -DF90=1 -DFLDMN=1 -DFSTR_L=int -DIOAPI_NO_STDOUT=1 -DAVOID_FLUSH=1 -DBIT32=1 -I/home/alejandro/BLDLIB/ioapi-3.2/ioapi /home/alejandro/BLDLIB/ioapi-3.2/ioapi/findr2.f
ifort: command line warning #10434: option '-stack_temps' use with underscore is deprecated; use '-stack-temps' instead
ifort: command line warning #10434: option '-safe_cray_ptr' use with underscore is deprecated; use '-safe-cray-ptr' instead
if [ ! -d /home/alejandro/BLDLIB/ioapi-3.2/Linux2_x86_64ifort ]; then mkdir -p /home/alejandro/BLDLIB/ioapi-3.2/Linux2_x86_64ifort; fi
cd /home/alejandro/BLDLIB/ioapi-3.2/Linux2_x86_64ifort; ifort -auto -warn notruncated_source -Bstatic -static-intel -c -DIOAPI_NCF4=1 -DAUTO_ARRAYS=1 -DF90=1 -DFLDMN=1 -DFSTR_L=int -DIOAPI_NO_STDOUT=1 -DAVOID_FLUSH=1 -DBIT32=1  -O3 -unroll -stack_temps -safe_cray_ptr -convert big_endian -assume byterecl  -traceback -xHost                                     -DIOAPI_NCF4=1 -DAUTO_ARRAYS=1 -DF90=1 -DFLDMN=1 -DFSTR_L=int -DIOAPI_NO_STDOUT=1 -DAVOID_FLUSH=1 -DBIT32=1 -I/home/alejandro/BLDLIB/ioapi-3.2/ioapi /home/alejandro/BLDLIB/ioapi-3.2/ioapi/findr3.f
ifort: command line warning #10434: option '-stack_temps' use with underscore is deprecated; use '-stack-temps' instead
ifort: command line warning #10434: option '-safe_cray_ptr' use with underscore is deprecated; use '-safe-cray-ptr' instead
if [ ! -d /home/alejandro/BLDLIB/ioapi-3.2/Linux2_x86_64ifort ]; then mkdir -p /home/alejandro/BLDLIB/ioapi-3.2/Linux2_x86_64ifort; fi
cd /home/alejandro/BLDLIB/ioapi-3.2/Linux2_x86_64ifort; ifort -auto -warn notruncated_source -Bstatic -static-intel -c -DIOAPI_NCF4=1 -DAUTO_ARRAYS=1 -DF90=1 -DFLDMN=1 -DFSTR_L=int -DIOAPI_NO_STDOUT=1 -DAVOID_FLUSH=1 -DBIT32=1  -O3 -unroll -stack_temps -safe_cray_ptr -convert big_endian -assume byterecl  -traceback -xHost                                     -DIOAPI_NCF4=1 -DAUTO_ARRAYS=1 -DF90=1 -DFLDMN=1 -DFSTR_L=int -DIOAPI_NO_STDOUT=1 -DAVOID_FLUSH=1 -DBIT32=1 -I/home/alejandro/BLDLIB/ioapi-3.2/ioapi /home/alejandro/BLDLIB/ioapi-3.2/ioapi/findr4.f
ifort: command line warning #10434: option '-stack_temps' use with underscore is deprecated; use '-stack-temps' instead
ifort: command line warning #10434: option '-safe_cray_ptr' use with underscore is deprecated; use '-safe-cray-ptr' instead
if [ ! -d /home/alejandro/BLDLIB/ioapi-3.2/Linux2_x86_64ifort ]; then mkdir -p /home/alejandro/BLDLIB/ioapi-3.2/Linux2_x86_64ifort; fi
cd /home/alejandro/BLDLIB/ioapi-3.2/Linux2_x86_64ifort; ifort -auto -warn notruncated_source -Bstatic -static-intel -c -DIOAPI_NCF4=1 -DAUTO_ARRAYS=1 -DF90=1 -DFLDMN=1 -DFSTR_L=int -DIOAPI_NO_STDOUT=1 -DAVOID_FLUSH=1 -DBIT32=1  -O3 -unroll -stack_temps -safe_cray_ptr -convert big_endian -assume byterecl  -traceback -xHost                                     -DIOAPI_NCF4=1 -DAUTO_ARRAYS=1 -DF90=1 -DFLDMN=1 -DFSTR_L=int -DIOAPI_NO_STDOUT=1 -DAVOID_FLUSH=1 -DBIT32=1 -I/home/alejandro/BLDLIB/ioapi-3.2/ioapi /home/alejandro/BLDLIB/ioapi-3.2/ioapi/flush3.f
ifort: command line warning #10434: option '-stack_temps' use with underscore is deprecated; use '-stack-temps' instead
ifort: command line warning #10434: option '-safe_cray_ptr' use with underscore is deprecated; use '-safe-cray-ptr' instead
if [ ! -d /home/alejandro/BLDLIB/ioapi-3.2/Linux2_x86_64ifort ]; then mkdir -p /home/alejandro/BLDLIB/ioapi-3.2/Linux2_x86_64ifort; fi
cd /home/alejandro/BLDLIB/ioapi-3.2/Linux2_x86_64ifort; ifort -auto -warn notruncated_source -Bstatic -static-intel -c -DIOAPI_NCF4=1 -DAUTO_ARRAYS=1 -DF90=1 -DFLDMN=1 -DFSTR_L=int -DIOAPI_NO_STDOUT=1 -DAVOID_FLUSH=1 -DBIT32=1  -O3 -unroll -stack_temps -safe_cray_ptr -convert big_endian -assume byterecl  -traceback -xHost                                     -DIOAPI_NCF4=1 -DAUTO_ARRAYS=1 -DF90=1 -DFLDMN=1 -DFSTR_L=int -DIOAPI_NO_STDOUT=1 -DAVOID_FLUSH=1 -DBIT32=1 -I/home/alejandro/BLDLIB/ioapi-3.2/ioapi /home/alejandro/BLDLIB/ioapi-3.2/ioapi/gcd.f
ifort: command line warning #10434: option '-stack_temps' use with underscore is deprecated; use '-stack-temps' instead
ifort: command line warning #10434: option '-safe_cray_ptr' use with underscore is deprecated; use '-safe-cray-ptr' instead
cd /home/alejandro/BLDLIB/ioapi-3.2/Linux2_x86_64ifort; ifort -auto -warn notruncated_source -Bstatic -static-intel -c -save -DIOAPI_NCF4=1 -DAUTO_ARRAYS=1 -DF90=1 -DFLDMN=1 -DFSTR_L=int -DIOAPI_NO_STDOUT=1 -DAVOID_FLUSH=1 -DBIT32=1  -O3 -unroll -stack_temps -safe_cray_ptr -convert big_endian -assume byterecl  -traceback -xHost                                     -DIOAPI_NCF4=1 -DAUTO_ARRAYS=1 -DF90=1 -DFLDMN=1 -DFSTR_L=int -DIOAPI_NO_STDOUT=1 -DAVOID_FLUSH=1 -DBIT32=1 -I/home/alejandro/BLDLIB/ioapi-3.2/ioapi /home/alejandro/BLDLIB/ioapi-3.2/ioapi/gctp.f
ifort: command line warning #10121: overriding '-auto' with '-save'
ifort: command line warning #10434: option '-stack_temps' use with underscore is deprecated; use '-stack-temps' instead
ifort: command line warning #10434: option '-safe_cray_ptr' use with underscore is deprecated; use '-safe-cray-ptr' instead
if [ ! -d /home/alejandro/BLDLIB/ioapi-3.2/Linux2_x86_64ifort ]; then mkdir -p /home/alejandro/BLDLIB/ioapi-3.2/Linux2_x86_64ifort; fi
cd /home/alejandro/BLDLIB/ioapi-3.2/Linux2_x86_64ifort; ifort -auto -warn notruncated_source -Bstatic -static-intel -c -DIOAPI_NCF4=1 -DAUTO_ARRAYS=1 -DF90=1 -DFLDMN=1 -DFSTR_L=int -DIOAPI_NO_STDOUT=1 -DAVOID_FLUSH=1 -DBIT32=1  -O3 -unroll -stack_temps -safe_cray_ptr -convert big_endian -assume byterecl  -traceback -xHost                                     -DIOAPI_NCF4=1 -DAUTO_ARRAYS=1 -DF90=1 -DFLDMN=1 -DFSTR_L=int -DIOAPI_NO_STDOUT=1 -DAVOID_FLUSH=1 -DBIT32=1 -I/home/alejandro/BLDLIB/ioapi-3.2/ioapi /home/alejandro/BLDLIB/ioapi-3.2/ioapi/getdble.f
ifort: command line warning #10434: option '-stack_temps' use with underscore is deprecated; use '-stack-temps' instead
ifort: command line warning #10434: option '-safe_cray_ptr' use with underscore is deprecated; use '-safe-cray-ptr' instead
if [ ! -d /home/alejandro/BLDLIB/ioapi-3.2/Linux2_x86_64ifort ]; then mkdir -p /home/alejandro/BLDLIB/ioapi-3.2/Linux2_x86_64ifort; fi
cd /home/alejandro/BLDLIB/ioapi-3.2/Linux2_x86_64ifort; ifort -auto -warn notruncated_source -Bstatic -static-intel -c -DIOAPI_NCF4=1 -DAUTO_ARRAYS=1 -DF90=1 -DFLDMN=1 -DFSTR_L=int -DIOAPI_NO_STDOUT=1 -DAVOID_FLUSH=1 -DBIT32=1  -O3 -unroll -stack_temps -safe_cray_ptr -convert big_endian -assume byterecl  -traceback -xHost                                     -DIOAPI_NCF4=1 -DAUTO_ARRAYS=1 -DF90=1 -DFLDMN=1 -DFSTR_L=int -DIOAPI_NO_STDOUT=1 -DAVOID_FLUSH=1 -DBIT32=1 -I/home/alejandro/BLDLIB/ioapi-3.2/ioapi /home/alejandro/BLDLIB/ioapi-3.2/ioapi/getmenu.f
ifort: command line warning #10434: option '-stack_temps' use with underscore is deprecated; use '-stack-temps' instead
ifort: command line warning #10434: option '-safe_cray_ptr' use with underscore is deprecated; use '-safe-cray-ptr' instead
if [ ! -d /home/alejandro/BLDLIB/ioapi-3.2/Linux2_x86_64ifort ]; then mkdir -p /home/alejandro/BLDLIB/ioapi-3.2/Linux2_x86_64ifort; fi
cd /home/alejandro/BLDLIB/ioapi-3.2/Linux2_x86_64ifort; ifort -auto -warn notruncated_source -Bstatic -static-intel -c -DIOAPI_NCF4=1 -DAUTO_ARRAYS=1 -DF90=1 -DFLDMN=1 -DFSTR_L=int -DIOAPI_NO_STDOUT=1 -DAVOID_FLUSH=1 -DBIT32=1  -O3 -unroll -stack_temps -safe_cray_ptr -convert big_endian -assume byterecl  -traceback -xHost                                     -DIOAPI_NCF4=1 -DAUTO_ARRAYS=1 -DF90=1 -DFLDMN=1 -DFSTR_L=int -DIOAPI_NO_STDOUT=1 -DAVOID_FLUSH=1 -DBIT32=1 -I/home/alejandro/BLDLIB/ioapi-3.2/ioapi /home/alejandro/BLDLIB/ioapi-3.2/ioapi/getnum.f
ifort: command line warning #10434: option '-stack_temps' use with underscore is deprecated; use '-stack-temps' instead
ifort: command line warning #10434: option '-safe_cray_ptr' use with underscore is deprecated; use '-safe-cray-ptr' instead
if [ ! -d /home/alejandro/BLDLIB/ioapi-3.2/Linux2_x86_64ifort ]; then mkdir -p /home/alejandro/BLDLIB/ioapi-3.2/Linux2_x86_64ifort; fi
cd /home/alejandro/BLDLIB/ioapi-3.2/Linux2_x86_64ifort; ifort -auto -warn notruncated_source -Bstatic -static-intel -c -DIOAPI_NCF4=1 -DAUTO_ARRAYS=1 -DF90=1 -DFLDMN=1 -DFSTR_L=int -DIOAPI_NO_STDOUT=1 -DAVOID_FLUSH=1 -DBIT32=1  -O3 -unroll -stack_temps -safe_cray_ptr -convert big_endian -assume byterecl  -traceback -xHost                                     -DIOAPI_NCF4=1 -DAUTO_ARRAYS=1 -DF90=1 -DFLDMN=1 -DFSTR_L=int -DIOAPI_NO_STDOUT=1 -DAVOID_FLUSH=1 -DBIT32=1 -I/home/alejandro/BLDLIB/ioapi-3.2/ioapi /home/alejandro/BLDLIB/ioapi-3.2/ioapi/getreal.f
ifort: command line warning #10434: option '-stack_temps' use with underscore is deprecated; use '-stack-temps' instead
ifort: command line warning #10434: option '-safe_cray_ptr' use with underscore is deprecated; use '-safe-cray-ptr' instead
if [ ! -d /home/alejandro/BLDLIB/ioapi-3.2/Linux2_x86_64ifort ]; then mkdir -p /home/alejandro/BLDLIB/ioapi-3.2/Linux2_x86_64ifort; fi
cd /home/alejandro/BLDLIB/ioapi-3.2/Linux2_x86_64ifort; ifort -auto -warn notruncated_source -Bstatic -static-intel -c -DIOAPI_NCF4=1 -DAUTO_ARRAYS=1 -DF90=1 -DFLDMN=1 -DFSTR_L=int -DIOAPI_NO_STDOUT=1 -DAVOID_FLUSH=1 -DBIT32=1  -O3 -unroll -stack_temps -safe_cray_ptr -convert big_endian -assume byterecl  -traceback -xHost                                     -DIOAPI_NCF4=1 -DAUTO_ARRAYS=1 -DF90=1 -DFLDMN=1 -DFSTR_L=int -DIOAPI_NO_STDOUT=1 -DAVOID_FLUSH=1 -DBIT32=1 -I/home/alejandro/BLDLIB/ioapi-3.2/ioapi /home/alejandro/BLDLIB/ioapi-3.2/ioapi/getstr.f
ifort: command line warning #10434: option '-stack_temps' use with underscore is deprecated; use '-stack-temps' instead
ifort: command line warning #10434: option '-safe_cray_ptr' use with underscore is deprecated; use '-safe-cray-ptr' instead
if [ ! -d /home/alejandro/BLDLIB/ioapi-3.2/Linux2_x86_64ifort ]; then mkdir -p /home/alejandro/BLDLIB/ioapi-3.2/Linux2_x86_64ifort; fi
cd /home/alejandro/BLDLIB/ioapi-3.2/Linux2_x86_64ifort; ifort -auto -warn notruncated_source -Bstatic -static-intel -c -DIOAPI_NCF4=1 -DAUTO_ARRAYS=1 -DF90=1 -DFLDMN=1 -DFSTR_L=int -DIOAPI_NO_STDOUT=1 -DAVOID_FLUSH=1 -DBIT32=1  -O3 -unroll -stack_temps -safe_cray_ptr -convert big_endian -assume byterecl  -traceback -xHost                                     -DIOAPI_NCF4=1 -DAUTO_ARRAYS=1 -DF90=1 -DFLDMN=1 -DFSTR_L=int -DIOAPI_NO_STDOUT=1 -DAVOID_FLUSH=1 -DBIT32=1 -I/home/alejandro/BLDLIB/ioapi-3.2/ioapi /home/alejandro/BLDLIB/ioapi-3.2/ioapi/getyn.f
ifort: command line warning #10434: option '-stack_temps' use with underscore is deprecated; use '-stack-temps' instead
ifort: command line warning #10434: option '-safe_cray_ptr' use with underscore is deprecated; use '-safe-cray-ptr' instead
if [ ! -d /home/alejandro/BLDLIB/ioapi-3.2/Linux2_x86_64ifort ]; then mkdir -p /home/alejandro/BLDLIB/ioapi-3.2/Linux2_x86_64ifort; fi
cd /home/alejandro/BLDLIB/ioapi-3.2/Linux2_x86_64ifort; ifort -auto -warn notruncated_source -Bstatic -static-intel -c -DIOAPI_NCF4=1 -DAUTO_ARRAYS=1 -DF90=1 -DFLDMN=1 -DFSTR_L=int -DIOAPI_NO_STDOUT=1 -DAVOID_FLUSH=1 -DBIT32=1  -O3 -unroll -stack_temps -safe_cray_ptr -convert big_endian -assume byterecl  -traceback -xHost                                     -DIOAPI_NCF4=1 -DAUTO_ARRAYS=1 -DF90=1 -DFLDMN=1 -DFSTR_L=int -DIOAPI_NO_STDOUT=1 -DAVOID_FLUSH=1 -DBIT32=1 -I/home/alejandro/BLDLIB/ioapi-3.2/ioapi /home/alejandro/BLDLIB/ioapi-3.2/ioapi/grdchk3.f
ifort: command line warning #10434: option '-stack_temps' use with underscore is deprecated; use '-stack-temps' instead
ifort: command line warning #10434: option '-safe_cray_ptr' use with underscore is deprecated; use '-safe-cray-ptr' instead
if [ ! -d /home/alejandro/BLDLIB/ioapi-3.2/Linux2_x86_64ifort ]; then mkdir -p /home/alejandro/BLDLIB/ioapi-3.2/Linux2_x86_64ifort; fi
cd /home/alejandro/BLDLIB/ioapi-3.2/Linux2_x86_64ifort; ifort -auto -warn notruncated_source -Bstatic -static-intel -c -DIOAPI_NCF4=1 -DAUTO_ARRAYS=1 -DF90=1 -DFLDMN=1 -DFSTR_L=int -DIOAPI_NO_STDOUT=1 -DAVOID_FLUSH=1 -DBIT32=1  -O3 -unroll -stack_temps -safe_cray_ptr -convert big_endian -assume byterecl  -traceback -xHost                                     -DIOAPI_NCF4=1 -DAUTO_ARRAYS=1 -DF90=1 -DFLDMN=1 -DFSTR_L=int -DIOAPI_NO_STDOUT=1 -DAVOID_FLUSH=1 -DBIT32=1 -I/home/alejandro/BLDLIB/ioapi-3.2/ioapi /home/alejandro/BLDLIB/ioapi-3.2/ioapi/gridops.f
ifort: command line warning #10434: option '-stack_temps' use with underscore is deprecated; use '-stack-temps' instead
ifort: command line warning #10434: option '-safe_cray_ptr' use with underscore is deprecated; use '-safe-cray-ptr' instead
if [ ! -d /home/alejandro/BLDLIB/ioapi-3.2/Linux2_x86_64ifort ]; then mkdir -p /home/alejandro/BLDLIB/ioapi-3.2/Linux2_x86_64ifort; fi
cd /home/alejandro/BLDLIB/ioapi-3.2/Linux2_x86_64ifort; ifort -auto -warn notruncated_source -Bstatic -static-intel -c -DIOAPI_NCF4=1 -DAUTO_ARRAYS=1 -DF90=1 -DFLDMN=1 -DFSTR_L=int -DIOAPI_NO_STDOUT=1 -DAVOID_FLUSH=1 -DBIT32=1  -O3 -unroll -stack_temps -safe_cray_ptr -convert big_endian -assume byterecl  -traceback -xHost                                     -DIOAPI_NCF4=1 -DAUTO_ARRAYS=1 -DF90=1 -DFLDMN=1 -DFSTR_L=int -DIOAPI_NO_STDOUT=1 -DAVOID_FLUSH=1 -DBIT32=1 -I/home/alejandro/BLDLIB/ioapi-3.2/ioapi /home/alejandro/BLDLIB/ioapi-3.2/ioapi/hhmmss.f
ifort: command line warning #10434: option '-stack_temps' use with underscore is deprecated; use '-stack-temps' instead
ifort: command line warning #10434: option '-safe_cray_ptr' use with underscore is deprecated; use '-safe-cray-ptr' instead
if [ ! -d /home/alejandro/BLDLIB/ioapi-3.2/Linux2_x86_64ifort ]; then mkdir -p /home/alejandro/BLDLIB/ioapi-3.2/Linux2_x86_64ifort; fi
cd /home/alejandro/BLDLIB/ioapi-3.2/Linux2_x86_64ifort; ifort -auto -warn notruncated_source -Bstatic -static-intel -c -DIOAPI_NCF4=1 -DAUTO_ARRAYS=1 -DF90=1 -DFLDMN=1 -DFSTR_L=int -DIOAPI_NO_STDOUT=1 -DAVOID_FLUSH=1 -DBIT32=1  -O3 -unroll -stack_temps -safe_cray_ptr -convert big_endian -assume byterecl  -traceback -xHost                                     -DIOAPI_NCF4=1 -DAUTO_ARRAYS=1 -DF90=1 -DFLDMN=1 -DFSTR_L=int -DIOAPI_NO_STDOUT=1 -DAVOID_FLUSH=1 -DBIT32=1 -I/home/alejandro/BLDLIB/ioapi-3.2/ioapi /home/alejandro/BLDLIB/ioapi-3.2/ioapi/index1.f
ifort: command line warning #10434: option '-stack_temps' use with underscore is deprecated; use '-stack-temps' instead
ifort: command line warning #10434: option '-safe_cray_ptr' use with underscore is deprecated; use '-safe-cray-ptr' instead
if [ ! -d /home/alejandro/BLDLIB/ioapi-3.2/Linux2_x86_64ifort ]; then mkdir -p /home/alejandro/BLDLIB/ioapi-3.2/Linux2_x86_64ifort; fi
cd /home/alejandro/BLDLIB/ioapi-3.2/Linux2_x86_64ifort; ifort -auto -warn notruncated_source -Bstatic -static-intel -c -DIOAPI_NCF4=1 -DAUTO_ARRAYS=1 -DF90=1 -DFLDMN=1 -DFSTR_L=int -DIOAPI_NO_STDOUT=1 -DAVOID_FLUSH=1 -DBIT32=1  -O3 -unroll -stack_temps -safe_cray_ptr -convert big_endian -assume byterecl  -traceback -xHost                                     -DIOAPI_NCF4=1 -DAUTO_ARRAYS=1 -DF90=1 -DFLDMN=1 -DFSTR_L=int -DIOAPI_NO_STDOUT=1 -DAVOID_FLUSH=1 -DBIT32=1 -I/home/alejandro/BLDLIB/ioapi-3.2/ioapi /home/alejandro/BLDLIB/ioapi-3.2/ioapi/initblk3.f
ifort: command line warning #10434: option '-stack_temps' use with underscore is deprecated; use '-stack-temps' instead
ifort: command line warning #10434: option '-safe_cray_ptr' use with underscore is deprecated; use '-safe-cray-ptr' instead
if [ ! -d /home/alejandro/BLDLIB/ioapi-3.2/Linux2_x86_64ifort ]; then mkdir -p /home/alejandro/BLDLIB/ioapi-3.2/Linux2_x86_64ifort; fi
cd /home/alejandro/BLDLIB/ioapi-3.2/Linux2_x86_64ifort; ifort -auto -warn notruncated_source -Bstatic -static-intel -c -DIOAPI_NCF4=1 -DAUTO_ARRAYS=1 -DF90=1 -DFLDMN=1 -DFSTR_L=int -DIOAPI_NO_STDOUT=1 -DAVOID_FLUSH=1 -DBIT32=1  -O3 -unroll -stack_temps -safe_cray_ptr -convert big_endian -assume byterecl  -traceback -xHost                                     -DIOAPI_NCF4=1 -DAUTO_ARRAYS=1 -DF90=1 -DFLDMN=1 -DFSTR_L=int -DIOAPI_NO_STDOUT=1 -DAVOID_FLUSH=1 -DBIT32=1 -I/home/alejandro/BLDLIB/ioapi-3.2/ioapi /home/alejandro/BLDLIB/ioapi-3.2/ioapi/intg2real.f
ifort: command line warning #10434: option '-stack_temps' use with underscore is deprecated; use '-stack-temps' instead
ifort: command line warning #10434: option '-safe_cray_ptr' use with underscore is deprecated; use '-safe-cray-ptr' instead
if [ ! -d /home/alejandro/BLDLIB/ioapi-3.2/Linux2_x86_64ifort ]; then mkdir -p /home/alejandro/BLDLIB/ioapi-3.2/Linux2_x86_64ifort; fi
cd /home/alejandro/BLDLIB/ioapi-3.2/Linux2_x86_64ifort; ifort -auto -warn notruncated_source -Bstatic -static-intel -c -DIOAPI_NCF4=1 -DAUTO_ARRAYS=1 -DF90=1 -DFLDMN=1 -DFSTR_L=int -DIOAPI_NO_STDOUT=1 -DAVOID_FLUSH=1 -DBIT32=1  -O3 -unroll -stack_temps -safe_cray_ptr -convert big_endian -assume byterecl  -traceback -xHost                                     -DIOAPI_NCF4=1 -DAUTO_ARRAYS=1 -DF90=1 -DFLDMN=1 -DFSTR_L=int -DIOAPI_NO_STDOUT=1 -DAVOID_FLUSH=1 -DBIT32=1 -I/home/alejandro/BLDLIB/ioapi-3.2/ioapi /home/alejandro/BLDLIB/ioapi-3.2/ioapi/intlist.f
ifort: command line warning #10434: option '-stack_temps' use with underscore is deprecated; use '-stack-temps' instead
ifort: command line warning #10434: option '-safe_cray_ptr' use with underscore is deprecated; use '-safe-cray-ptr' instead
if [ ! -d /home/alejandro/BLDLIB/ioapi-3.2/Linux2_x86_64ifort ]; then mkdir -p /home/alejandro/BLDLIB/ioapi-3.2/Linux2_x86_64ifort; fi
cd /home/alejandro/BLDLIB/ioapi-3.2/Linux2_x86_64ifort; ifort -auto -warn notruncated_source -Bstatic -static-intel -c -DIOAPI_NCF4=1 -DAUTO_ARRAYS=1 -DF90=1 -DFLDMN=1 -DFSTR_L=int -DIOAPI_NO_STDOUT=1 -DAVOID_FLUSH=1 -DBIT32=1  -O3 -unroll -stack_temps -safe_cray_ptr -convert big_endian -assume byterecl  -traceback -xHost                                     -DIOAPI_NCF4=1 -DAUTO_ARRAYS=1 -DF90=1 -DFLDMN=1 -DFSTR_L=int -DIOAPI_NO_STDOUT=1 -DAVOID_FLUSH=1 -DBIT32=1 -I/home/alejandro/BLDLIB/ioapi-3.2/ioapi /home/alejandro/BLDLIB/ioapi-3.2/ioapi/ioparms3.f
ifort: command line warning #10434: option '-stack_temps' use with underscore is deprecated; use '-stack-temps' instead
ifort: command line warning #10434: option '-safe_cray_ptr' use with underscore is deprecated; use '-safe-cray-ptr' instead
if [ ! -d /home/alejandro/BLDLIB/ioapi-3.2/Linux2_x86_64ifort ]; then mkdir -p /home/alejandro/BLDLIB/ioapi-3.2/Linux2_x86_64ifort; fi
cd /home/alejandro/BLDLIB/ioapi-3.2/Linux2_x86_64ifort; ifort -auto -warn notruncated_source -Bstatic -static-intel -c -DIOAPI_NCF4=1 -DAUTO_ARRAYS=1 -DF90=1 -DFLDMN=1 -DFSTR_L=int -DIOAPI_NO_STDOUT=1 -DAVOID_FLUSH=1 -DBIT32=1  -O3 -unroll -stack_temps -safe_cray_ptr -convert big_endian -assume byterecl  -traceback -xHost                                     -DIOAPI_NCF4=1 -DAUTO_ARRAYS=1 -DF90=1 -DFLDMN=1 -DFSTR_L=int -DIOAPI_NO_STDOUT=1 -DAVOID_FLUSH=1 -DBIT32=1 -I/home/alejandro/BLDLIB/ioapi-3.2/ioapi /home/alejandro/BLDLIB/ioapi-3.2/ioapi/lambert.f
ifort: command line warning #10434: option '-stack_temps' use with underscore is deprecated; use '-stack-temps' instead
ifort: command line warning #10434: option '-safe_cray_ptr' use with underscore is deprecated; use '-safe-cray-ptr' instead
if [ ! -d /home/alejandro/BLDLIB/ioapi-3.2/Linux2_x86_64ifort ]; then mkdir -p /home/alejandro/BLDLIB/ioapi-3.2/Linux2_x86_64ifort; fi
cd /home/alejandro/BLDLIB/ioapi-3.2/Linux2_x86_64ifort; ifort -auto -warn notruncated_source -Bstatic -static-intel -c -DIOAPI_NCF4=1 -DAUTO_ARRAYS=1 -DF90=1 -DFLDMN=1 -DFSTR_L=int -DIOAPI_NO_STDOUT=1 -DAVOID_FLUSH=1 -DBIT32=1  -O3 -unroll -stack_temps -safe_cray_ptr -convert big_endian -assume byterecl  -traceback -xHost                                     -DIOAPI_NCF4=1 -DAUTO_ARRAYS=1 -DF90=1 -DFLDMN=1 -DFSTR_L=int -DIOAPI_NO_STDOUT=1 -DAVOID_FLUSH=1 -DBIT32=1 -I/home/alejandro/BLDLIB/ioapi-3.2/ioapi /home/alejandro/BLDLIB/ioapi-3.2/ioapi/lblank.f
ifort: command line warning #10434: option '-stack_temps' use with underscore is deprecated; use '-stack-temps' instead
ifort: command line warning #10434: option '-safe_cray_ptr' use with underscore is deprecated; use '-safe-cray-ptr' instead
if [ ! -d /home/alejandro/BLDLIB/ioapi-3.2/Linux2_x86_64ifort ]; then mkdir -p /home/alejandro/BLDLIB/ioapi-3.2/Linux2_x86_64ifort; fi
cd /home/alejandro/BLDLIB/ioapi-3.2/Linux2_x86_64ifort; ifort -auto -warn notruncated_source -Bstatic -static-intel -c -DIOAPI_NCF4=1 -DAUTO_ARRAYS=1 -DF90=1 -DFLDMN=1 -DFSTR_L=int -DIOAPI_NO_STDOUT=1 -DAVOID_FLUSH=1 -DBIT32=1  -O3 -unroll -stack_temps -safe_cray_ptr -convert big_endian -assume byterecl  -traceback -xHost                                     -DIOAPI_NCF4=1 -DAUTO_ARRAYS=1 -DF90=1 -DFLDMN=1 -DFSTR_L=int -DIOAPI_NO_STDOUT=1 -DAVOID_FLUSH=1 -DBIT32=1 -I/home/alejandro/BLDLIB/ioapi-3.2/ioapi /home/alejandro/BLDLIB/ioapi-3.2/ioapi/len2.f
ifort: command line warning #10434: option '-stack_temps' use with underscore is deprecated; use '-stack-temps' instead
ifort: command line warning #10434: option '-safe_cray_ptr' use with underscore is deprecated; use '-safe-cray-ptr' instead
if [ ! -d /home/alejandro/BLDLIB/ioapi-3.2/Linux2_x86_64ifort ]; then mkdir -p /home/alejandro/BLDLIB/ioapi-3.2/Linux2_x86_64ifort; fi
cd /home/alejandro/BLDLIB/ioapi-3.2/Linux2_x86_64ifort; ifort -auto -warn notruncated_source -Bstatic -static-intel -c -DIOAPI_NCF4=1 -DAUTO_ARRAYS=1 -DF90=1 -DFLDMN=1 -DFSTR_L=int -DIOAPI_NO_STDOUT=1 -DAVOID_FLUSH=1 -DBIT32=1  -O3 -unroll -stack_temps -safe_cray_ptr -convert big_endian -assume byterecl  -traceback -xHost                                     -DIOAPI_NCF4=1 -DAUTO_ARRAYS=1 -DF90=1 -DFLDMN=1 -DFSTR_L=int -DIOAPI_NO_STDOUT=1 -DAVOID_FLUSH=1 -DBIT32=1 -I/home/alejandro/BLDLIB/ioapi-3.2/ioapi /home/alejandro/BLDLIB/ioapi-3.2/ioapi/ll2utm.f
ifort: command line warning #10434: option '-stack_temps' use with underscore is deprecated; use '-stack-temps' instead
ifort: command line warning #10434: option '-safe_cray_ptr' use with underscore is deprecated; use '-safe-cray-ptr' instead
if [ ! -d /home/alejandro/BLDLIB/ioapi-3.2/Linux2_x86_64ifort ]; then mkdir -p /home/alejandro/BLDLIB/ioapi-3.2/Linux2_x86_64ifort; fi
cd /home/alejandro/BLDLIB/ioapi-3.2/Linux2_x86_64ifort; ifort -auto -warn notruncated_source -Bstatic -static-intel -c -DIOAPI_NCF4=1 -DAUTO_ARRAYS=1 -DF90=1 -DFLDMN=1 -DFSTR_L=int -DIOAPI_NO_STDOUT=1 -DAVOID_FLUSH=1 -DBIT32=1  -O3 -unroll -stack_temps -safe_cray_ptr -convert big_endian -assume byterecl  -traceback -xHost                                     -DIOAPI_NCF4=1 -DAUTO_ARRAYS=1 -DF90=1 -DFLDMN=1 -DFSTR_L=int -DIOAPI_NO_STDOUT=1 -DAVOID_FLUSH=1 -DBIT32=1 -I/home/alejandro/BLDLIB/ioapi-3.2/ioapi /home/alejandro/BLDLIB/ioapi-3.2/ioapi/locat1.f
ifort: command line warning #10434: option '-stack_temps' use with underscore is deprecated; use '-stack-temps' instead
ifort: command line warning #10434: option '-safe_cray_ptr' use with underscore is deprecated; use '-safe-cray-ptr' instead
if [ ! -d /home/alejandro/BLDLIB/ioapi-3.2/Linux2_x86_64ifort ]; then mkdir -p /home/alejandro/BLDLIB/ioapi-3.2/Linux2_x86_64ifort; fi
cd /home/alejandro/BLDLIB/ioapi-3.2/Linux2_x86_64ifort; ifort -auto -warn notruncated_source -Bstatic -static-intel -c -DIOAPI_NCF4=1 -DAUTO_ARRAYS=1 -DF90=1 -DFLDMN=1 -DFSTR_L=int -DIOAPI_NO_STDOUT=1 -DAVOID_FLUSH=1 -DBIT32=1  -O3 -unroll -stack_temps -safe_cray_ptr -convert big_endian -assume byterecl  -traceback -xHost                                     -DIOAPI_NCF4=1 -DAUTO_ARRAYS=1 -DF90=1 -DFLDMN=1 -DFSTR_L=int -DIOAPI_NO_STDOUT=1 -DAVOID_FLUSH=1 -DBIT32=1 -I/home/alejandro/BLDLIB/ioapi-3.2/ioapi /home/alejandro/BLDLIB/ioapi-3.2/ioapi/locat2.f
ifort: command line warning #10434: option '-stack_temps' use with underscore is deprecated; use '-stack-temps' instead
ifort: command line warning #10434: option '-safe_cray_ptr' use with underscore is deprecated; use '-safe-cray-ptr' instead
if [ ! -d /home/alejandro/BLDLIB/ioapi-3.2/Linux2_x86_64ifort ]; then mkdir -p /home/alejandro/BLDLIB/ioapi-3.2/Linux2_x86_64ifort; fi
cd /home/alejandro/BLDLIB/ioapi-3.2/Linux2_x86_64ifort; ifort -auto -warn notruncated_source -Bstatic -static-intel -c -DIOAPI_NCF4=1 -DAUTO_ARRAYS=1 -DF90=1 -DFLDMN=1 -DFSTR_L=int -DIOAPI_NO_STDOUT=1 -DAVOID_FLUSH=1 -DBIT32=1  -O3 -unroll -stack_temps -safe_cray_ptr -convert big_endian -assume byterecl  -traceback -xHost                                     -DIOAPI_NCF4=1 -DAUTO_ARRAYS=1 -DF90=1 -DFLDMN=1 -DFSTR_L=int -DIOAPI_NO_STDOUT=1 -DAVOID_FLUSH=1 -DBIT32=1 -I/home/alejandro/BLDLIB/ioapi-3.2/ioapi /home/alejandro/BLDLIB/ioapi-3.2/ioapi/locat3.f
ifort: command line warning #10434: option '-stack_temps' use with underscore is deprecated; use '-stack-temps' instead
ifort: command line warning #10434: option '-safe_cray_ptr' use with underscore is deprecated; use '-safe-cray-ptr' instead
if [ ! -d /home/alejandro/BLDLIB/ioapi-3.2/Linux2_x86_64ifort ]; then mkdir -p /home/alejandro/BLDLIB/ioapi-3.2/Linux2_x86_64ifort; fi
cd /home/alejandro/BLDLIB/ioapi-3.2/Linux2_x86_64ifort; ifort -auto -warn notruncated_source -Bstatic -static-intel -c -DIOAPI_NCF4=1 -DAUTO_ARRAYS=1 -DF90=1 -DFLDMN=1 -DFSTR_L=int -DIOAPI_NO_STDOUT=1 -DAVOID_FLUSH=1 -DBIT32=1  -O3 -unroll -stack_temps -safe_cray_ptr -convert big_endian -assume byterecl  -traceback -xHost                                     -DIOAPI_NCF4=1 -DAUTO_ARRAYS=1 -DF90=1 -DFLDMN=1 -DFSTR_L=int -DIOAPI_NO_STDOUT=1 -DAVOID_FLUSH=1 -DBIT32=1 -I/home/alejandro/BLDLIB/ioapi-3.2/ioapi /home/alejandro/BLDLIB/ioapi-3.2/ioapi/locat4.f
ifort: command line warning #10434: option '-stack_temps' use with underscore is deprecated; use '-stack-temps' instead
ifort: command line warning #10434: option '-safe_cray_ptr' use with underscore is deprecated; use '-safe-cray-ptr' instead
if [ ! -d /home/alejandro/BLDLIB/ioapi-3.2/Linux2_x86_64ifort ]; then mkdir -p /home/alejandro/BLDLIB/ioapi-3.2/Linux2_x86_64ifort; fi
cd /home/alejandro/BLDLIB/ioapi-3.2/Linux2_x86_64ifort; ifort -auto -warn notruncated_source -Bstatic -static-intel -c -DIOAPI_NCF4=1 -DAUTO_ARRAYS=1 -DF90=1 -DFLDMN=1 -DFSTR_L=int -DIOAPI_NO_STDOUT=1 -DAVOID_FLUSH=1 -DBIT32=1  -O3 -unroll -stack_temps -safe_cray_ptr -convert big_endian -assume byterecl  -traceback -xHost                                     -DIOAPI_NCF4=1 -DAUTO_ARRAYS=1 -DF90=1 -DFLDMN=1 -DFSTR_L=int -DIOAPI_NO_STDOUT=1 -DAVOID_FLUSH=1 -DBIT32=1 -I/home/alejandro/BLDLIB/ioapi-3.2/ioapi /home/alejandro/BLDLIB/ioapi-3.2/ioapi/locatc.f
ifort: command line warning #10434: option '-stack_temps' use with underscore is deprecated; use '-stack-temps' instead
ifort: command line warning #10434: option '-safe_cray_ptr' use with underscore is deprecated; use '-safe-cray-ptr' instead
if [ ! -d /home/alejandro/BLDLIB/ioapi-3.2/Linux2_x86_64ifort ]; then mkdir -p /home/alejandro/BLDLIB/ioapi-3.2/Linux2_x86_64ifort; fi
cd /home/alejandro/BLDLIB/ioapi-3.2/Linux2_x86_64ifort; ifort -auto -warn notruncated_source -Bstatic -static-intel -c -DIOAPI_NCF4=1 -DAUTO_ARRAYS=1 -DF90=1 -DFLDMN=1 -DFSTR_L=int -DIOAPI_NO_STDOUT=1 -DAVOID_FLUSH=1 -DBIT32=1  -O3 -unroll -stack_temps -safe_cray_ptr -convert big_endian -assume byterecl  -traceback -xHost                                     -DIOAPI_NCF4=1 -DAUTO_ARRAYS=1 -DF90=1 -DFLDMN=1 -DFSTR_L=int -DIOAPI_NO_STDOUT=1 -DAVOID_FLUSH=1 -DBIT32=1 -I/home/alejandro/BLDLIB/ioapi-3.2/ioapi /home/alejandro/BLDLIB/ioapi-3.2/ioapi/locatr1.f
ifort: command line warning #10434: option '-stack_temps' use with underscore is deprecated; use '-stack-temps' instead
ifort: command line warning #10434: option '-safe_cray_ptr' use with underscore is deprecated; use '-safe-cray-ptr' instead
if [ ! -d /home/alejandro/BLDLIB/ioapi-3.2/Linux2_x86_64ifort ]; then mkdir -p /home/alejandro/BLDLIB/ioapi-3.2/Linux2_x86_64ifort; fi
cd /home/alejandro/BLDLIB/ioapi-3.2/Linux2_x86_64ifort; ifort -auto -warn notruncated_source -Bstatic -static-intel -c -DIOAPI_NCF4=1 -DAUTO_ARRAYS=1 -DF90=1 -DFLDMN=1 -DFSTR_L=int -DIOAPI_NO_STDOUT=1 -DAVOID_FLUSH=1 -DBIT32=1  -O3 -unroll -stack_temps -safe_cray_ptr -convert big_endian -assume byterecl  -traceback -xHost                                     -DIOAPI_NCF4=1 -DAUTO_ARRAYS=1 -DF90=1 -DFLDMN=1 -DFSTR_L=int -DIOAPI_NO_STDOUT=1 -DAVOID_FLUSH=1 -DBIT32=1 -I/home/alejandro/BLDLIB/ioapi-3.2/ioapi /home/alejandro/BLDLIB/ioapi-3.2/ioapi/locatr2.f
ifort: command line warning #10434: option '-stack_temps' use with underscore is deprecated; use '-stack-temps' instead
ifort: command line warning #10434: option '-safe_cray_ptr' use with underscore is deprecated; use '-safe-cray-ptr' instead
if [ ! -d /home/alejandro/BLDLIB/ioapi-3.2/Linux2_x86_64ifort ]; then mkdir -p /home/alejandro/BLDLIB/ioapi-3.2/Linux2_x86_64ifort; fi
cd /home/alejandro/BLDLIB/ioapi-3.2/Linux2_x86_64ifort; ifort -auto -warn notruncated_source -Bstatic -static-intel -c -DIOAPI_NCF4=1 -DAUTO_ARRAYS=1 -DF90=1 -DFLDMN=1 -DFSTR_L=int -DIOAPI_NO_STDOUT=1 -DAVOID_FLUSH=1 -DBIT32=1  -O3 -unroll -stack_temps -safe_cray_ptr -convert big_endian -assume byterecl  -traceback -xHost                                     -DIOAPI_NCF4=1 -DAUTO_ARRAYS=1 -DF90=1 -DFLDMN=1 -DFSTR_L=int -DIOAPI_NO_STDOUT=1 -DAVOID_FLUSH=1 -DBIT32=1 -I/home/alejandro/BLDLIB/ioapi-3.2/ioapi /home/alejandro/BLDLIB/ioapi-3.2/ioapi/locatr3.f
ifort: command line warning #10434: option '-stack_temps' use with underscore is deprecated; use '-stack-temps' instead
ifort: command line warning #10434: option '-safe_cray_ptr' use with underscore is deprecated; use '-safe-cray-ptr' instead
if [ ! -d /home/alejandro/BLDLIB/ioapi-3.2/Linux2_x86_64ifort ]; then mkdir -p /home/alejandro/BLDLIB/ioapi-3.2/Linux2_x86_64ifort; fi
cd /home/alejandro/BLDLIB/ioapi-3.2/Linux2_x86_64ifort; ifort -auto -warn notruncated_source -Bstatic -static-intel -c -DIOAPI_NCF4=1 -DAUTO_ARRAYS=1 -DF90=1 -DFLDMN=1 -DFSTR_L=int -DIOAPI_NO_STDOUT=1 -DAVOID_FLUSH=1 -DBIT32=1  -O3 -unroll -stack_temps -safe_cray_ptr -convert big_endian -assume byterecl  -traceback -xHost                                     -DIOAPI_NCF4=1 -DAUTO_ARRAYS=1 -DF90=1 -DFLDMN=1 -DFSTR_L=int -DIOAPI_NO_STDOUT=1 -DAVOID_FLUSH=1 -DBIT32=1 -I/home/alejandro/BLDLIB/ioapi-3.2/ioapi /home/alejandro/BLDLIB/ioapi-3.2/ioapi/locatr4.f
ifort: command line warning #10434: option '-stack_temps' use with underscore is deprecated; use '-stack-temps' instead
ifort: command line warning #10434: option '-safe_cray_ptr' use with underscore is deprecated; use '-safe-cray-ptr' instead
if [ ! -d /home/alejandro/BLDLIB/ioapi-3.2/Linux2_x86_64ifort ]; then mkdir -p /home/alejandro/BLDLIB/ioapi-3.2/Linux2_x86_64ifort; fi
cd /home/alejandro/BLDLIB/ioapi-3.2/Linux2_x86_64ifort; ifort -auto -warn notruncated_source -Bstatic -static-intel -c -DIOAPI_NCF4=1 -DAUTO_ARRAYS=1 -DF90=1 -DFLDMN=1 -DFSTR_L=int -DIOAPI_NO_STDOUT=1 -DAVOID_FLUSH=1 -DBIT32=1  -O3 -unroll -stack_temps -safe_cray_ptr -convert big_endian -assume byterecl  -traceback -xHost                                     -DIOAPI_NCF4=1 -DAUTO_ARRAYS=1 -DF90=1 -DFLDMN=1 -DFSTR_L=int -DIOAPI_NO_STDOUT=1 -DAVOID_FLUSH=1 -DBIT32=1 -I/home/alejandro/BLDLIB/ioapi-3.2/ioapi /home/alejandro/BLDLIB/ioapi-3.2/ioapi/lustr.f
ifort: command line warning #10434: option '-stack_temps' use with underscore is deprecated; use '-stack-temps' instead
ifort: command line warning #10434: option '-safe_cray_ptr' use with underscore is deprecated; use '-safe-cray-ptr' instead
if [ ! -d /home/alejandro/BLDLIB/ioapi-3.2/Linux2_x86_64ifort ]; then mkdir -p /home/alejandro/BLDLIB/ioapi-3.2/Linux2_x86_64ifort; fi
cd /home/alejandro/BLDLIB/ioapi-3.2/Linux2_x86_64ifort; ifort -auto -warn notruncated_source -Bstatic -static-intel -c -DIOAPI_NCF4=1 -DAUTO_ARRAYS=1 -DF90=1 -DFLDMN=1 -DFSTR_L=int -DIOAPI_NO_STDOUT=1 -DAVOID_FLUSH=1 -DBIT32=1  -O3 -unroll -stack_temps -safe_cray_ptr -convert big_endian -assume byterecl  -traceback -xHost                                     -DIOAPI_NCF4=1 -DAUTO_ARRAYS=1 -DF90=1 -DFLDMN=1 -DFSTR_L=int -DIOAPI_NO_STDOUT=1 -DAVOID_FLUSH=1 -DBIT32=1 -I/home/alejandro/BLDLIB/ioapi-3.2/ioapi /home/alejandro/BLDLIB/ioapi-3.2/ioapi/m3warn.f
ifort: command line warning #10434: option '-stack_temps' use with underscore is deprecated; use '-stack-temps' instead
ifort: command line warning #10434: option '-safe_cray_ptr' use with underscore is deprecated; use '-safe-cray-ptr' instead
if [ ! -d /home/alejandro/BLDLIB/ioapi-3.2/Linux2_x86_64ifort ]; then mkdir -p /home/alejandro/BLDLIB/ioapi-3.2/Linux2_x86_64ifort; fi
cd /home/alejandro/BLDLIB/ioapi-3.2/Linux2_x86_64ifort; ifort -auto -warn notruncated_source -Bstatic -static-intel -c -DIOAPI_NCF4=1 -DAUTO_ARRAYS=1 -DF90=1 -DFLDMN=1 -DFSTR_L=int -DIOAPI_NO_STDOUT=1 -DAVOID_FLUSH=1 -DBIT32=1  -O3 -unroll -stack_temps -safe_cray_ptr -convert big_endian -assume byterecl  -traceback -xHost                                     -DIOAPI_NCF4=1 -DAUTO_ARRAYS=1 -DF90=1 -DFLDMN=1 -DFSTR_L=int -DIOAPI_NO_STDOUT=1 -DAVOID_FLUSH=1 -DBIT32=1 -I/home/alejandro/BLDLIB/ioapi-3.2/ioapi /home/alejandro/BLDLIB/ioapi-3.2/ioapi/name2fid.f
ifort: command line warning #10434: option '-stack_temps' use with underscore is deprecated; use '-stack-temps' instead
ifort: command line warning #10434: option '-safe_cray_ptr' use with underscore is deprecated; use '-safe-cray-ptr' instead
if [ ! -d /home/alejandro/BLDLIB/ioapi-3.2/Linux2_x86_64ifort ]; then mkdir -p /home/alejandro/BLDLIB/ioapi-3.2/Linux2_x86_64ifort; fi
cd /home/alejandro/BLDLIB/ioapi-3.2/Linux2_x86_64ifort; ifort -auto -warn notruncated_source -Bstatic -static-intel -c -DIOAPI_NCF4=1 -DAUTO_ARRAYS=1 -DF90=1 -DFLDMN=1 -DFSTR_L=int -DIOAPI_NO_STDOUT=1 -DAVOID_FLUSH=1 -DBIT32=1  -O3 -unroll -stack_temps -safe_cray_ptr -convert big_endian -assume byterecl  -traceback -xHost                                     -DIOAPI_NCF4=1 -DAUTO_ARRAYS=1 -DF90=1 -DFLDMN=1 -DFSTR_L=int -DIOAPI_NO_STDOUT=1 -DAVOID_FLUSH=1 -DBIT32=1 -I/home/alejandro/BLDLIB/ioapi-3.2/ioapi /home/alejandro/BLDLIB/ioapi-3.2/ioapi/pcoef.f
ifort: command line warning #10434: option '-stack_temps' use with underscore is deprecated; use '-stack-temps' instead
ifort: command line warning #10434: option '-safe_cray_ptr' use with underscore is deprecated; use '-safe-cray-ptr' instead
if [ ! -d /home/alejandro/BLDLIB/ioapi-3.2/Linux2_x86_64ifort ]; then mkdir -p /home/alejandro/BLDLIB/ioapi-3.2/Linux2_x86_64ifort; fi
cd /home/alejandro/BLDLIB/ioapi-3.2/Linux2_x86_64ifort; ifort -auto -warn notruncated_source -Bstatic -static-intel -c -DIOAPI_NCF4=1 -DAUTO_ARRAYS=1 -DF90=1 -DFLDMN=1 -DFSTR_L=int -DIOAPI_NO_STDOUT=1 -DAVOID_FLUSH=1 -DBIT32=1  -O3 -unroll -stack_temps -safe_cray_ptr -convert big_endian -assume byterecl  -traceback -xHost                                     -DIOAPI_NCF4=1 -DAUTO_ARRAYS=1 -DF90=1 -DFLDMN=1 -DFSTR_L=int -DIOAPI_NO_STDOUT=1 -DAVOID_FLUSH=1 -DBIT32=1 -I/home/alejandro/BLDLIB/ioapi-3.2/ioapi /home/alejandro/BLDLIB/ioapi-3.2/ioapi/pgrdsum.f
ifort: command line warning #10434: option '-stack_temps' use with underscore is deprecated; use '-stack-temps' instead
ifort: command line warning #10434: option '-safe_cray_ptr' use with underscore is deprecated; use '-safe-cray-ptr' instead
if [ ! -d /home/alejandro/BLDLIB/ioapi-3.2/Linux2_x86_64ifort ]; then mkdir -p /home/alejandro/BLDLIB/ioapi-3.2/Linux2_x86_64ifort; fi
cd /home/alejandro/BLDLIB/ioapi-3.2/Linux2_x86_64ifort; ifort -auto -warn notruncated_source -Bstatic -static-intel -c -DIOAPI_NCF4=1 -DAUTO_ARRAYS=1 -DF90=1 -DFLDMN=1 -DFSTR_L=int -DIOAPI_NO_STDOUT=1 -DAVOID_FLUSH=1 -DBIT32=1  -O3 -unroll -stack_temps -safe_cray_ptr -convert big_endian -assume byterecl  -traceback -xHost                                     -DIOAPI_NCF4=1 -DAUTO_ARRAYS=1 -DF90=1 -DFLDMN=1 -DFSTR_L=int -DIOAPI_NO_STDOUT=1 -DAVOID_FLUSH=1 -DBIT32=1 -I/home/alejandro/BLDLIB/ioapi-3.2/ioapi /home/alejandro/BLDLIB/ioapi-3.2/ioapi/pmatvec.f
ifort: command line warning #10434: option '-stack_temps' use with underscore is deprecated; use '-stack-temps' instead
ifort: command line warning #10434: option '-safe_cray_ptr' use with underscore is deprecated; use '-safe-cray-ptr' instead
if [ ! -d /home/alejandro/BLDLIB/ioapi-3.2/Linux2_x86_64ifort ]; then mkdir -p /home/alejandro/BLDLIB/ioapi-3.2/Linux2_x86_64ifort; fi
cd /home/alejandro/BLDLIB/ioapi-3.2/Linux2_x86_64ifort; ifort -auto -warn notruncated_source -Bstatic -static-intel -c -DIOAPI_NCF4=1 -DAUTO_ARRAYS=1 -DF90=1 -DFLDMN=1 -DFSTR_L=int -DIOAPI_NO_STDOUT=1 -DAVOID_FLUSH=1 -DBIT32=1  -O3 -unroll -stack_temps -safe_cray_ptr -convert big_endian -assume byterecl  -traceback -xHost                                     -DIOAPI_NCF4=1 -DAUTO_ARRAYS=1 -DF90=1 -DFLDMN=1 -DFSTR_L=int -DIOAPI_NO_STDOUT=1 -DAVOID_FLUSH=1 -DBIT32=1 -I/home/alejandro/BLDLIB/ioapi-3.2/ioapi /home/alejandro/BLDLIB/ioapi-3.2/ioapi/poly.f
ifort: command line warning #10434: option '-stack_temps' use with underscore is deprecated; use '-stack-temps' instead
ifort: command line warning #10434: option '-safe_cray_ptr' use with underscore is deprecated; use '-safe-cray-ptr' instead
if [ ! -d /home/alejandro/BLDLIB/ioapi-3.2/Linux2_x86_64ifort ]; then mkdir -p /home/alejandro/BLDLIB/ioapi-3.2/Linux2_x86_64ifort; fi
cd /home/alejandro/BLDLIB/ioapi-3.2/Linux2_x86_64ifort; ifort -auto -warn notruncated_source -Bstatic -static-intel -c -DIOAPI_NCF4=1 -DAUTO_ARRAYS=1 -DF90=1 -DFLDMN=1 -DFSTR_L=int -DIOAPI_NO_STDOUT=1 -DAVOID_FLUSH=1 -DBIT32=1  -O3 -unroll -stack_temps -safe_cray_ptr -convert big_endian -assume byterecl  -traceback -xHost                                     -DIOAPI_NCF4=1 -DAUTO_ARRAYS=1 -DF90=1 -DFLDMN=1 -DFSTR_L=int -DIOAPI_NO_STDOUT=1 -DAVOID_FLUSH=1 -DBIT32=1 -I/home/alejandro/BLDLIB/ioapi-3.2/ioapi /home/alejandro/BLDLIB/ioapi-3.2/ioapi/promptdfile.f
ifort: command line warning #10434: option '-stack_temps' use with underscore is deprecated; use '-stack-temps' instead
ifort: command line warning #10434: option '-safe_cray_ptr' use with underscore is deprecated; use '-safe-cray-ptr' instead
if [ ! -d /home/alejandro/BLDLIB/ioapi-3.2/Linux2_x86_64ifort ]; then mkdir -p /home/alejandro/BLDLIB/ioapi-3.2/Linux2_x86_64ifort; fi
cd /home/alejandro/BLDLIB/ioapi-3.2/Linux2_x86_64ifort; ifort -auto -warn notruncated_source -Bstatic -static-intel -c -DIOAPI_NCF4=1 -DAUTO_ARRAYS=1 -DF90=1 -DFLDMN=1 -DFSTR_L=int -DIOAPI_NO_STDOUT=1 -DAVOID_FLUSH=1 -DBIT32=1  -O3 -unroll -stack_temps -safe_cray_ptr -convert big_endian -assume byterecl  -traceback -xHost                                     -DIOAPI_NCF4=1 -DAUTO_ARRAYS=1 -DF90=1 -DFLDMN=1 -DFSTR_L=int -DIOAPI_NO_STDOUT=1 -DAVOID_FLUSH=1 -DBIT32=1 -I/home/alejandro/BLDLIB/ioapi-3.2/ioapi /home/alejandro/BLDLIB/ioapi-3.2/ioapi/promptffile.f
ifort: command line warning #10434: option '-stack_temps' use with underscore is deprecated; use '-stack-temps' instead
ifort: command line warning #10434: option '-safe_cray_ptr' use with underscore is deprecated; use '-safe-cray-ptr' instead
if [ ! -d /home/alejandro/BLDLIB/ioapi-3.2/Linux2_x86_64ifort ]; then mkdir -p /home/alejandro/BLDLIB/ioapi-3.2/Linux2_x86_64ifort; fi
cd /home/alejandro/BLDLIB/ioapi-3.2/Linux2_x86_64ifort; ifort -auto -warn notruncated_source -Bstatic -static-intel -c -DIOAPI_NCF4=1 -DAUTO_ARRAYS=1 -DF90=1 -DFLDMN=1 -DFSTR_L=int -DIOAPI_NO_STDOUT=1 -DAVOID_FLUSH=1 -DBIT32=1  -O3 -unroll -stack_temps -safe_cray_ptr -convert big_endian -assume byterecl  -traceback -xHost                                     -DIOAPI_NCF4=1 -DAUTO_ARRAYS=1 -DF90=1 -DFLDMN=1 -DFSTR_L=int -DIOAPI_NO_STDOUT=1 -DAVOID_FLUSH=1 -DBIT32=1 -I/home/alejandro/BLDLIB/ioapi-3.2/ioapi /home/alejandro/BLDLIB/ioapi-3.2/ioapi/promptgrid.f
ifort: command line warning #10434: option '-stack_temps' use with underscore is deprecated; use '-stack-temps' instead
ifort: command line warning #10434: option '-safe_cray_ptr' use with underscore is deprecated; use '-safe-cray-ptr' instead
if [ ! -d /home/alejandro/BLDLIB/ioapi-3.2/Linux2_x86_64ifort ]; then mkdir -p /home/alejandro/BLDLIB/ioapi-3.2/Linux2_x86_64ifort; fi
cd /home/alejandro/BLDLIB/ioapi-3.2/Linux2_x86_64ifort; ifort -auto -warn notruncated_source -Bstatic -static-intel -c -DIOAPI_NCF4=1 -DAUTO_ARRAYS=1 -DF90=1 -DFLDMN=1 -DFSTR_L=int -DIOAPI_NO_STDOUT=1 -DAVOID_FLUSH=1 -DBIT32=1  -O3 -unroll -stack_temps -safe_cray_ptr -convert big_endian -assume byterecl  -traceback -xHost                                     -DIOAPI_NCF4=1 -DAUTO_ARRAYS=1 -DF90=1 -DFLDMN=1 -DFSTR_L=int -DIOAPI_NO_STDOUT=1 -DAVOID_FLUSH=1 -DBIT32=1 -I/home/alejandro/BLDLIB/ioapi-3.2/ioapi /home/alejandro/BLDLIB/ioapi-3.2/ioapi/promptmfile.f
ifort: command line warning #10434: option '-stack_temps' use with underscore is deprecated; use '-stack-temps' instead
ifort: command line warning #10434: option '-safe_cray_ptr' use with underscore is deprecated; use '-safe-cray-ptr' instead
if [ ! -d /home/alejandro/BLDLIB/ioapi-3.2/Linux2_x86_64ifort ]; then mkdir -p /home/alejandro/BLDLIB/ioapi-3.2/Linux2_x86_64ifort; fi
cd /home/alejandro/BLDLIB/ioapi-3.2/Linux2_x86_64ifort; ifort -auto -warn notruncated_source -Bstatic -static-intel -c -DIOAPI_NCF4=1 -DAUTO_ARRAYS=1 -DF90=1 -DFLDMN=1 -DFSTR_L=int -DIOAPI_NO_STDOUT=1 -DAVOID_FLUSH=1 -DBIT32=1  -O3 -unroll -stack_temps -safe_cray_ptr -convert big_endian -assume byterecl  -traceback -xHost                                     -DIOAPI_NCF4=1 -DAUTO_ARRAYS=1 -DF90=1 -DFLDMN=1 -DFSTR_L=int -DIOAPI_NO_STDOUT=1 -DAVOID_FLUSH=1 -DBIT32=1 -I/home/alejandro/BLDLIB/ioapi-3.2/ioapi /home/alejandro/BLDLIB/ioapi-3.2/ioapi/rdbndary.f
ifort: command line warning #10434: option '-stack_temps' use with underscore is deprecated; use '-stack-temps' instead
ifort: command line warning #10434: option '-safe_cray_ptr' use with underscore is deprecated; use '-safe-cray-ptr' instead
if [ ! -d /home/alejandro/BLDLIB/ioapi-3.2/Linux2_x86_64ifort ]; then mkdir -p /home/alejandro/BLDLIB/ioapi-3.2/Linux2_x86_64ifort; fi
cd /home/alejandro/BLDLIB/ioapi-3.2/Linux2_x86_64ifort; ifort -auto -warn notruncated_source -Bstatic -static-intel -c -DIOAPI_NCF4=1 -DAUTO_ARRAYS=1 -DF90=1 -DFLDMN=1 -DFSTR_L=int -DIOAPI_NO_STDOUT=1 -DAVOID_FLUSH=1 -DBIT32=1  -O3 -unroll -stack_temps -safe_cray_ptr -convert big_endian -assume byterecl  -traceback -xHost                                     -DIOAPI_NCF4=1 -DAUTO_ARRAYS=1 -DF90=1 -DFLDMN=1 -DFSTR_L=int -DIOAPI_NO_STDOUT=1 -DAVOID_FLUSH=1 -DBIT32=1 -I/home/alejandro/BLDLIB/ioapi-3.2/ioapi /home/alejandro/BLDLIB/ioapi-3.2/ioapi/rdbuf3.f
ifort: command line warning #10434: option '-stack_temps' use with underscore is deprecated; use '-stack-temps' instead
ifort: command line warning #10434: option '-safe_cray_ptr' use with underscore is deprecated; use '-safe-cray-ptr' instead
if [ ! -d /home/alejandro/BLDLIB/ioapi-3.2/Linux2_x86_64ifort ]; then mkdir -p /home/alejandro/BLDLIB/ioapi-3.2/Linux2_x86_64ifort; fi
cd /home/alejandro/BLDLIB/ioapi-3.2/Linux2_x86_64ifort; ifort -auto -warn notruncated_source -Bstatic -static-intel -c -DIOAPI_NCF4=1 -DAUTO_ARRAYS=1 -DF90=1 -DFLDMN=1 -DFSTR_L=int -DIOAPI_NO_STDOUT=1 -DAVOID_FLUSH=1 -DBIT32=1  -O3 -unroll -stack_temps -safe_cray_ptr -convert big_endian -assume byterecl  -traceback -xHost                                     -DIOAPI_NCF4=1 -DAUTO_ARRAYS=1 -DF90=1 -DFLDMN=1 -DFSTR_L=int -DIOAPI_NO_STDOUT=1 -DAVOID_FLUSH=1 -DBIT32=1 -I/home/alejandro/BLDLIB/ioapi-3.2/ioapi /home/alejandro/BLDLIB/ioapi-3.2/ioapi/rdcustom.f
ifort: command line warning #10434: option '-stack_temps' use with underscore is deprecated; use '-stack-temps' instead
ifort: command line warning #10434: option '-safe_cray_ptr' use with underscore is deprecated; use '-safe-cray-ptr' instead
if [ ! -d /home/alejandro/BLDLIB/ioapi-3.2/Linux2_x86_64ifort ]; then mkdir -p /home/alejandro/BLDLIB/ioapi-3.2/Linux2_x86_64ifort; fi
cd /home/alejandro/BLDLIB/ioapi-3.2/Linux2_x86_64ifort; ifort -auto -warn notruncated_source -Bstatic -static-intel -c -DIOAPI_NCF4=1 -DAUTO_ARRAYS=1 -DF90=1 -DFLDMN=1 -DFSTR_L=int -DIOAPI_NO_STDOUT=1 -DAVOID_FLUSH=1 -DBIT32=1  -O3 -unroll -stack_temps -safe_cray_ptr -convert big_endian -assume byterecl  -traceback -xHost                                     -DIOAPI_NCF4=1 -DAUTO_ARRAYS=1 -DF90=1 -DFLDMN=1 -DFSTR_L=int -DIOAPI_NO_STDOUT=1 -DAVOID_FLUSH=1 -DBIT32=1 -I/home/alejandro/BLDLIB/ioapi-3.2/ioapi /home/alejandro/BLDLIB/ioapi-3.2/ioapi/rdgrdded.f
ifort: command line warning #10434: option '-stack_temps' use with underscore is deprecated; use '-stack-temps' instead
ifort: command line warning #10434: option '-safe_cray_ptr' use with underscore is deprecated; use '-safe-cray-ptr' instead
if [ ! -d /home/alejandro/BLDLIB/ioapi-3.2/Linux2_x86_64ifort ]; then mkdir -p /home/alejandro/BLDLIB/ioapi-3.2/Linux2_x86_64ifort; fi
cd /home/alejandro/BLDLIB/ioapi-3.2/Linux2_x86_64ifort; ifort -auto -warn notruncated_source -Bstatic -static-intel -c -DIOAPI_NCF4=1 -DAUTO_ARRAYS=1 -DF90=1 -DFLDMN=1 -DFSTR_L=int -DIOAPI_NO_STDOUT=1 -DAVOID_FLUSH=1 -DBIT32=1  -O3 -unroll -stack_temps -safe_cray_ptr -convert big_endian -assume byterecl  -traceback -xHost                                     -DIOAPI_NCF4=1 -DAUTO_ARRAYS=1 -DF90=1 -DFLDMN=1 -DFSTR_L=int -DIOAPI_NO_STDOUT=1 -DAVOID_FLUSH=1 -DBIT32=1 -I/home/alejandro/BLDLIB/ioapi-3.2/ioapi /home/alejandro/BLDLIB/ioapi-3.2/ioapi/readsmet.f
ifort: command line warning #10434: option '-stack_temps' use with underscore is deprecated; use '-stack-temps' instead
ifort: command line warning #10434: option '-safe_cray_ptr' use with underscore is deprecated; use '-safe-cray-ptr' instead
if [ ! -d /home/alejandro/BLDLIB/ioapi-3.2/Linux2_x86_64ifort ]; then mkdir -p /home/alejandro/BLDLIB/ioapi-3.2/Linux2_x86_64ifort; fi
cd /home/alejandro/BLDLIB/ioapi-3.2/Linux2_x86_64ifort; ifort -auto -warn notruncated_source -Bstatic -static-intel -c -DIOAPI_NCF4=1 -DAUTO_ARRAYS=1 -DF90=1 -DFLDMN=1 -DFSTR_L=int -DIOAPI_NO_STDOUT=1 -DAVOID_FLUSH=1 -DBIT32=1  -O3 -unroll -stack_temps -safe_cray_ptr -convert big_endian -assume byterecl  -traceback -xHost                                     -DIOAPI_NCF4=1 -DAUTO_ARRAYS=1 -DF90=1 -DFLDMN=1 -DFSTR_L=int -DIOAPI_NO_STDOUT=1 -DAVOID_FLUSH=1 -DBIT32=1 -I/home/alejandro/BLDLIB/ioapi-3.2/ioapi /home/alejandro/BLDLIB/ioapi-3.2/ioapi/realist.f
ifort: command line warning #10434: option '-stack_temps' use with underscore is deprecated; use '-stack-temps' instead
ifort: command line warning #10434: option '-safe_cray_ptr' use with underscore is deprecated; use '-safe-cray-ptr' instead
if [ ! -d /home/alejandro/BLDLIB/ioapi-3.2/Linux2_x86_64ifort ]; then mkdir -p /home/alejandro/BLDLIB/ioapi-3.2/Linux2_x86_64ifort; fi
cd /home/alejandro/BLDLIB/ioapi-3.2/Linux2_x86_64ifort; ifort -auto -warn notruncated_source -Bstatic -static-intel -c -DIOAPI_NCF4=1 -DAUTO_ARRAYS=1 -DF90=1 -DFLDMN=1 -DFSTR_L=int -DIOAPI_NO_STDOUT=1 -DAVOID_FLUSH=1 -DBIT32=1  -O3 -unroll -stack_temps -safe_cray_ptr -convert big_endian -assume byterecl  -traceback -xHost                                     -DIOAPI_NCF4=1 -DAUTO_ARRAYS=1 -DF90=1 -DFLDMN=1 -DFSTR_L=int -DIOAPI_NO_STDOUT=1 -DAVOID_FLUSH=1 -DBIT32=1 -I/home/alejandro/BLDLIB/ioapi-3.2/ioapi /home/alejandro/BLDLIB/ioapi-3.2/ioapi/scanint.f
ifort: command line warning #10434: option '-stack_temps' use with underscore is deprecated; use '-stack-temps' instead
ifort: command line warning #10434: option '-safe_cray_ptr' use with underscore is deprecated; use '-safe-cray-ptr' instead
if [ ! -d /home/alejandro/BLDLIB/ioapi-3.2/Linux2_x86_64ifort ]; then mkdir -p /home/alejandro/BLDLIB/ioapi-3.2/Linux2_x86_64ifort; fi
cd /home/alejandro/BLDLIB/ioapi-3.2/Linux2_x86_64ifort; ifort -auto -warn notruncated_source -Bstatic -static-intel -c -DIOAPI_NCF4=1 -DAUTO_ARRAYS=1 -DF90=1 -DFLDMN=1 -DFSTR_L=int -DIOAPI_NO_STDOUT=1 -DAVOID_FLUSH=1 -DBIT32=1  -O3 -unroll -stack_temps -safe_cray_ptr -convert big_endian -assume byterecl  -traceback -xHost                                     -DIOAPI_NCF4=1 -DAUTO_ARRAYS=1 -DF90=1 -DFLDMN=1 -DFSTR_L=int -DIOAPI_NO_STDOUT=1 -DAVOID_FLUSH=1 -DBIT32=1 -I/home/alejandro/BLDLIB/ioapi-3.2/ioapi /home/alejandro/BLDLIB/ioapi-3.2/ioapi/setsphere.f
ifort: command line warning #10434: option '-stack_temps' use with underscore is deprecated; use '-stack-temps' instead
ifort: command line warning #10434: option '-safe_cray_ptr' use with underscore is deprecated; use '-safe-cray-ptr' instead
if [ ! -d /home/alejandro/BLDLIB/ioapi-3.2/Linux2_x86_64ifort ]; then mkdir -p /home/alejandro/BLDLIB/ioapi-3.2/Linux2_x86_64ifort; fi
cd /home/alejandro/BLDLIB/ioapi-3.2/Linux2_x86_64ifort; ifort -auto -warn notruncated_source -Bstatic -static-intel -c -DIOAPI_NCF4=1 -DAUTO_ARRAYS=1 -DF90=1 -DFLDMN=1 -DFSTR_L=int -DIOAPI_NO_STDOUT=1 -DAVOID_FLUSH=1 -DBIT32=1  -O3 -unroll -stack_temps -safe_cray_ptr -convert big_endian -assume byterecl  -traceback -xHost                                     -DIOAPI_NCF4=1 -DAUTO_ARRAYS=1 -DF90=1 -DFLDMN=1 -DFSTR_L=int -DIOAPI_NO_STDOUT=1 -DAVOID_FLUSH=1 -DBIT32=1 -I/home/alejandro/BLDLIB/ioapi-3.2/ioapi /home/alejandro/BLDLIB/ioapi-3.2/ioapi/sec2time.f
ifort: command line warning #10434: option '-stack_temps' use with underscore is deprecated; use '-stack-temps' instead
ifort: command line warning #10434: option '-safe_cray_ptr' use with underscore is deprecated; use '-safe-cray-ptr' instead
if [ ! -d /home/alejandro/BLDLIB/ioapi-3.2/Linux2_x86_64ifort ]; then mkdir -p /home/alejandro/BLDLIB/ioapi-3.2/Linux2_x86_64ifort; fi
cd /home/alejandro/BLDLIB/ioapi-3.2/Linux2_x86_64ifort; ifort -auto -warn notruncated_source -Bstatic -static-intel -c -DIOAPI_NCF4=1 -DAUTO_ARRAYS=1 -DF90=1 -DFLDMN=1 -DFSTR_L=int -DIOAPI_NO_STDOUT=1 -DAVOID_FLUSH=1 -DBIT32=1  -O3 -unroll -stack_temps -safe_cray_ptr -convert big_endian -assume byterecl  -traceback -xHost                                     -DIOAPI_NCF4=1 -DAUTO_ARRAYS=1 -DF90=1 -DFLDMN=1 -DFSTR_L=int -DIOAPI_NO_STDOUT=1 -DAVOID_FLUSH=1 -DBIT32=1 -I/home/alejandro/BLDLIB/ioapi-3.2/ioapi /home/alejandro/BLDLIB/ioapi-3.2/ioapi/str2dble.f
ifort: command line warning #10434: option '-stack_temps' use with underscore is deprecated; use '-stack-temps' instead
ifort: command line warning #10434: option '-safe_cray_ptr' use with underscore is deprecated; use '-safe-cray-ptr' instead
if [ ! -d /home/alejandro/BLDLIB/ioapi-3.2/Linux2_x86_64ifort ]; then mkdir -p /home/alejandro/BLDLIB/ioapi-3.2/Linux2_x86_64ifort; fi
cd /home/alejandro/BLDLIB/ioapi-3.2/Linux2_x86_64ifort; ifort -auto -warn notruncated_source -Bstatic -static-intel -c -DIOAPI_NCF4=1 -DAUTO_ARRAYS=1 -DF90=1 -DFLDMN=1 -DFSTR_L=int -DIOAPI_NO_STDOUT=1 -DAVOID_FLUSH=1 -DBIT32=1  -O3 -unroll -stack_temps -safe_cray_ptr -convert big_endian -assume byterecl  -traceback -xHost                                     -DIOAPI_NCF4=1 -DAUTO_ARRAYS=1 -DF90=1 -DFLDMN=1 -DFSTR_L=int -DIOAPI_NO_STDOUT=1 -DAVOID_FLUSH=1 -DBIT32=1 -I/home/alejandro/BLDLIB/ioapi-3.2/ioapi /home/alejandro/BLDLIB/ioapi-3.2/ioapi/skipl.f
ifort: command line warning #10434: option '-stack_temps' use with underscore is deprecated; use '-stack-temps' instead
ifort: command line warning #10434: option '-safe_cray_ptr' use with underscore is deprecated; use '-safe-cray-ptr' instead
if [ ! -d /home/alejandro/BLDLIB/ioapi-3.2/Linux2_x86_64ifort ]; then mkdir -p /home/alejandro/BLDLIB/ioapi-3.2/Linux2_x86_64ifort; fi
cd /home/alejandro/BLDLIB/ioapi-3.2/Linux2_x86_64ifort; ifort -auto -warn notruncated_source -Bstatic -static-intel -c -DIOAPI_NCF4=1 -DAUTO_ARRAYS=1 -DF90=1 -DFLDMN=1 -DFSTR_L=int -DIOAPI_NO_STDOUT=1 -DAVOID_FLUSH=1 -DBIT32=1  -O3 -unroll -stack_temps -safe_cray_ptr -convert big_endian -assume byterecl  -traceback -xHost                                     -DIOAPI_NCF4=1 -DAUTO_ARRAYS=1 -DF90=1 -DFLDMN=1 -DFSTR_L=int -DIOAPI_NO_STDOUT=1 -DAVOID_FLUSH=1 -DBIT32=1 -I/home/alejandro/BLDLIB/ioapi-3.2/ioapi /home/alejandro/BLDLIB/ioapi-3.2/ioapi/smatvec.f
ifort: command line warning #10434: option '-stack_temps' use with underscore is deprecated; use '-stack-temps' instead
ifort: command line warning #10434: option '-safe_cray_ptr' use with underscore is deprecated; use '-safe-cray-ptr' instead
if [ ! -d /home/alejandro/BLDLIB/ioapi-3.2/Linux2_x86_64ifort ]; then mkdir -p /home/alejandro/BLDLIB/ioapi-3.2/Linux2_x86_64ifort; fi
cd /home/alejandro/BLDLIB/ioapi-3.2/Linux2_x86_64ifort; ifort -auto -warn notruncated_source -Bstatic -static-intel -c -DIOAPI_NCF4=1 -DAUTO_ARRAYS=1 -DF90=1 -DFLDMN=1 -DFSTR_L=int -DIOAPI_NO_STDOUT=1 -DAVOID_FLUSH=1 -DBIT32=1  -O3 -unroll -stack_temps -safe_cray_ptr -convert big_endian -assume byterecl  -traceback -xHost                                     -DIOAPI_NCF4=1 -DAUTO_ARRAYS=1 -DF90=1 -DFLDMN=1 -DFSTR_L=int -DIOAPI_NO_STDOUT=1 -DAVOID_FLUSH=1 -DBIT32=1 -I/home/alejandro/BLDLIB/ioapi-3.2/ioapi /home/alejandro/BLDLIB/ioapi-3.2/ioapi/splitline.f
ifort: command line warning #10434: option '-stack_temps' use with underscore is deprecated; use '-stack-temps' instead
ifort: command line warning #10434: option '-safe_cray_ptr' use with underscore is deprecated; use '-safe-cray-ptr' instead
if [ ! -d /home/alejandro/BLDLIB/ioapi-3.2/Linux2_x86_64ifort ]; then mkdir -p /home/alejandro/BLDLIB/ioapi-3.2/Linux2_x86_64ifort; fi
cd /home/alejandro/BLDLIB/ioapi-3.2/Linux2_x86_64ifort; ifort -auto -warn notruncated_source -Bstatic -static-intel -c -DIOAPI_NCF4=1 -DAUTO_ARRAYS=1 -DF90=1 -DFLDMN=1 -DFSTR_L=int -DIOAPI_NO_STDOUT=1 -DAVOID_FLUSH=1 -DBIT32=1  -O3 -unroll -stack_temps -safe_cray_ptr -convert big_endian -assume byterecl  -traceback -xHost                                     -DIOAPI_NCF4=1 -DAUTO_ARRAYS=1 -DF90=1 -DFLDMN=1 -DFSTR_L=int -DIOAPI_NO_STDOUT=1 -DAVOID_FLUSH=1 -DBIT32=1 -I/home/alejandro/BLDLIB/ioapi-3.2/ioapi /home/alejandro/BLDLIB/ioapi-3.2/ioapi/str2int.f
ifort: command line warning #10434: option '-stack_temps' use with underscore is deprecated; use '-stack-temps' instead
ifort: command line warning #10434: option '-safe_cray_ptr' use with underscore is deprecated; use '-safe-cray-ptr' instead
if [ ! -d /home/alejandro/BLDLIB/ioapi-3.2/Linux2_x86_64ifort ]; then mkdir -p /home/alejandro/BLDLIB/ioapi-3.2/Linux2_x86_64ifort; fi
cd /home/alejandro/BLDLIB/ioapi-3.2/Linux2_x86_64ifort; ifort -auto -warn notruncated_source -Bstatic -static-intel -c -DIOAPI_NCF4=1 -DAUTO_ARRAYS=1 -DF90=1 -DFLDMN=1 -DFSTR_L=int -DIOAPI_NO_STDOUT=1 -DAVOID_FLUSH=1 -DBIT32=1  -O3 -unroll -stack_temps -safe_cray_ptr -convert big_endian -assume byterecl  -traceback -xHost                                     -DIOAPI_NCF4=1 -DAUTO_ARRAYS=1 -DF90=1 -DFLDMN=1 -DFSTR_L=int -DIOAPI_NO_STDOUT=1 -DAVOID_FLUSH=1 -DBIT32=1 -I/home/alejandro/BLDLIB/ioapi-3.2/ioapi /home/alejandro/BLDLIB/ioapi-3.2/ioapi/str2real.f
ifort: command line warning #10434: option '-stack_temps' use with underscore is deprecated; use '-stack-temps' instead
ifort: command line warning #10434: option '-safe_cray_ptr' use with underscore is deprecated; use '-safe-cray-ptr' instead
if [ ! -d /home/alejandro/BLDLIB/ioapi-3.2/Linux2_x86_64ifort ]; then mkdir -p /home/alejandro/BLDLIB/ioapi-3.2/Linux2_x86_64ifort; fi
cd /home/alejandro/BLDLIB/ioapi-3.2/Linux2_x86_64ifort; ifort -auto -warn notruncated_source -Bstatic -static-intel -c -DIOAPI_NCF4=1 -DAUTO_ARRAYS=1 -DF90=1 -DFLDMN=1 -DFSTR_L=int -DIOAPI_NO_STDOUT=1 -DAVOID_FLUSH=1 -DBIT32=1  -O3 -unroll -stack_temps -safe_cray_ptr -convert big_endian -assume byterecl  -traceback -xHost                                     -DIOAPI_NCF4=1 -DAUTO_ARRAYS=1 -DF90=1 -DFLDMN=1 -DFSTR_L=int -DIOAPI_NO_STDOUT=1 -DAVOID_FLUSH=1 -DBIT32=1 -I/home/alejandro/BLDLIB/ioapi-3.2/ioapi /home/alejandro/BLDLIB/ioapi-3.2/ioapi/strlist.f
ifort: command line warning #10434: option '-stack_temps' use with underscore is deprecated; use '-stack-temps' instead
ifort: command line warning #10434: option '-safe_cray_ptr' use with underscore is deprecated; use '-safe-cray-ptr' instead
if [ ! -d /home/alejandro/BLDLIB/ioapi-3.2/Linux2_x86_64ifort ]; then mkdir -p /home/alejandro/BLDLIB/ioapi-3.2/Linux2_x86_64ifort; fi
cd /home/alejandro/BLDLIB/ioapi-3.2/Linux2_x86_64ifort; ifort -auto -warn notruncated_source -Bstatic -static-intel -c -DIOAPI_NCF4=1 -DAUTO_ARRAYS=1 -DF90=1 -DFLDMN=1 -DFSTR_L=int -DIOAPI_NO_STDOUT=1 -DAVOID_FLUSH=1 -DBIT32=1  -O3 -unroll -stack_temps -safe_cray_ptr -convert big_endian -assume byterecl  -traceback -xHost                                     -DIOAPI_NCF4=1 -DAUTO_ARRAYS=1 -DF90=1 -DFLDMN=1 -DFSTR_L=int -DIOAPI_NO_STDOUT=1 -DAVOID_FLUSH=1 -DBIT32=1 -I/home/alejandro/BLDLIB/ioapi-3.2/ioapi /home/alejandro/BLDLIB/ioapi-3.2/ioapi/synchtao.f
ifort: command line warning #10434: option '-stack_temps' use with underscore is deprecated; use '-stack-temps' instead
ifort: command line warning #10434: option '-safe_cray_ptr' use with underscore is deprecated; use '-safe-cray-ptr' instead
if [ ! -d /home/alejandro/BLDLIB/ioapi-3.2/Linux2_x86_64ifort ]; then mkdir -p /home/alejandro/BLDLIB/ioapi-3.2/Linux2_x86_64ifort; fi
cd /home/alejandro/BLDLIB/ioapi-3.2/Linux2_x86_64ifort; ifort -auto -warn notruncated_source -Bstatic -static-intel -c -DIOAPI_NCF4=1 -DAUTO_ARRAYS=1 -DF90=1 -DFLDMN=1 -DFSTR_L=int -DIOAPI_NO_STDOUT=1 -DAVOID_FLUSH=1 -DBIT32=1  -O3 -unroll -stack_temps -safe_cray_ptr -convert big_endian -assume byterecl  -traceback -xHost                                     -DIOAPI_NCF4=1 -DAUTO_ARRAYS=1 -DF90=1 -DFLDMN=1 -DFSTR_L=int -DIOAPI_NO_STDOUT=1 -DAVOID_FLUSH=1 -DBIT32=1 -I/home/alejandro/BLDLIB/ioapi-3.2/ioapi /home/alejandro/BLDLIB/ioapi-3.2/ioapi/time2sec.f
ifort: command line warning #10434: option '-stack_temps' use with underscore is deprecated; use '-stack-temps' instead
ifort: command line warning #10434: option '-safe_cray_ptr' use with underscore is deprecated; use '-safe-cray-ptr' instead
if [ ! -d /home/alejandro/BLDLIB/ioapi-3.2/Linux2_x86_64ifort ]; then mkdir -p /home/alejandro/BLDLIB/ioapi-3.2/Linux2_x86_64ifort; fi
cd /home/alejandro/BLDLIB/ioapi-3.2/Linux2_x86_64ifort; ifort -auto -warn notruncated_source -Bstatic -static-intel -c -DIOAPI_NCF4=1 -DAUTO_ARRAYS=1 -DF90=1 -DFLDMN=1 -DFSTR_L=int -DIOAPI_NO_STDOUT=1 -DAVOID_FLUSH=1 -DBIT32=1  -O3 -unroll -stack_temps -safe_cray_ptr -convert big_endian -assume byterecl  -traceback -xHost                                     -DIOAPI_NCF4=1 -DAUTO_ARRAYS=1 -DF90=1 -DFLDMN=1 -DFSTR_L=int -DIOAPI_NO_STDOUT=1 -DAVOID_FLUSH=1 -DBIT32=1 -I/home/alejandro/BLDLIB/ioapi-3.2/ioapi /home/alejandro/BLDLIB/ioapi-3.2/ioapi/trimlen.f
ifort: command line warning #10434: option '-stack_temps' use with underscore is deprecated; use '-stack-temps' instead
ifort: command line warning #10434: option '-safe_cray_ptr' use with underscore is deprecated; use '-safe-cray-ptr' instead
if [ ! -d /home/alejandro/BLDLIB/ioapi-3.2/Linux2_x86_64ifort ]; then mkdir -p /home/alejandro/BLDLIB/ioapi-3.2/Linux2_x86_64ifort; fi
cd /home/alejandro/BLDLIB/ioapi-3.2/Linux2_x86_64ifort; ifort -auto -warn notruncated_source -Bstatic -static-intel -c -DIOAPI_NCF4=1 -DAUTO_ARRAYS=1 -DF90=1 -DFLDMN=1 -DFSTR_L=int -DIOAPI_NO_STDOUT=1 -DAVOID_FLUSH=1 -DBIT32=1  -O3 -unroll -stack_temps -safe_cray_ptr -convert big_endian -assume byterecl  -traceback -xHost                                     -DIOAPI_NCF4=1 -DAUTO_ARRAYS=1 -DF90=1 -DFLDMN=1 -DFSTR_L=int -DIOAPI_NO_STDOUT=1 -DAVOID_FLUSH=1 -DBIT32=1 -I/home/alejandro/BLDLIB/ioapi-3.2/ioapi /home/alejandro/BLDLIB/ioapi-3.2/ioapi/ungridb.f
ifort: command line warning #10434: option '-stack_temps' use with underscore is deprecated; use '-stack-temps' instead
ifort: command line warning #10434: option '-safe_cray_ptr' use with underscore is deprecated; use '-safe-cray-ptr' instead
if [ ! -d /home/alejandro/BLDLIB/ioapi-3.2/Linux2_x86_64ifort ]; then mkdir -p /home/alejandro/BLDLIB/ioapi-3.2/Linux2_x86_64ifort; fi
cd /home/alejandro/BLDLIB/ioapi-3.2/Linux2_x86_64ifort; ifort -auto -warn notruncated_source -Bstatic -static-intel -c -DIOAPI_NCF4=1 -DAUTO_ARRAYS=1 -DF90=1 -DFLDMN=1 -DFSTR_L=int -DIOAPI_NO_STDOUT=1 -DAVOID_FLUSH=1 -DBIT32=1  -O3 -unroll -stack_temps -safe_cray_ptr -convert big_endian -assume byterecl  -traceback -xHost                                     -DIOAPI_NCF4=1 -DAUTO_ARRAYS=1 -DF90=1 -DFLDMN=1 -DFSTR_L=int -DIOAPI_NO_STDOUT=1 -DAVOID_FLUSH=1 -DBIT32=1 -I/home/alejandro/BLDLIB/ioapi-3.2/ioapi /home/alejandro/BLDLIB/ioapi-3.2/ioapi/ungridi.f
ifort: command line warning #10434: option '-stack_temps' use with underscore is deprecated; use '-stack-temps' instead
ifort: command line warning #10434: option '-safe_cray_ptr' use with underscore is deprecated; use '-safe-cray-ptr' instead
if [ ! -d /home/alejandro/BLDLIB/ioapi-3.2/Linux2_x86_64ifort ]; then mkdir -p /home/alejandro/BLDLIB/ioapi-3.2/Linux2_x86_64ifort; fi
cd /home/alejandro/BLDLIB/ioapi-3.2/Linux2_x86_64ifort; ifort -auto -warn notruncated_source -Bstatic -static-intel -c -DIOAPI_NCF4=1 -DAUTO_ARRAYS=1 -DF90=1 -DFLDMN=1 -DFSTR_L=int -DIOAPI_NO_STDOUT=1 -DAVOID_FLUSH=1 -DBIT32=1  -O3 -unroll -stack_temps -safe_cray_ptr -convert big_endian -assume byterecl  -traceback -xHost                                     -DIOAPI_NCF4=1 -DAUTO_ARRAYS=1 -DF90=1 -DFLDMN=1 -DFSTR_L=int -DIOAPI_NO_STDOUT=1 -DAVOID_FLUSH=1 -DBIT32=1 -I/home/alejandro/BLDLIB/ioapi-3.2/ioapi /home/alejandro/BLDLIB/ioapi-3.2/ioapi/upcase.f
ifort: command line warning #10434: option '-stack_temps' use with underscore is deprecated; use '-stack-temps' instead
ifort: command line warning #10434: option '-safe_cray_ptr' use with underscore is deprecated; use '-safe-cray-ptr' instead
if [ ! -d /home/alejandro/BLDLIB/ioapi-3.2/Linux2_x86_64ifort ]; then mkdir -p /home/alejandro/BLDLIB/ioapi-3.2/Linux2_x86_64ifort; fi
cd /home/alejandro/BLDLIB/ioapi-3.2/Linux2_x86_64ifort; ifort -auto -warn notruncated_source -Bstatic -static-intel -c -DIOAPI_NCF4=1 -DAUTO_ARRAYS=1 -DF90=1 -DFLDMN=1 -DFSTR_L=int -DIOAPI_NO_STDOUT=1 -DAVOID_FLUSH=1 -DBIT32=1  -O3 -unroll -stack_temps -safe_cray_ptr -convert big_endian -assume byterecl  -traceback -xHost                                     -DIOAPI_NCF4=1 -DAUTO_ARRAYS=1 -DF90=1 -DFLDMN=1 -DFSTR_L=int -DIOAPI_NO_STDOUT=1 -DAVOID_FLUSH=1 -DBIT32=1 -I/home/alejandro/BLDLIB/ioapi-3.2/ioapi /home/alejandro/BLDLIB/ioapi-3.2/ioapi/utm2ll.f
ifort: command line warning #10434: option '-stack_temps' use with underscore is deprecated; use '-stack-temps' instead
ifort: command line warning #10434: option '-safe_cray_ptr' use with underscore is deprecated; use '-safe-cray-ptr' instead
if [ ! -d /home/alejandro/BLDLIB/ioapi-3.2/Linux2_x86_64ifort ]; then mkdir -p /home/alejandro/BLDLIB/ioapi-3.2/Linux2_x86_64ifort; fi
cd /home/alejandro/BLDLIB/ioapi-3.2/Linux2_x86_64ifort; ifort -auto -warn notruncated_source -Bstatic -static-intel -c -DIOAPI_NCF4=1 -DAUTO_ARRAYS=1 -DF90=1 -DFLDMN=1 -DFSTR_L=int -DIOAPI_NO_STDOUT=1 -DAVOID_FLUSH=1 -DBIT32=1  -O3 -unroll -stack_temps -safe_cray_ptr -convert big_endian -assume byterecl  -traceback -xHost                                     -DIOAPI_NCF4=1 -DAUTO_ARRAYS=1 -DF90=1 -DFLDMN=1 -DFSTR_L=int -DIOAPI_NO_STDOUT=1 -DAVOID_FLUSH=1 -DBIT32=1 -I/home/alejandro/BLDLIB/ioapi-3.2/ioapi /home/alejandro/BLDLIB/ioapi-3.2/ioapi/wrbndary.f
ifort: command line warning #10434: option '-stack_temps' use with underscore is deprecated; use '-stack-temps' instead
ifort: command line warning #10434: option '-safe_cray_ptr' use with underscore is deprecated; use '-safe-cray-ptr' instead
if [ ! -d /home/alejandro/BLDLIB/ioapi-3.2/Linux2_x86_64ifort ]; then mkdir -p /home/alejandro/BLDLIB/ioapi-3.2/Linux2_x86_64ifort; fi
cd /home/alejandro/BLDLIB/ioapi-3.2/Linux2_x86_64ifort; ifort -auto -warn notruncated_source -Bstatic -static-intel -c -DIOAPI_NCF4=1 -DAUTO_ARRAYS=1 -DF90=1 -DFLDMN=1 -DFSTR_L=int -DIOAPI_NO_STDOUT=1 -DAVOID_FLUSH=1 -DBIT32=1  -O3 -unroll -stack_temps -safe_cray_ptr -convert big_endian -assume byterecl  -traceback -xHost                                     -DIOAPI_NCF4=1 -DAUTO_ARRAYS=1 -DF90=1 -DFLDMN=1 -DFSTR_L=int -DIOAPI_NO_STDOUT=1 -DAVOID_FLUSH=1 -DBIT32=1 -I/home/alejandro/BLDLIB/ioapi-3.2/ioapi /home/alejandro/BLDLIB/ioapi-3.2/ioapi/wrbuf3.f
ifort: command line warning #10434: option '-stack_temps' use with underscore is deprecated; use '-stack-temps' instead
ifort: command line warning #10434: option '-safe_cray_ptr' use with underscore is deprecated; use '-safe-cray-ptr' instead
if [ ! -d /home/alejandro/BLDLIB/ioapi-3.2/Linux2_x86_64ifort ]; then mkdir -p /home/alejandro/BLDLIB/ioapi-3.2/Linux2_x86_64ifort; fi
cd /home/alejandro/BLDLIB/ioapi-3.2/Linux2_x86_64ifort; ifort -auto -warn notruncated_source -Bstatic -static-intel -c -DIOAPI_NCF4=1 -DAUTO_ARRAYS=1 -DF90=1 -DFLDMN=1 -DFSTR_L=int -DIOAPI_NO_STDOUT=1 -DAVOID_FLUSH=1 -DBIT32=1  -O3 -unroll -stack_temps -safe_cray_ptr -convert big_endian -assume byterecl  -traceback -xHost                                     -DIOAPI_NCF4=1 -DAUTO_ARRAYS=1 -DF90=1 -DFLDMN=1 -DFSTR_L=int -DIOAPI_NO_STDOUT=1 -DAVOID_FLUSH=1 -DBIT32=1 -I/home/alejandro/BLDLIB/ioapi-3.2/ioapi /home/alejandro/BLDLIB/ioapi-3.2/ioapi/wrcustom.f
ifort: command line warning #10434: option '-stack_temps' use with underscore is deprecated; use '-stack-temps' instead
ifort: command line warning #10434: option '-safe_cray_ptr' use with underscore is deprecated; use '-safe-cray-ptr' instead
if [ ! -d /home/alejandro/BLDLIB/ioapi-3.2/Linux2_x86_64ifort ]; then mkdir -p /home/alejandro/BLDLIB/ioapi-3.2/Linux2_x86_64ifort; fi
cd /home/alejandro/BLDLIB/ioapi-3.2/Linux2_x86_64ifort; ifort -auto -warn notruncated_source -Bstatic -static-intel -c -DIOAPI_NCF4=1 -DAUTO_ARRAYS=1 -DF90=1 -DFLDMN=1 -DFSTR_L=int -DIOAPI_NO_STDOUT=1 -DAVOID_FLUSH=1 -DBIT32=1  -O3 -unroll -stack_temps -safe_cray_ptr -convert big_endian -assume byterecl  -traceback -xHost                                     -DIOAPI_NCF4=1 -DAUTO_ARRAYS=1 -DF90=1 -DFLDMN=1 -DFSTR_L=int -DIOAPI_NO_STDOUT=1 -DAVOID_FLUSH=1 -DBIT32=1 -I/home/alejandro/BLDLIB/ioapi-3.2/ioapi /home/alejandro/BLDLIB/ioapi-3.2/ioapi/wrgrdded.f
ifort: command line warning #10434: option '-stack_temps' use with underscore is deprecated; use '-stack-temps' instead
ifort: command line warning #10434: option '-safe_cray_ptr' use with underscore is deprecated; use '-safe-cray-ptr' instead
if [ ! -d /home/alejandro/BLDLIB/ioapi-3.2/Linux2_x86_64ifort ]; then mkdir -p /home/alejandro/BLDLIB/ioapi-3.2/Linux2_x86_64ifort; fi
cd /home/alejandro/BLDLIB/ioapi-3.2/Linux2_x86_64ifort; ifort -auto -warn notruncated_source -Bstatic -static-intel -c -DIOAPI_NCF4=1 -DAUTO_ARRAYS=1 -DF90=1 -DFLDMN=1 -DFSTR_L=int -DIOAPI_NO_STDOUT=1 -DAVOID_FLUSH=1 -DBIT32=1  -O3 -unroll -stack_temps -safe_cray_ptr -convert big_endian -assume byterecl  -traceback -xHost                                     -DIOAPI_NCF4=1 -DAUTO_ARRAYS=1 -DF90=1 -DFLDMN=1 -DFSTR_L=int -DIOAPI_NO_STDOUT=1 -DAVOID_FLUSH=1 -DBIT32=1 -I/home/alejandro/BLDLIB/ioapi-3.2/ioapi /home/alejandro/BLDLIB/ioapi-3.2/ioapi/xtbuf3.f
ifort: command line warning #10434: option '-stack_temps' use with underscore is deprecated; use '-stack-temps' instead
ifort: command line warning #10434: option '-safe_cray_ptr' use with underscore is deprecated; use '-safe-cray-ptr' instead
if [ ! -d /home/alejandro/BLDLIB/ioapi-3.2/Linux2_x86_64ifort ]; then mkdir -p /home/alejandro/BLDLIB/ioapi-3.2/Linux2_x86_64ifort; fi
cd /home/alejandro/BLDLIB/ioapi-3.2/Linux2_x86_64ifort; ifort -auto -warn notruncated_source -Bstatic -static-intel -c -DIOAPI_NCF4=1 -DAUTO_ARRAYS=1 -DF90=1 -DFLDMN=1 -DFSTR_L=int -DIOAPI_NO_STDOUT=1 -DAVOID_FLUSH=1 -DBIT32=1  -O3 -unroll -stack_temps -safe_cray_ptr -convert big_endian -assume byterecl  -traceback -xHost                                     -DIOAPI_NCF4=1 -DAUTO_ARRAYS=1 -DF90=1 -DFLDMN=1 -DFSTR_L=int -DIOAPI_NO_STDOUT=1 -DAVOID_FLUSH=1 -DBIT32=1 -I/home/alejandro/BLDLIB/ioapi-3.2/ioapi /home/alejandro/BLDLIB/ioapi-3.2/ioapi/year4.f
ifort: command line warning #10434: option '-stack_temps' use with underscore is deprecated; use '-stack-temps' instead
ifort: command line warning #10434: option '-safe_cray_ptr' use with underscore is deprecated; use '-safe-cray-ptr' instead
if [ ! -d /home/alejandro/BLDLIB/ioapi-3.2/Linux2_x86_64ifort ]; then mkdir -p /home/alejandro/BLDLIB/ioapi-3.2/Linux2_x86_64ifort; fi
cd /home/alejandro/BLDLIB/ioapi-3.2/Linux2_x86_64ifort; ifort -auto -warn notruncated_source -Bstatic -static-intel -c -DIOAPI_NCF4=1 -DAUTO_ARRAYS=1 -DF90=1 -DFLDMN=1 -DFSTR_L=int -DIOAPI_NO_STDOUT=1 -DAVOID_FLUSH=1 -DBIT32=1  -O3 -unroll -stack_temps -safe_cray_ptr -convert big_endian -assume byterecl  -traceback -xHost                                     -DIOAPI_NCF4=1 -DAUTO_ARRAYS=1 -DF90=1 -DFLDMN=1 -DFSTR_L=int -DIOAPI_NO_STDOUT=1 -DAVOID_FLUSH=1 -DBIT32=1 -I/home/alejandro/BLDLIB/ioapi-3.2/ioapi /home/alejandro/BLDLIB/ioapi-3.2/ioapi/chkfil3.f90
ifort: command line warning #10434: option '-stack_temps' use with underscore is deprecated; use '-stack-temps' instead
ifort: command line warning #10434: option '-safe_cray_ptr' use with underscore is deprecated; use '-safe-cray-ptr' instead
if [ ! -d /home/alejandro/BLDLIB/ioapi-3.2/Linux2_x86_64ifort ]; then mkdir -p /home/alejandro/BLDLIB/ioapi-3.2/Linux2_x86_64ifort; fi
cd /home/alejandro/BLDLIB/ioapi-3.2/Linux2_x86_64ifort; ifort -auto -warn notruncated_source -Bstatic -static-intel -c -DIOAPI_NCF4=1 -DAUTO_ARRAYS=1 -DF90=1 -DFLDMN=1 -DFSTR_L=int -DIOAPI_NO_STDOUT=1 -DAVOID_FLUSH=1 -DBIT32=1  -O3 -unroll -stack_temps -safe_cray_ptr -convert big_endian -assume byterecl  -traceback -xHost                                     -DIOAPI_NCF4=1 -DAUTO_ARRAYS=1 -DF90=1 -DFLDMN=1 -DFSTR_L=int -DIOAPI_NO_STDOUT=1 -DAVOID_FLUSH=1 -DBIT32=1 -I/home/alejandro/BLDLIB/ioapi-3.2/ioapi /home/alejandro/BLDLIB/ioapi-3.2/ioapi/cktflag3.f90
ifort: command line warning #10434: option '-stack_temps' use with underscore is deprecated; use '-stack-temps' instead
ifort: command line warning #10434: option '-safe_cray_ptr' use with underscore is deprecated; use '-safe-cray-ptr' instead
if [ ! -d /home/alejandro/BLDLIB/ioapi-3.2/Linux2_x86_64ifort ]; then mkdir -p /home/alejandro/BLDLIB/ioapi-3.2/Linux2_x86_64ifort; fi
cd /home/alejandro/BLDLIB/ioapi-3.2/Linux2_x86_64ifort; ifort -auto -warn notruncated_source -Bstatic -static-intel -c -DIOAPI_NCF4=1 -DAUTO_ARRAYS=1 -DF90=1 -DFLDMN=1 -DFSTR_L=int -DIOAPI_NO_STDOUT=1 -DAVOID_FLUSH=1 -DBIT32=1  -O3 -unroll -stack_temps -safe_cray_ptr -convert big_endian -assume byterecl  -traceback -xHost                                     -DIOAPI_NCF4=1 -DAUTO_ARRAYS=1 -DF90=1 -DFLDMN=1 -DFSTR_L=int -DIOAPI_NO_STDOUT=1 -DAVOID_FLUSH=1 -DBIT32=1 -I/home/alejandro/BLDLIB/ioapi-3.2/ioapi /home/alejandro/BLDLIB/ioapi-3.2/ioapi/crdict3.f90
ifort: command line warning #10434: option '-stack_temps' use with underscore is deprecated; use '-stack-temps' instead
ifort: command line warning #10434: option '-safe_cray_ptr' use with underscore is deprecated; use '-safe-cray-ptr' instead
if [ ! -d /home/alejandro/BLDLIB/ioapi-3.2/Linux2_x86_64ifort ]; then mkdir -p /home/alejandro/BLDLIB/ioapi-3.2/Linux2_x86_64ifort; fi
cd /home/alejandro/BLDLIB/ioapi-3.2/Linux2_x86_64ifort; ifort -auto -warn notruncated_source -Bstatic -static-intel -c -DIOAPI_NCF4=1 -DAUTO_ARRAYS=1 -DF90=1 -DFLDMN=1 -DFSTR_L=int -DIOAPI_NO_STDOUT=1 -DAVOID_FLUSH=1 -DBIT32=1  -O3 -unroll -stack_temps -safe_cray_ptr -convert big_endian -assume byterecl  -traceback -xHost                                     -DIOAPI_NCF4=1 -DAUTO_ARRAYS=1 -DF90=1 -DFLDMN=1 -DFSTR_L=int -DIOAPI_NO_STDOUT=1 -DAVOID_FLUSH=1 -DBIT32=1 -I/home/alejandro/BLDLIB/ioapi-3.2/ioapi /home/alejandro/BLDLIB/ioapi-3.2/ioapi/crtkf.f90
ifort: command line warning #10434: option '-stack_temps' use with underscore is deprecated; use '-stack-temps' instead
ifort: command line warning #10434: option '-safe_cray_ptr' use with underscore is deprecated; use '-safe-cray-ptr' instead
if [ ! -d /home/alejandro/BLDLIB/ioapi-3.2/Linux2_x86_64ifort ]; then mkdir -p /home/alejandro/BLDLIB/ioapi-3.2/Linux2_x86_64ifort; fi
cd /home/alejandro/BLDLIB/ioapi-3.2/Linux2_x86_64ifort; ifort -auto -warn notruncated_source -Bstatic -static-intel -c -DIOAPI_NCF4=1 -DAUTO_ARRAYS=1 -DF90=1 -DFLDMN=1 -DFSTR_L=int -DIOAPI_NO_STDOUT=1 -DAVOID_FLUSH=1 -DBIT32=1  -O3 -unroll -stack_temps -safe_cray_ptr -convert big_endian -assume byterecl  -traceback -xHost                                     -DIOAPI_NCF4=1 -DAUTO_ARRAYS=1 -DF90=1 -DFLDMN=1 -DFSTR_L=int -DIOAPI_NO_STDOUT=1 -DAVOID_FLUSH=1 -DBIT32=1 -I/home/alejandro/BLDLIB/ioapi-3.2/ioapi /home/alejandro/BLDLIB/ioapi-3.2/ioapi/kfindx.f
ifort: command line warning #10434: option '-stack_temps' use with underscore is deprecated; use '-stack-temps' instead
ifort: command line warning #10434: option '-safe_cray_ptr' use with underscore is deprecated; use '-safe-cray-ptr' instead
if [ ! -d /home/alejandro/BLDLIB/ioapi-3.2/Linux2_x86_64ifort ]; then mkdir -p /home/alejandro/BLDLIB/ioapi-3.2/Linux2_x86_64ifort; fi
cd /home/alejandro/BLDLIB/ioapi-3.2/Linux2_x86_64ifort; ifort -auto -warn notruncated_source -Bstatic -static-intel -c -DIOAPI_NCF4=1 -DAUTO_ARRAYS=1 -DF90=1 -DFLDMN=1 -DFSTR_L=int -DIOAPI_NO_STDOUT=1 -DAVOID_FLUSH=1 -DBIT32=1  -O3 -unroll -stack_temps -safe_cray_ptr -convert big_endian -assume byterecl  -traceback -xHost                                     -DIOAPI_NCF4=1 -DAUTO_ARRAYS=1 -DF90=1 -DFLDMN=1 -DFSTR_L=int -DIOAPI_NO_STDOUT=1 -DAVOID_FLUSH=1 -DBIT32=1 -I/home/alejandro/BLDLIB/ioapi-3.2/ioapi /home/alejandro/BLDLIB/ioapi-3.2/ioapi/kfopen.f90
ifort: command line warning #10434: option '-stack_temps' use with underscore is deprecated; use '-stack-temps' instead
ifort: command line warning #10434: option '-safe_cray_ptr' use with underscore is deprecated; use '-safe-cray-ptr' instead
if [ ! -d /home/alejandro/BLDLIB/ioapi-3.2/Linux2_x86_64ifort ]; then mkdir -p /home/alejandro/BLDLIB/ioapi-3.2/Linux2_x86_64ifort; fi
cd /home/alejandro/BLDLIB/ioapi-3.2/Linux2_x86_64ifort; ifort -auto -warn notruncated_source -Bstatic -static-intel -c -DIOAPI_NCF4=1 -DAUTO_ARRAYS=1 -DF90=1 -DFLDMN=1 -DFSTR_L=int -DIOAPI_NO_STDOUT=1 -DAVOID_FLUSH=1 -DBIT32=1  -O3 -unroll -stack_temps -safe_cray_ptr -convert big_endian -assume byterecl  -traceback -xHost                                     -DIOAPI_NCF4=1 -DAUTO_ARRAYS=1 -DF90=1 -DFLDMN=1 -DFSTR_L=int -DIOAPI_NO_STDOUT=1 -DAVOID_FLUSH=1 -DBIT32=1 -I/home/alejandro/BLDLIB/ioapi-3.2/ioapi /home/alejandro/BLDLIB/ioapi-3.2/ioapi/m3abort.f90
ifort: command line warning #10434: option '-stack_temps' use with underscore is deprecated; use '-stack-temps' instead
ifort: command line warning #10434: option '-safe_cray_ptr' use with underscore is deprecated; use '-safe-cray-ptr' instead
if [ ! -d /home/alejandro/BLDLIB/ioapi-3.2/Linux2_x86_64ifort ]; then mkdir -p /home/alejandro/BLDLIB/ioapi-3.2/Linux2_x86_64ifort; fi
cd /home/alejandro/BLDLIB/ioapi-3.2/Linux2_x86_64ifort; ifort -auto -warn notruncated_source -Bstatic -static-intel -c -DIOAPI_NCF4=1 -DAUTO_ARRAYS=1 -DF90=1 -DFLDMN=1 -DFSTR_L=int -DIOAPI_NO_STDOUT=1 -DAVOID_FLUSH=1 -DBIT32=1  -O3 -unroll -stack_temps -safe_cray_ptr -convert big_endian -assume byterecl  -traceback -xHost                                     -DIOAPI_NCF4=1 -DAUTO_ARRAYS=1 -DF90=1 -DFLDMN=1 -DFSTR_L=int -DIOAPI_NO_STDOUT=1 -DAVOID_FLUSH=1 -DBIT32=1 -I/home/alejandro/BLDLIB/ioapi-3.2/ioapi /home/alejandro/BLDLIB/ioapi-3.2/ioapi/opnlist3.f90
ifort: command line warning #10434: option '-stack_temps' use with underscore is deprecated; use '-stack-temps' instead
ifort: command line warning #10434: option '-safe_cray_ptr' use with underscore is deprecated; use '-safe-cray-ptr' instead
if [ ! -d /home/alejandro/BLDLIB/ioapi-3.2/Linux2_x86_64ifort ]; then mkdir -p /home/alejandro/BLDLIB/ioapi-3.2/Linux2_x86_64ifort; fi
cd /home/alejandro/BLDLIB/ioapi-3.2/Linux2_x86_64ifort; ifort -auto -warn notruncated_source -Bstatic -static-intel -c -DIOAPI_NCF4=1 -DAUTO_ARRAYS=1 -DF90=1 -DFLDMN=1 -DFSTR_L=int -DIOAPI_NO_STDOUT=1 -DAVOID_FLUSH=1 -DBIT32=1  -O3 -unroll -stack_temps -safe_cray_ptr -convert big_endian -assume byterecl  -traceback -xHost                                     -DIOAPI_NCF4=1 -DAUTO_ARRAYS=1 -DF90=1 -DFLDMN=1 -DFSTR_L=int -DIOAPI_NO_STDOUT=1 -DAVOID_FLUSH=1 -DBIT32=1 -I/home/alejandro/BLDLIB/ioapi-3.2/ioapi /home/alejandro/BLDLIB/ioapi-3.2/ioapi/rddict3.f90
ifort: command line warning #10434: option '-stack_temps' use with underscore is deprecated; use '-stack-temps' instead
ifort: command line warning #10434: option '-safe_cray_ptr' use with underscore is deprecated; use '-safe-cray-ptr' instead
if [ ! -d /home/alejandro/BLDLIB/ioapi-3.2/Linux2_x86_64ifort ]; then mkdir -p /home/alejandro/BLDLIB/ioapi-3.2/Linux2_x86_64ifort; fi
cd /home/alejandro/BLDLIB/ioapi-3.2/Linux2_x86_64ifort; ifort -auto -warn notruncated_source -Bstatic -static-intel -c -DIOAPI_NCF4=1 -DAUTO_ARRAYS=1 -DF90=1 -DFLDMN=1 -DFSTR_L=int -DIOAPI_NO_STDOUT=1 -DAVOID_FLUSH=1 -DBIT32=1  -O3 -unroll -stack_temps -safe_cray_ptr -convert big_endian -assume byterecl  -traceback -xHost                                     -DIOAPI_NCF4=1 -DAUTO_ARRAYS=1 -DF90=1 -DFLDMN=1 -DFSTR_L=int -DIOAPI_NO_STDOUT=1 -DAVOID_FLUSH=1 -DBIT32=1 -I/home/alejandro/BLDLIB/ioapi-3.2/ioapi /home/alejandro/BLDLIB/ioapi-3.2/ioapi/rdiddata.f90
ifort: command line warning #10434: option '-stack_temps' use with underscore is deprecated; use '-stack-temps' instead
ifort: command line warning #10434: option '-safe_cray_ptr' use with underscore is deprecated; use '-safe-cray-ptr' instead
if [ ! -d /home/alejandro/BLDLIB/ioapi-3.2/Linux2_x86_64ifort ]; then mkdir -p /home/alejandro/BLDLIB/ioapi-3.2/Linux2_x86_64ifort; fi
cd /home/alejandro/BLDLIB/ioapi-3.2/Linux2_x86_64ifort; ifort -auto -warn notruncated_source -Bstatic -static-intel -c -DIOAPI_NCF4=1 -DAUTO_ARRAYS=1 -DF90=1 -DFLDMN=1 -DFSTR_L=int -DIOAPI_NO_STDOUT=1 -DAVOID_FLUSH=1 -DBIT32=1  -O3 -unroll -stack_temps -safe_cray_ptr -convert big_endian -assume byterecl  -traceback -xHost                                     -DIOAPI_NCF4=1 -DAUTO_ARRAYS=1 -DF90=1 -DFLDMN=1 -DFSTR_L=int -DIOAPI_NO_STDOUT=1 -DAVOID_FLUSH=1 -DBIT32=1 -I/home/alejandro/BLDLIB/ioapi-3.2/ioapi /home/alejandro/BLDLIB/ioapi-3.2/ioapi/rdsmatrx.f90
ifort: command line warning #10434: option '-stack_temps' use with underscore is deprecated; use '-stack-temps' instead
ifort: command line warning #10434: option '-safe_cray_ptr' use with underscore is deprecated; use '-safe-cray-ptr' instead
if [ ! -d /home/alejandro/BLDLIB/ioapi-3.2/Linux2_x86_64ifort ]; then mkdir -p /home/alejandro/BLDLIB/ioapi-3.2/Linux2_x86_64ifort; fi
cd /home/alejandro/BLDLIB/ioapi-3.2/Linux2_x86_64ifort; ifort -auto -warn notruncated_source -Bstatic -static-intel -c -DIOAPI_NCF4=1 -DAUTO_ARRAYS=1 -DF90=1 -DFLDMN=1 -DFSTR_L=int -DIOAPI_NO_STDOUT=1 -DAVOID_FLUSH=1 -DBIT32=1  -O3 -unroll -stack_temps -safe_cray_ptr -convert big_endian -assume byterecl  -traceback -xHost                                     -DIOAPI_NCF4=1 -DAUTO_ARRAYS=1 -DF90=1 -DFLDMN=1 -DFSTR_L=int -DIOAPI_NO_STDOUT=1 -DAVOID_FLUSH=1 -DBIT32=1 -I/home/alejandro/BLDLIB/ioapi-3.2/ioapi /home/alejandro/BLDLIB/ioapi-3.2/ioapi/runspec.f90
ifort: command line warning #10434: option '-stack_temps' use with underscore is deprecated; use '-stack-temps' instead
ifort: command line warning #10434: option '-safe_cray_ptr' use with underscore is deprecated; use '-safe-cray-ptr' instead
if [ ! -d /home/alejandro/BLDLIB/ioapi-3.2/Linux2_x86_64ifort ]; then mkdir -p /home/alejandro/BLDLIB/ioapi-3.2/Linux2_x86_64ifort; fi
cd /home/alejandro/BLDLIB/ioapi-3.2/Linux2_x86_64ifort; ifort -auto -warn notruncated_source -Bstatic -static-intel -c -DIOAPI_NCF4=1 -DAUTO_ARRAYS=1 -DF90=1 -DFLDMN=1 -DFSTR_L=int -DIOAPI_NO_STDOUT=1 -DAVOID_FLUSH=1 -DBIT32=1  -O3 -unroll -stack_temps -safe_cray_ptr -convert big_endian -assume byterecl  -traceback -xHost                                     -DIOAPI_NCF4=1 -DAUTO_ARRAYS=1 -DF90=1 -DFLDMN=1 -DFSTR_L=int -DIOAPI_NO_STDOUT=1 -DAVOID_FLUSH=1 -DBIT32=1 -I/home/alejandro/BLDLIB/ioapi-3.2/ioapi /home/alejandro/BLDLIB/ioapi-3.2/ioapi/sync3.f90
ifort: command line warning #10434: option '-stack_temps' use with underscore is deprecated; use '-stack-temps' instead
ifort: command line warning #10434: option '-safe_cray_ptr' use with underscore is deprecated; use '-safe-cray-ptr' instead
if [ ! -d /home/alejandro/BLDLIB/ioapi-3.2/Linux2_x86_64ifort ]; then mkdir -p /home/alejandro/BLDLIB/ioapi-3.2/Linux2_x86_64ifort; fi
cd /home/alejandro/BLDLIB/ioapi-3.2/Linux2_x86_64ifort; ifort -auto -warn notruncated_source -Bstatic -static-intel -c -DIOAPI_NCF4=1 -DAUTO_ARRAYS=1 -DF90=1 -DFLDMN=1 -DFSTR_L=int -DIOAPI_NO_STDOUT=1 -DAVOID_FLUSH=1 -DBIT32=1  -O3 -unroll -stack_temps -safe_cray_ptr -convert big_endian -assume byterecl  -traceback -xHost                                     -DIOAPI_NCF4=1 -DAUTO_ARRAYS=1 -DF90=1 -DFLDMN=1 -DFSTR_L=int -DIOAPI_NO_STDOUT=1 -DAVOID_FLUSH=1 -DBIT32=1 -I/home/alejandro/BLDLIB/ioapi-3.2/ioapi /home/alejandro/BLDLIB/ioapi-3.2/ioapi/wrdict3.f90
ifort: command line warning #10434: option '-stack_temps' use with underscore is deprecated; use '-stack-temps' instead
ifort: command line warning #10434: option '-safe_cray_ptr' use with underscore is deprecated; use '-safe-cray-ptr' instead
if [ ! -d /home/alejandro/BLDLIB/ioapi-3.2/Linux2_x86_64ifort ]; then mkdir -p /home/alejandro/BLDLIB/ioapi-3.2/Linux2_x86_64ifort; fi
cd /home/alejandro/BLDLIB/ioapi-3.2/Linux2_x86_64ifort; ifort -auto -warn notruncated_source -Bstatic -static-intel -c -DIOAPI_NCF4=1 -DAUTO_ARRAYS=1 -DF90=1 -DFLDMN=1 -DFSTR_L=int -DIOAPI_NO_STDOUT=1 -DAVOID_FLUSH=1 -DBIT32=1  -O3 -unroll -stack_temps -safe_cray_ptr -convert big_endian -assume byterecl  -traceback -xHost                                     -DIOAPI_NCF4=1 -DAUTO_ARRAYS=1 -DF90=1 -DFLDMN=1 -DFSTR_L=int -DIOAPI_NO_STDOUT=1 -DAVOID_FLUSH=1 -DBIT32=1 -I/home/alejandro/BLDLIB/ioapi-3.2/ioapi /home/alejandro/BLDLIB/ioapi-3.2/ioapi/wriddata.f90
ifort: command line warning #10434: option '-stack_temps' use with underscore is deprecated; use '-stack-temps' instead
ifort: command line warning #10434: option '-safe_cray_ptr' use with underscore is deprecated; use '-safe-cray-ptr' instead
if [ ! -d /home/alejandro/BLDLIB/ioapi-3.2/Linux2_x86_64ifort ]; then mkdir -p /home/alejandro/BLDLIB/ioapi-3.2/Linux2_x86_64ifort; fi
cd /home/alejandro/BLDLIB/ioapi-3.2/Linux2_x86_64ifort; ifort -auto -warn notruncated_source -Bstatic -static-intel -c -DIOAPI_NCF4=1 -DAUTO_ARRAYS=1 -DF90=1 -DFLDMN=1 -DFSTR_L=int -DIOAPI_NO_STDOUT=1 -DAVOID_FLUSH=1 -DBIT32=1  -O3 -unroll -stack_temps -safe_cray_ptr -convert big_endian -assume byterecl  -traceback -xHost                                     -DIOAPI_NCF4=1 -DAUTO_ARRAYS=1 -DF90=1 -DFLDMN=1 -DFSTR_L=int -DIOAPI_NO_STDOUT=1 -DAVOID_FLUSH=1 -DBIT32=1 -I/home/alejandro/BLDLIB/ioapi-3.2/ioapi /home/alejandro/BLDLIB/ioapi-3.2/ioapi/wrsmatrx.f90
ifort: command line warning #10434: option '-stack_temps' use with underscore is deprecated; use '-stack-temps' instead
ifort: command line warning #10434: option '-safe_cray_ptr' use with underscore is deprecated; use '-safe-cray-ptr' instead
if [ ! -d /home/alejandro/BLDLIB/ioapi-3.2/Linux2_x86_64ifort ]; then mkdir -p /home/alejandro/BLDLIB/ioapi-3.2/Linux2_x86_64ifort; fi
cd /home/alejandro/BLDLIB/ioapi-3.2/Linux2_x86_64ifort; ifort -auto -warn notruncated_source -Bstatic -static-intel -c -DIOAPI_NCF4=1 -DAUTO_ARRAYS=1 -DF90=1 -DFLDMN=1 -DFSTR_L=int -DIOAPI_NO_STDOUT=1 -DAVOID_FLUSH=1 -DBIT32=1  -O3 -unroll -stack_temps -safe_cray_ptr -convert big_endian -assume byterecl  -traceback -xHost                                     -DIOAPI_NCF4=1 -DAUTO_ARRAYS=1 -DF90=1 -DFLDMN=1 -DFSTR_L=int -DIOAPI_NO_STDOUT=1 -DAVOID_FLUSH=1 -DBIT32=1 -I/home/alejandro/BLDLIB/ioapi-3.2/ioapi /home/alejandro/BLDLIB/ioapi-3.2/ioapi/xtract3.f90
ifort: command line warning #10434: option '-stack_temps' use with underscore is deprecated; use '-stack-temps' instead
ifort: command line warning #10434: option '-safe_cray_ptr' use with underscore is deprecated; use '-safe-cray-ptr' instead
cd /home/alejandro/BLDLIB/ioapi-3.2/Linux2_x86_64ifort; ar rsv libioapi.a bilin.o bmatvec.o chkbuf3.o ckdesc3.o ckfile3.o ckgeom.o ckname.o crtbuf3.o currstep.o dble2real.o dbllist.o dmatvec.o dscgrid.o dt2str.o filchk3.o find1.o find2.o find3.o find4.o findc.o findr1.o findr2.o findr3.o findr4.o flush3.o gcd.o gctp.o getdble.o getmenu.o getnum.o getreal.o getstr.o getyn.o grdchk3.o gridops.o hhmmss.o index1.o initblk3.o intg2real.o intlist.o ioparms3.o lambert.o lblank.o len2.o ll2utm.o locat1.o locat2.o locat3.o locat4.o locatc.o locatr1.o locatr2.o locatr3.o locatr4.o lustr.o m3warn.o name2fid.o pcoef.o pgrdsum.o pmatvec.o poly.o promptdfile.o promptffile.o promptgrid.o promptmfile.o rdbndary.o rdbuf3.o rdcustom.o rdgrdded.o readsmet.o realist.o scanint.o setsphere.o sec2time.o str2dble.o skipl.o smatvec.o splitline.o str2int.o str2real.o strlist.o synchtao.o time2sec.o trimlen.o ungridb.o ungridi.o upcase.o utm2ll.o wrbndary.o wrbuf3.o wrcustom.o wrgrdded.o xtbuf3.o year4.o   chkfil3.o cktflag3.o crdict3.o crtkf.o kfindx.o kfopen.o m3abort.o modgctp.o opnlist3.o rddict3.o rdiddata.o rdsmatrx.o runspec.o sync3.o wrdict3.o wriddata.o wrsmatrx.o xtract3.o
a - bilin.o
a - bmatvec.o
a - chkbuf3.o
a - ckdesc3.o
a - ckfile3.o
a - ckgeom.o
a - ckname.o
a - crtbuf3.o
a - currstep.o
a - dble2real.o
a - dbllist.o
a - dmatvec.o
a - dscgrid.o
a - dt2str.o
a - filchk3.o
a - find1.o
a - find2.o
a - find3.o
a - find4.o
a - findc.o
a - findr1.o
a - findr2.o
a - findr3.o
a - findr4.o
a - flush3.o
a - gcd.o
a - gctp.o
a - getdble.o
a - getmenu.o
a - getnum.o
a - getreal.o
a - getstr.o
a - getyn.o
a - grdchk3.o
a - gridops.o
a - hhmmss.o
a - index1.o
a - initblk3.o
a - intg2real.o
a - intlist.o
a - ioparms3.o
a - lambert.o
a - lblank.o
a - len2.o
a - ll2utm.o
a - locat1.o
a - locat2.o
a - locat3.o
a - locat4.o
a - locatc.o
a - locatr1.o
a - locatr2.o
a - locatr3.o
a - locatr4.o
a - lustr.o
a - m3warn.o
a - name2fid.o
a - pcoef.o
a - pgrdsum.o
a - pmatvec.o
a - poly.o
a - promptdfile.o
a - promptffile.o
a - promptgrid.o
a - promptmfile.o
a - rdbndary.o
a - rdbuf3.o
a - rdcustom.o
a - rdgrdded.o
a - readsmet.o
a - realist.o
a - scanint.o
a - setsphere.o
a - sec2time.o
a - str2dble.o
a - skipl.o
a - smatvec.o
a - splitline.o
a - str2int.o
a - str2real.o
a - strlist.o
a - synchtao.o
a - time2sec.o
a - trimlen.o
a - ungridb.o
a - ungridi.o
a - upcase.o
a - utm2ll.o
a - wrbndary.o
a - wrbuf3.o
a - wrcustom.o
a - wrgrdded.o
a - xtbuf3.o
a - year4.o
a - chkfil3.o
a - cktflag3.o
a - crdict3.o
a - crtkf.o
a - kfindx.o
a - kfopen.o
a - m3abort.o
r - modgctp.o
a - opnlist3.o
a - rddict3.o
a - rdiddata.o
a - rdsmatrx.o
a - runspec.o
a - sync3.o
a - wrdict3.o
a - wriddata.o
a - wrsmatrx.o
a - xtract3.o
if [ ! -d /home/alejandro/BLDLIB/ioapi-3.2/Linux2_x86_64ifort ]; then mkdir -p /home/alejandro/BLDLIB/ioapi-3.2/Linux2_x86_64ifort; fi
cd /home/alejandro/BLDLIB/ioapi-3.2/Linux2_x86_64ifort; ifort -auto -warn notruncated_source -Bstatic -static-intel -c -DF90=1 -DIOAPI_NCF4=1 -DAUTO_ARRAYS=1 -DF90=1 -DFLDMN=1 -DFSTR_L=int -DIOAPI_NO_STDOUT=1 -DAVOID_FLUSH=1 -DBIT32=1  -O3 -unroll -stack_temps -safe_cray_ptr -convert big_endian -assume byterecl  -traceback -xHost                                     -DIOAPI_NCF4=1 -DAUTO_ARRAYS=1 -DF90=1 -DFLDMN=1 -DFSTR_L=int -DIOAPI_NO_STDOUT=1 -DAVOID_FLUSH=1 -DBIT32=1 -I/home/alejandro/BLDLIB/ioapi-3.2/ioapi /home/alejandro/BLDLIB/ioapi-3.2/ioapi/cbarnes1.F
ifort: command line warning #10434: option '-stack_temps' use with underscore is deprecated; use '-stack-temps' instead
ifort: command line warning #10434: option '-safe_cray_ptr' use with underscore is deprecated; use '-safe-cray-ptr' instead
if [ ! -d /home/alejandro/BLDLIB/ioapi-3.2/Linux2_x86_64ifort ]; then mkdir -p /home/alejandro/BLDLIB/ioapi-3.2/Linux2_x86_64ifort; fi
cd /home/alejandro/BLDLIB/ioapi-3.2/Linux2_x86_64ifort; ifort -auto -warn notruncated_source -Bstatic -static-intel -c -DF90=1 -DIOAPI_NCF4=1 -DAUTO_ARRAYS=1 -DF90=1 -DFLDMN=1 -DFSTR_L=int -DIOAPI_NO_STDOUT=1 -DAVOID_FLUSH=1 -DBIT32=1  -O3 -unroll -stack_temps -safe_cray_ptr -convert big_endian -assume byterecl  -traceback -xHost                                     -DIOAPI_NCF4=1 -DAUTO_ARRAYS=1 -DF90=1 -DFLDMN=1 -DFSTR_L=int -DIOAPI_NO_STDOUT=1 -DAVOID_FLUSH=1 -DBIT32=1 -I/home/alejandro/BLDLIB/ioapi-3.2/ioapi /home/alejandro/BLDLIB/ioapi-3.2/ioapi/cbarnesN.F
ifort: command line warning #10434: option '-stack_temps' use with underscore is deprecated; use '-stack-temps' instead
ifort: command line warning #10434: option '-safe_cray_ptr' use with underscore is deprecated; use '-safe-cray-ptr' instead
if [ ! -d /home/alejandro/BLDLIB/ioapi-3.2/Linux2_x86_64ifort ]; then mkdir -p /home/alejandro/BLDLIB/ioapi-3.2/Linux2_x86_64ifort; fi
cd /home/alejandro/BLDLIB/ioapi-3.2/Linux2_x86_64ifort; ifort -auto -warn notruncated_source -Bstatic -static-intel -c -DF90=1 -DIOAPI_NCF4=1 -DAUTO_ARRAYS=1 -DF90=1 -DFLDMN=1 -DFSTR_L=int -DIOAPI_NO_STDOUT=1 -DAVOID_FLUSH=1 -DBIT32=1  -O3 -unroll -stack_temps -safe_cray_ptr -convert big_endian -assume byterecl  -traceback -xHost                                     -DIOAPI_NCF4=1 -DAUTO_ARRAYS=1 -DF90=1 -DFLDMN=1 -DFSTR_L=int -DIOAPI_NO_STDOUT=1 -DAVOID_FLUSH=1 -DBIT32=1 -I/home/alejandro/BLDLIB/ioapi-3.2/ioapi /home/alejandro/BLDLIB/ioapi-3.2/ioapi/check3.F
ifort: command line warning #10434: option '-stack_temps' use with underscore is deprecated; use '-stack-temps' instead
ifort: command line warning #10434: option '-safe_cray_ptr' use with underscore is deprecated; use '-safe-cray-ptr' instead
if [ ! -d /home/alejandro/BLDLIB/ioapi-3.2/Linux2_x86_64ifort ]; then mkdir -p /home/alejandro/BLDLIB/ioapi-3.2/Linux2_x86_64ifort; fi
cd /home/alejandro/BLDLIB/ioapi-3.2/Linux2_x86_64ifort; ifort -auto -warn notruncated_source -Bstatic -static-intel -c -DF90=1 -DIOAPI_NCF4=1 -DAUTO_ARRAYS=1 -DF90=1 -DFLDMN=1 -DFSTR_L=int -DIOAPI_NO_STDOUT=1 -DAVOID_FLUSH=1 -DBIT32=1  -O3 -unroll -stack_temps -safe_cray_ptr -convert big_endian -assume byterecl  -traceback -xHost                                     -DIOAPI_NCF4=1 -DAUTO_ARRAYS=1 -DF90=1 -DFLDMN=1 -DFSTR_L=int -DIOAPI_NO_STDOUT=1 -DAVOID_FLUSH=1 -DBIT32=1 -I/home/alejandro/BLDLIB/ioapi-3.2/ioapi /home/alejandro/BLDLIB/ioapi-3.2/ioapi/crlf.F
ifort: command line warning #10434: option '-stack_temps' use with underscore is deprecated; use '-stack-temps' instead
ifort: command line warning #10434: option '-safe_cray_ptr' use with underscore is deprecated; use '-safe-cray-ptr' instead
if [ ! -d /home/alejandro/BLDLIB/ioapi-3.2/Linux2_x86_64ifort ]; then mkdir -p /home/alejandro/BLDLIB/ioapi-3.2/Linux2_x86_64ifort; fi
cd /home/alejandro/BLDLIB/ioapi-3.2/Linux2_x86_64ifort; ifort -auto -warn notruncated_source -Bstatic -static-intel -c -DIOAPI_NCF4=1 -DAUTO_ARRAYS=1 -DF90=1 -DFLDMN=1 -DFSTR_L=int -DIOAPI_NO_STDOUT=1 -DAVOID_FLUSH=1 -DBIT32=1  -O3 -unroll -stack_temps -safe_cray_ptr -convert big_endian -assume byterecl  -traceback -xHost                                     -DIOAPI_NCF4=1 -DAUTO_ARRAYS=1 -DF90=1 -DFLDMN=1 -DFSTR_L=int -DIOAPI_NO_STDOUT=1 -DAVOID_FLUSH=1 -DBIT32=1 -I/home/alejandro/BLDLIB/ioapi-3.2/ioapi /home/alejandro/BLDLIB/ioapi-3.2/ioapi/currec.f
ifort: command line warning #10434: option '-stack_temps' use with underscore is deprecated; use '-stack-temps' instead
ifort: command line warning #10434: option '-safe_cray_ptr' use with underscore is deprecated; use '-safe-cray-ptr' instead
if [ ! -d /home/alejandro/BLDLIB/ioapi-3.2/Linux2_x86_64ifort ]; then mkdir -p /home/alejandro/BLDLIB/ioapi-3.2/Linux2_x86_64ifort; fi
cd /home/alejandro/BLDLIB/ioapi-3.2/Linux2_x86_64ifort; ifort -auto -warn notruncated_source -Bstatic -static-intel -c -DF90=1 -DIOAPI_NCF4=1 -DAUTO_ARRAYS=1 -DF90=1 -DFLDMN=1 -DFSTR_L=int -DIOAPI_NO_STDOUT=1 -DAVOID_FLUSH=1 -DBIT32=1  -O3 -unroll -stack_temps -safe_cray_ptr -convert big_endian -assume byterecl  -traceback -xHost                                     -DIOAPI_NCF4=1 -DAUTO_ARRAYS=1 -DF90=1 -DFLDMN=1 -DFSTR_L=int -DIOAPI_NO_STDOUT=1 -DAVOID_FLUSH=1 -DBIT32=1 -I/home/alejandro/BLDLIB/ioapi-3.2/ioapi /home/alejandro/BLDLIB/ioapi-3.2/ioapi/daymon.F
ifort: command line warning #10434: option '-stack_temps' use with underscore is deprecated; use '-stack-temps' instead
ifort: command line warning #10434: option '-safe_cray_ptr' use with underscore is deprecated; use '-safe-cray-ptr' instead
if [ ! -d /home/alejandro/BLDLIB/ioapi-3.2/Linux2_x86_64ifort ]; then mkdir -p /home/alejandro/BLDLIB/ioapi-3.2/Linux2_x86_64ifort; fi
cd /home/alejandro/BLDLIB/ioapi-3.2/Linux2_x86_64ifort; ifort -auto -warn notruncated_source -Bstatic -static-intel -c -DF90=1 -DIOAPI_NCF4=1 -DAUTO_ARRAYS=1 -DF90=1 -DFLDMN=1 -DFSTR_L=int -DIOAPI_NO_STDOUT=1 -DAVOID_FLUSH=1 -DBIT32=1  -O3 -unroll -stack_temps -safe_cray_ptr -convert big_endian -assume byterecl  -traceback -xHost                                     -DIOAPI_NCF4=1 -DAUTO_ARRAYS=1 -DF90=1 -DFLDMN=1 -DFSTR_L=int -DIOAPI_NO_STDOUT=1 -DAVOID_FLUSH=1 -DBIT32=1 -I/home/alejandro/BLDLIB/ioapi-3.2/ioapi /home/alejandro/BLDLIB/ioapi-3.2/ioapi/ddtvar3.F
ifort: command line warning #10434: option '-stack_temps' use with underscore is deprecated; use '-stack-temps' instead
ifort: command line warning #10434: option '-safe_cray_ptr' use with underscore is deprecated; use '-safe-cray-ptr' instead
if [ ! -d /home/alejandro/BLDLIB/ioapi-3.2/Linux2_x86_64ifort ]; then mkdir -p /home/alejandro/BLDLIB/ioapi-3.2/Linux2_x86_64ifort; fi
cd /home/alejandro/BLDLIB/ioapi-3.2/Linux2_x86_64ifort; ifort -auto -warn notruncated_source -Bstatic -static-intel -c -DF90=1 -DIOAPI_NCF4=1 -DAUTO_ARRAYS=1 -DF90=1 -DFLDMN=1 -DFSTR_L=int -DIOAPI_NO_STDOUT=1 -DAVOID_FLUSH=1 -DBIT32=1  -O3 -unroll -stack_temps -safe_cray_ptr -convert big_endian -assume byterecl  -traceback -xHost                                     -DIOAPI_NCF4=1 -DAUTO_ARRAYS=1 -DF90=1 -DFLDMN=1 -DFSTR_L=int -DIOAPI_NO_STDOUT=1 -DAVOID_FLUSH=1 -DBIT32=1 -I/home/alejandro/BLDLIB/ioapi-3.2/ioapi /home/alejandro/BLDLIB/ioapi-3.2/ioapi/ddtvar3v.F
ifort: command line warning #10434: option '-stack_temps' use with underscore is deprecated; use '-stack-temps' instead
ifort: command line warning #10434: option '-safe_cray_ptr' use with underscore is deprecated; use '-safe-cray-ptr' instead
if [ ! -d /home/alejandro/BLDLIB/ioapi-3.2/Linux2_x86_64ifort ]; then mkdir -p /home/alejandro/BLDLIB/ioapi-3.2/Linux2_x86_64ifort; fi
cd /home/alejandro/BLDLIB/ioapi-3.2/Linux2_x86_64ifort; ifort -auto -warn notruncated_source -Bstatic -static-intel -c -DF90=1 -DIOAPI_NCF4=1 -DAUTO_ARRAYS=1 -DF90=1 -DFLDMN=1 -DFSTR_L=int -DIOAPI_NO_STDOUT=1 -DAVOID_FLUSH=1 -DBIT32=1  -O3 -unroll -stack_temps -safe_cray_ptr -convert big_endian -assume byterecl  -traceback -xHost                                     -DIOAPI_NCF4=1 -DAUTO_ARRAYS=1 -DF90=1 -DFLDMN=1 -DFSTR_L=int -DIOAPI_NO_STDOUT=1 -DAVOID_FLUSH=1 -DBIT32=1 -I/home/alejandro/BLDLIB/ioapi-3.2/ioapi /home/alejandro/BLDLIB/ioapi-3.2/ioapi/getdate.F
ifort: command line warning #10434: option '-stack_temps' use with underscore is deprecated; use '-stack-temps' instead
ifort: command line warning #10434: option '-safe_cray_ptr' use with underscore is deprecated; use '-safe-cray-ptr' instead
if [ ! -d /home/alejandro/BLDLIB/ioapi-3.2/Linux2_x86_64ifort ]; then mkdir -p /home/alejandro/BLDLIB/ioapi-3.2/Linux2_x86_64ifort; fi
cd /home/alejandro/BLDLIB/ioapi-3.2/Linux2_x86_64ifort; ifort -auto -warn notruncated_source -Bstatic -static-intel -c -DF90=1 -DIOAPI_NCF4=1 -DAUTO_ARRAYS=1 -DF90=1 -DFLDMN=1 -DFSTR_L=int -DIOAPI_NO_STDOUT=1 -DAVOID_FLUSH=1 -DBIT32=1  -O3 -unroll -stack_temps -safe_cray_ptr -convert big_endian -assume byterecl  -traceback -xHost                                     -DIOAPI_NCF4=1 -DAUTO_ARRAYS=1 -DF90=1 -DFLDMN=1 -DFSTR_L=int -DIOAPI_NO_STDOUT=1 -DAVOID_FLUSH=1 -DBIT32=1 -I/home/alejandro/BLDLIB/ioapi-3.2/ioapi /home/alejandro/BLDLIB/ioapi-3.2/ioapi/getdfile.F
ifort: command line warning #10434: option '-stack_temps' use with underscore is deprecated; use '-stack-temps' instead
ifort: command line warning #10434: option '-safe_cray_ptr' use with underscore is deprecated; use '-safe-cray-ptr' instead
if [ ! -d /home/alejandro/BLDLIB/ioapi-3.2/Linux2_x86_64ifort ]; then mkdir -p /home/alejandro/BLDLIB/ioapi-3.2/Linux2_x86_64ifort; fi
cd /home/alejandro/BLDLIB/ioapi-3.2/Linux2_x86_64ifort; ifort -auto -warn notruncated_source -Bstatic -static-intel -c -DF90=1 -DIOAPI_NCF4=1 -DAUTO_ARRAYS=1 -DF90=1 -DFLDMN=1 -DFSTR_L=int -DIOAPI_NO_STDOUT=1 -DAVOID_FLUSH=1 -DBIT32=1  -O3 -unroll -stack_temps -safe_cray_ptr -convert big_endian -assume byterecl  -traceback -xHost                                     -DIOAPI_NCF4=1 -DAUTO_ARRAYS=1 -DF90=1 -DFLDMN=1 -DFSTR_L=int -DIOAPI_NO_STDOUT=1 -DAVOID_FLUSH=1 -DBIT32=1 -I/home/alejandro/BLDLIB/ioapi-3.2/ioapi /home/alejandro/BLDLIB/ioapi-3.2/ioapi/getefile.F
ifort: command line warning #10434: option '-stack_temps' use with underscore is deprecated; use '-stack-temps' instead
ifort: command line warning #10434: option '-safe_cray_ptr' use with underscore is deprecated; use '-safe-cray-ptr' instead
if [ ! -d /home/alejandro/BLDLIB/ioapi-3.2/Linux2_x86_64ifort ]; then mkdir -p /home/alejandro/BLDLIB/ioapi-3.2/Linux2_x86_64ifort; fi
cd /home/alejandro/BLDLIB/ioapi-3.2/Linux2_x86_64ifort; ifort -auto -warn notruncated_source -Bstatic -static-intel -c -DF90=1 -DIOAPI_NCF4=1 -DAUTO_ARRAYS=1 -DF90=1 -DFLDMN=1 -DFSTR_L=int -DIOAPI_NO_STDOUT=1 -DAVOID_FLUSH=1 -DBIT32=1  -O3 -unroll -stack_temps -safe_cray_ptr -convert big_endian -assume byterecl  -traceback -xHost                                     -DIOAPI_NCF4=1 -DAUTO_ARRAYS=1 -DF90=1 -DFLDMN=1 -DFSTR_L=int -DIOAPI_NO_STDOUT=1 -DAVOID_FLUSH=1 -DBIT32=1 -I/home/alejandro/BLDLIB/ioapi-3.2/ioapi /home/alejandro/BLDLIB/ioapi-3.2/ioapi/getffile.F
ifort: command line warning #10434: option '-stack_temps' use with underscore is deprecated; use '-stack-temps' instead
ifort: command line warning #10434: option '-safe_cray_ptr' use with underscore is deprecated; use '-safe-cray-ptr' instead
if [ ! -d /home/alejandro/BLDLIB/ioapi-3.2/Linux2_x86_64ifort ]; then mkdir -p /home/alejandro/BLDLIB/ioapi-3.2/Linux2_x86_64ifort; fi
cd /home/alejandro/BLDLIB/ioapi-3.2/Linux2_x86_64ifort; ifort -auto -warn notruncated_source -Bstatic -static-intel -c -DF90=1 -DIOAPI_NCF4=1 -DAUTO_ARRAYS=1 -DF90=1 -DFLDMN=1 -DFSTR_L=int -DIOAPI_NO_STDOUT=1 -DAVOID_FLUSH=1 -DBIT32=1  -O3 -unroll -stack_temps -safe_cray_ptr -convert big_endian -assume byterecl  -traceback -xHost                                     -DIOAPI_NCF4=1 -DAUTO_ARRAYS=1 -DF90=1 -DFLDMN=1 -DFSTR_L=int -DIOAPI_NO_STDOUT=1 -DAVOID_FLUSH=1 -DBIT32=1 -I/home/alejandro/BLDLIB/ioapi-3.2/ioapi /home/alejandro/BLDLIB/ioapi-3.2/ioapi/initlog3.F
ifort: command line warning #10434: option '-stack_temps' use with underscore is deprecated; use '-stack-temps' instead
ifort: command line warning #10434: option '-safe_cray_ptr' use with underscore is deprecated; use '-safe-cray-ptr' instead
if [ ! -d /home/alejandro/BLDLIB/ioapi-3.2/Linux2_x86_64ifort ]; then mkdir -p /home/alejandro/BLDLIB/ioapi-3.2/Linux2_x86_64ifort; fi
cd /home/alejandro/BLDLIB/ioapi-3.2/Linux2_x86_64ifort; ifort -auto -warn notruncated_source -Bstatic -static-intel -c -DF90=1 -DIOAPI_NCF4=1 -DAUTO_ARRAYS=1 -DF90=1 -DFLDMN=1 -DFSTR_L=int -DIOAPI_NO_STDOUT=1 -DAVOID_FLUSH=1 -DBIT32=1  -O3 -unroll -stack_temps -safe_cray_ptr -convert big_endian -assume byterecl  -traceback -xHost                                     -DIOAPI_NCF4=1 -DAUTO_ARRAYS=1 -DF90=1 -DFLDMN=1 -DFSTR_L=int -DIOAPI_NO_STDOUT=1 -DAVOID_FLUSH=1 -DBIT32=1 -I/home/alejandro/BLDLIB/ioapi-3.2/ioapi /home/alejandro/BLDLIB/ioapi-3.2/ioapi/interp3.F
ifort: command line warning #10434: option '-stack_temps' use with underscore is deprecated; use '-stack-temps' instead
ifort: command line warning #10434: option '-safe_cray_ptr' use with underscore is deprecated; use '-safe-cray-ptr' instead
if [ ! -d /home/alejandro/BLDLIB/ioapi-3.2/Linux2_x86_64ifort ]; then mkdir -p /home/alejandro/BLDLIB/ioapi-3.2/Linux2_x86_64ifort; fi
cd /home/alejandro/BLDLIB/ioapi-3.2/Linux2_x86_64ifort; ifort -auto -warn notruncated_source -Bstatic -static-intel -c -DF90=1 -DIOAPI_NCF4=1 -DAUTO_ARRAYS=1 -DF90=1 -DFLDMN=1 -DFSTR_L=int -DIOAPI_NO_STDOUT=1 -DAVOID_FLUSH=1 -DBIT32=1  -O3 -unroll -stack_temps -safe_cray_ptr -convert big_endian -assume byterecl  -traceback -xHost                                     -DIOAPI_NCF4=1 -DAUTO_ARRAYS=1 -DF90=1 -DFLDMN=1 -DFSTR_L=int -DIOAPI_NO_STDOUT=1 -DAVOID_FLUSH=1 -DBIT32=1 -I/home/alejandro/BLDLIB/ioapi-3.2/ioapi /home/alejandro/BLDLIB/ioapi-3.2/ioapi/isdstime.F
ifort: command line warning #10434: option '-stack_temps' use with underscore is deprecated; use '-stack-temps' instead
ifort: command line warning #10434: option '-safe_cray_ptr' use with underscore is deprecated; use '-safe-cray-ptr' instead
if [ ! -d /home/alejandro/BLDLIB/ioapi-3.2/Linux2_x86_64ifort ]; then mkdir -p /home/alejandro/BLDLIB/ioapi-3.2/Linux2_x86_64ifort; fi
cd /home/alejandro/BLDLIB/ioapi-3.2/Linux2_x86_64ifort; ifort -auto -warn notruncated_source -Bstatic -static-intel -c -DF90=1 -DIOAPI_NCF4=1 -DAUTO_ARRAYS=1 -DF90=1 -DFLDMN=1 -DFSTR_L=int -DIOAPI_NO_STDOUT=1 -DAVOID_FLUSH=1 -DBIT32=1  -O3 -unroll -stack_temps -safe_cray_ptr -convert big_endian -assume byterecl  -traceback -xHost                                     -DIOAPI_NCF4=1 -DAUTO_ARRAYS=1 -DF90=1 -DFLDMN=1 -DFSTR_L=int -DIOAPI_NO_STDOUT=1 -DAVOID_FLUSH=1 -DBIT32=1 -I/home/alejandro/BLDLIB/ioapi-3.2/ioapi /home/alejandro/BLDLIB/ioapi-3.2/ioapi/jstep3.F
ifort: command line warning #10434: option '-stack_temps' use with underscore is deprecated; use '-stack-temps' instead
ifort: command line warning #10434: option '-safe_cray_ptr' use with underscore is deprecated; use '-safe-cray-ptr' instead
if [ ! -d /home/alejandro/BLDLIB/ioapi-3.2/Linux2_x86_64ifort ]; then mkdir -p /home/alejandro/BLDLIB/ioapi-3.2/Linux2_x86_64ifort; fi
cd /home/alejandro/BLDLIB/ioapi-3.2/Linux2_x86_64ifort; ifort -auto -warn notruncated_source -Bstatic -static-intel -c -DF90=1 -DIOAPI_NCF4=1 -DAUTO_ARRAYS=1 -DF90=1 -DFLDMN=1 -DFSTR_L=int -DIOAPI_NO_STDOUT=1 -DAVOID_FLUSH=1 -DBIT32=1  -O3 -unroll -stack_temps -safe_cray_ptr -convert big_endian -assume byterecl  -traceback -xHost                                     -DIOAPI_NCF4=1 -DAUTO_ARRAYS=1 -DF90=1 -DFLDMN=1 -DFSTR_L=int -DIOAPI_NO_STDOUT=1 -DAVOID_FLUSH=1 -DBIT32=1 -I/home/alejandro/BLDLIB/ioapi-3.2/ioapi /home/alejandro/BLDLIB/ioapi-3.2/ioapi/julian.F
ifort: command line warning #10434: option '-stack_temps' use with underscore is deprecated; use '-stack-temps' instead
ifort: command line warning #10434: option '-safe_cray_ptr' use with underscore is deprecated; use '-safe-cray-ptr' instead
if [ ! -d /home/alejandro/BLDLIB/ioapi-3.2/Linux2_x86_64ifort ]; then mkdir -p /home/alejandro/BLDLIB/ioapi-3.2/Linux2_x86_64ifort; fi
cd /home/alejandro/BLDLIB/ioapi-3.2/Linux2_x86_64ifort; ifort -auto -warn notruncated_source -Bstatic -static-intel -c -DF90=1 -DIOAPI_NCF4=1 -DAUTO_ARRAYS=1 -DF90=1 -DFLDMN=1 -DFSTR_L=int -DIOAPI_NO_STDOUT=1 -DAVOID_FLUSH=1 -DBIT32=1  -O3 -unroll -stack_temps -safe_cray_ptr -convert big_endian -assume byterecl  -traceback -xHost                                     -DIOAPI_NCF4=1 -DAUTO_ARRAYS=1 -DF90=1 -DFLDMN=1 -DFSTR_L=int -DIOAPI_NO_STDOUT=1 -DAVOID_FLUSH=1 -DBIT32=1 -I/home/alejandro/BLDLIB/ioapi-3.2/ioapi /home/alejandro/BLDLIB/ioapi-3.2/ioapi/junit.F
ifort: command line warning #10434: option '-stack_temps' use with underscore is deprecated; use '-stack-temps' instead
ifort: command line warning #10434: option '-safe_cray_ptr' use with underscore is deprecated; use '-safe-cray-ptr' instead
if [ ! -d /home/alejandro/BLDLIB/ioapi-3.2/Linux2_x86_64ifort ]; then mkdir -p /home/alejandro/BLDLIB/ioapi-3.2/Linux2_x86_64ifort; fi
cd /home/alejandro/BLDLIB/ioapi-3.2/Linux2_x86_64ifort; ifort -auto -warn notruncated_source -Bstatic -static-intel -c -DF90=1 -DIOAPI_NCF4=1 -DAUTO_ARRAYS=1 -DF90=1 -DFLDMN=1 -DFSTR_L=int -DIOAPI_NO_STDOUT=1 -DAVOID_FLUSH=1 -DBIT32=1  -O3 -unroll -stack_temps -safe_cray_ptr -convert big_endian -assume byterecl  -traceback -xHost                                     -DIOAPI_NCF4=1 -DAUTO_ARRAYS=1 -DF90=1 -DFLDMN=1 -DFSTR_L=int -DIOAPI_NO_STDOUT=1 -DAVOID_FLUSH=1 -DBIT32=1 -I/home/alejandro/BLDLIB/ioapi-3.2/ioapi /home/alejandro/BLDLIB/ioapi-3.2/ioapi/m3err.F
ifort: command line warning #10434: option '-stack_temps' use with underscore is deprecated; use '-stack-temps' instead
ifort: command line warning #10434: option '-safe_cray_ptr' use with underscore is deprecated; use '-safe-cray-ptr' instead
if [ ! -d /home/alejandro/BLDLIB/ioapi-3.2/Linux2_x86_64ifort ]; then mkdir -p /home/alejandro/BLDLIB/ioapi-3.2/Linux2_x86_64ifort; fi
cd /home/alejandro/BLDLIB/ioapi-3.2/Linux2_x86_64ifort; ifort -auto -warn notruncated_source -Bstatic -static-intel -c -DF90=1 -DIOAPI_NCF4=1 -DAUTO_ARRAYS=1 -DF90=1 -DFLDMN=1 -DFSTR_L=int -DIOAPI_NO_STDOUT=1 -DAVOID_FLUSH=1 -DBIT32=1  -O3 -unroll -stack_temps -safe_cray_ptr -convert big_endian -assume byterecl  -traceback -xHost                                     -DIOAPI_NCF4=1 -DAUTO_ARRAYS=1 -DF90=1 -DFLDMN=1 -DFSTR_L=int -DIOAPI_NO_STDOUT=1 -DAVOID_FLUSH=1 -DBIT32=1 -I/home/alejandro/BLDLIB/ioapi-3.2/ioapi /home/alejandro/BLDLIB/ioapi-3.2/ioapi/m3exit.F
ifort: command line warning #10434: option '-stack_temps' use with underscore is deprecated; use '-stack-temps' instead
ifort: command line warning #10434: option '-safe_cray_ptr' use with underscore is deprecated; use '-safe-cray-ptr' instead
if [ ! -d /home/alejandro/BLDLIB/ioapi-3.2/Linux2_x86_64ifort ]; then mkdir -p /home/alejandro/BLDLIB/ioapi-3.2/Linux2_x86_64ifort; fi
cd /home/alejandro/BLDLIB/ioapi-3.2/Linux2_x86_64ifort; ifort -auto -warn notruncated_source -Bstatic -static-intel -c -DF90=1 -DIOAPI_NCF4=1 -DAUTO_ARRAYS=1 -DF90=1 -DFLDMN=1 -DFSTR_L=int -DIOAPI_NO_STDOUT=1 -DAVOID_FLUSH=1 -DBIT32=1  -O3 -unroll -stack_temps -safe_cray_ptr -convert big_endian -assume byterecl  -traceback -xHost                                     -DIOAPI_NCF4=1 -DAUTO_ARRAYS=1 -DF90=1 -DFLDMN=1 -DFSTR_L=int -DIOAPI_NO_STDOUT=1 -DAVOID_FLUSH=1 -DBIT32=1 -I/home/alejandro/BLDLIB/ioapi-3.2/ioapi /home/alejandro/BLDLIB/ioapi-3.2/ioapi/m3msg2.F
ifort: command line warning #10434: option '-stack_temps' use with underscore is deprecated; use '-stack-temps' instead
ifort: command line warning #10434: option '-safe_cray_ptr' use with underscore is deprecated; use '-safe-cray-ptr' instead
if [ ! -d /home/alejandro/BLDLIB/ioapi-3.2/Linux2_x86_64ifort ]; then mkdir -p /home/alejandro/BLDLIB/ioapi-3.2/Linux2_x86_64ifort; fi
cd /home/alejandro/BLDLIB/ioapi-3.2/Linux2_x86_64ifort; ifort -auto -warn notruncated_source -Bstatic -static-intel -c -DF90=1 -DIOAPI_NCF4=1 -DAUTO_ARRAYS=1 -DF90=1 -DFLDMN=1 -DFSTR_L=int -DIOAPI_NO_STDOUT=1 -DAVOID_FLUSH=1 -DBIT32=1  -O3 -unroll -stack_temps -safe_cray_ptr -convert big_endian -assume byterecl  -traceback -xHost                                     -DIOAPI_NCF4=1 -DAUTO_ARRAYS=1 -DF90=1 -DFLDMN=1 -DFSTR_L=int -DIOAPI_NO_STDOUT=1 -DAVOID_FLUSH=1 -DBIT32=1 -I/home/alejandro/BLDLIB/ioapi-3.2/ioapi /home/alejandro/BLDLIB/ioapi-3.2/ioapi/mmddyy.F
ifort: command line warning #10434: option '-stack_temps' use with underscore is deprecated; use '-stack-temps' instead
ifort: command line warning #10434: option '-safe_cray_ptr' use with underscore is deprecated; use '-safe-cray-ptr' instead
if [ ! -d /home/alejandro/BLDLIB/ioapi-3.2/Linux2_x86_64ifort ]; then mkdir -p /home/alejandro/BLDLIB/ioapi-3.2/Linux2_x86_64ifort; fi
cd /home/alejandro/BLDLIB/ioapi-3.2/Linux2_x86_64ifort; ifort -auto -warn notruncated_source -Bstatic -static-intel -c -DF90=1 -DIOAPI_NCF4=1 -DAUTO_ARRAYS=1 -DF90=1 -DFLDMN=1 -DFSTR_L=int -DIOAPI_NO_STDOUT=1 -DAVOID_FLUSH=1 -DBIT32=1  -O3 -unroll -stack_temps -safe_cray_ptr -convert big_endian -assume byterecl  -traceback -xHost                                     -DIOAPI_NCF4=1 -DAUTO_ARRAYS=1 -DF90=1 -DFLDMN=1 -DFSTR_L=int -DIOAPI_NO_STDOUT=1 -DAVOID_FLUSH=1 -DBIT32=1 -I/home/alejandro/BLDLIB/ioapi-3.2/ioapi /home/alejandro/BLDLIB/ioapi-3.2/ioapi/nextime.F
ifort: command line warning #10434: option '-stack_temps' use with underscore is deprecated; use '-stack-temps' instead
ifort: command line warning #10434: option '-safe_cray_ptr' use with underscore is deprecated; use '-safe-cray-ptr' instead
if [ ! -d /home/alejandro/BLDLIB/ioapi-3.2/Linux2_x86_64ifort ]; then mkdir -p /home/alejandro/BLDLIB/ioapi-3.2/Linux2_x86_64ifort; fi
cd /home/alejandro/BLDLIB/ioapi-3.2/Linux2_x86_64ifort; ifort -auto -warn notruncated_source -Bstatic -static-intel -c -DF90=1 -DIOAPI_NCF4=1 -DAUTO_ARRAYS=1 -DF90=1 -DFLDMN=1 -DFSTR_L=int -DIOAPI_NO_STDOUT=1 -DAVOID_FLUSH=1 -DBIT32=1  -O3 -unroll -stack_temps -safe_cray_ptr -convert big_endian -assume byterecl  -traceback -xHost                                     -DIOAPI_NCF4=1 -DAUTO_ARRAYS=1 -DF90=1 -DFLDMN=1 -DFSTR_L=int -DIOAPI_NO_STDOUT=1 -DAVOID_FLUSH=1 -DBIT32=1 -I/home/alejandro/BLDLIB/ioapi-3.2/ioapi /home/alejandro/BLDLIB/ioapi-3.2/ioapi/read3.F
ifort: command line warning #10434: option '-stack_temps' use with underscore is deprecated; use '-stack-temps' instead
ifort: command line warning #10434: option '-safe_cray_ptr' use with underscore is deprecated; use '-safe-cray-ptr' instead
if [ ! -d /home/alejandro/BLDLIB/ioapi-3.2/Linux2_x86_64ifort ]; then mkdir -p /home/alejandro/BLDLIB/ioapi-3.2/Linux2_x86_64ifort; fi
cd /home/alejandro/BLDLIB/ioapi-3.2/Linux2_x86_64ifort; ifort -auto -warn notruncated_source -Bstatic -static-intel -c -DF90=1 -DIOAPI_NCF4=1 -DAUTO_ARRAYS=1 -DF90=1 -DFLDMN=1 -DFSTR_L=int -DIOAPI_NO_STDOUT=1 -DAVOID_FLUSH=1 -DBIT32=1  -O3 -unroll -stack_temps -safe_cray_ptr -convert big_endian -assume byterecl  -traceback -xHost                                     -DIOAPI_NCF4=1 -DAUTO_ARRAYS=1 -DF90=1 -DFLDMN=1 -DFSTR_L=int -DIOAPI_NO_STDOUT=1 -DAVOID_FLUSH=1 -DBIT32=1 -I/home/alejandro/BLDLIB/ioapi-3.2/ioapi /home/alejandro/BLDLIB/ioapi-3.2/ioapi/read4d.F
ifort: command line warning #10434: option '-stack_temps' use with underscore is deprecated; use '-stack-temps' instead
ifort: command line warning #10434: option '-safe_cray_ptr' use with underscore is deprecated; use '-safe-cray-ptr' instead
if [ ! -d /home/alejandro/BLDLIB/ioapi-3.2/Linux2_x86_64ifort ]; then mkdir -p /home/alejandro/BLDLIB/ioapi-3.2/Linux2_x86_64ifort; fi
cd /home/alejandro/BLDLIB/ioapi-3.2/Linux2_x86_64ifort; ifort -auto -warn notruncated_source -Bstatic -static-intel -c -DF90=1 -DIOAPI_NCF4=1 -DAUTO_ARRAYS=1 -DF90=1 -DFLDMN=1 -DFSTR_L=int -DIOAPI_NO_STDOUT=1 -DAVOID_FLUSH=1 -DBIT32=1  -O3 -unroll -stack_temps -safe_cray_ptr -convert big_endian -assume byterecl  -traceback -xHost                                     -DIOAPI_NCF4=1 -DAUTO_ARRAYS=1 -DF90=1 -DFLDMN=1 -DFSTR_L=int -DIOAPI_NO_STDOUT=1 -DAVOID_FLUSH=1 -DBIT32=1 -I/home/alejandro/BLDLIB/ioapi-3.2/ioapi /home/alejandro/BLDLIB/ioapi-3.2/ioapi/secsdiff.F
ifort: command line warning #10434: option '-stack_temps' use with underscore is deprecated; use '-stack-temps' instead
ifort: command line warning #10434: option '-safe_cray_ptr' use with underscore is deprecated; use '-safe-cray-ptr' instead
if [ ! -d /home/alejandro/BLDLIB/ioapi-3.2/Linux2_x86_64ifort ]; then mkdir -p /home/alejandro/BLDLIB/ioapi-3.2/Linux2_x86_64ifort; fi
cd /home/alejandro/BLDLIB/ioapi-3.2/Linux2_x86_64ifort; ifort -auto -warn notruncated_source -Bstatic -static-intel -c -DF90=1 -DIOAPI_NCF4=1 -DAUTO_ARRAYS=1 -DF90=1 -DFLDMN=1 -DFSTR_L=int -DIOAPI_NO_STDOUT=1 -DAVOID_FLUSH=1 -DBIT32=1  -O3 -unroll -stack_temps -safe_cray_ptr -convert big_endian -assume byterecl  -traceback -xHost                                     -DIOAPI_NCF4=1 -DAUTO_ARRAYS=1 -DF90=1 -DFLDMN=1 -DFSTR_L=int -DIOAPI_NO_STDOUT=1 -DAVOID_FLUSH=1 -DBIT32=1 -I/home/alejandro/BLDLIB/ioapi-3.2/ioapi /home/alejandro/BLDLIB/ioapi-3.2/ioapi/wkday.F
ifort: command line warning #10434: option '-stack_temps' use with underscore is deprecated; use '-stack-temps' instead
ifort: command line warning #10434: option '-safe_cray_ptr' use with underscore is deprecated; use '-safe-cray-ptr' instead
if [ ! -d /home/alejandro/BLDLIB/ioapi-3.2/Linux2_x86_64ifort ]; then mkdir -p /home/alejandro/BLDLIB/ioapi-3.2/Linux2_x86_64ifort; fi
cd /home/alejandro/BLDLIB/ioapi-3.2/Linux2_x86_64ifort; ifort -auto -warn notruncated_source -Bstatic -static-intel -c -DF90=1 -DIOAPI_NCF4=1 -DAUTO_ARRAYS=1 -DF90=1 -DFLDMN=1 -DFSTR_L=int -DIOAPI_NO_STDOUT=1 -DAVOID_FLUSH=1 -DBIT32=1  -O3 -unroll -stack_temps -safe_cray_ptr -convert big_endian -assume byterecl  -traceback -xHost                                     -DIOAPI_NCF4=1 -DAUTO_ARRAYS=1 -DF90=1 -DFLDMN=1 -DFSTR_L=int -DIOAPI_NO_STDOUT=1 -DAVOID_FLUSH=1 -DBIT32=1 -I/home/alejandro/BLDLIB/ioapi-3.2/ioapi /home/alejandro/BLDLIB/ioapi-3.2/ioapi/write3.F
ifort: command line warning #10434: option '-stack_temps' use with underscore is deprecated; use '-stack-temps' instead
ifort: command line warning #10434: option '-safe_cray_ptr' use with underscore is deprecated; use '-safe-cray-ptr' instead
if [ ! -d /home/alejandro/BLDLIB/ioapi-3.2/Linux2_x86_64ifort ]; then mkdir -p /home/alejandro/BLDLIB/ioapi-3.2/Linux2_x86_64ifort; fi
cd /home/alejandro/BLDLIB/ioapi-3.2/Linux2_x86_64ifort; ifort -auto -warn notruncated_source -Bstatic -static-intel -c -DF90=1 -DIOAPI_NCF4=1 -DAUTO_ARRAYS=1 -DF90=1 -DFLDMN=1 -DFSTR_L=int -DIOAPI_NO_STDOUT=1 -DAVOID_FLUSH=1 -DBIT32=1  -O3 -unroll -stack_temps -safe_cray_ptr -convert big_endian -assume byterecl  -traceback -xHost                                     -DIOAPI_NCF4=1 -DAUTO_ARRAYS=1 -DF90=1 -DFLDMN=1 -DFSTR_L=int -DIOAPI_NO_STDOUT=1 -DAVOID_FLUSH=1 -DBIT32=1 -I/home/alejandro/BLDLIB/ioapi-3.2/ioapi /home/alejandro/BLDLIB/ioapi-3.2/ioapi/write4d.F
ifort: command line warning #10434: option '-stack_temps' use with underscore is deprecated; use '-stack-temps' instead
ifort: command line warning #10434: option '-safe_cray_ptr' use with underscore is deprecated; use '-safe-cray-ptr' instead
if [ ! -d /home/alejandro/BLDLIB/ioapi-3.2/Linux2_x86_64ifort ]; then mkdir -p /home/alejandro/BLDLIB/ioapi-3.2/Linux2_x86_64ifort; fi
cd /home/alejandro/BLDLIB/ioapi-3.2/Linux2_x86_64ifort; ifort -auto -warn notruncated_source -Bstatic -static-intel -c -DF90=1 -DIOAPI_NCF4=1 -DAUTO_ARRAYS=1 -DF90=1 -DFLDMN=1 -DFSTR_L=int -DIOAPI_NO_STDOUT=1 -DAVOID_FLUSH=1 -DBIT32=1  -O3 -unroll -stack_temps -safe_cray_ptr -convert big_endian -assume byterecl  -traceback -xHost                                     -DIOAPI_NCF4=1 -DAUTO_ARRAYS=1 -DF90=1 -DFLDMN=1 -DFSTR_L=int -DIOAPI_NO_STDOUT=1 -DAVOID_FLUSH=1 -DBIT32=1 -I/home/alejandro/BLDLIB/ioapi-3.2/ioapi /home/alejandro/BLDLIB/ioapi-3.2/ioapi/yr2day.F
ifort: command line warning #10434: option '-stack_temps' use with underscore is deprecated; use '-stack-temps' instead
ifort: command line warning #10434: option '-safe_cray_ptr' use with underscore is deprecated; use '-safe-cray-ptr' instead
if [ ! -d /home/alejandro/BLDLIB/ioapi-3.2/Linux2_x86_64ifort ]; then mkdir -p /home/alejandro/BLDLIB/ioapi-3.2/Linux2_x86_64ifort; fi
cd /home/alejandro/BLDLIB/ioapi-3.2/Linux2_x86_64ifort; ifort -auto -warn notruncated_source -Bstatic -static-intel -c -DF90=1 -DIOAPI_NCF4=1 -DAUTO_ARRAYS=1 -DF90=1 -DFLDMN=1 -DFSTR_L=int -DIOAPI_NO_STDOUT=1 -DAVOID_FLUSH=1 -DBIT32=1  -O3 -unroll -stack_temps -safe_cray_ptr -convert big_endian -assume byterecl  -traceback -xHost                                     -DIOAPI_NCF4=1 -DAUTO_ARRAYS=1 -DF90=1 -DFLDMN=1 -DFSTR_L=int -DIOAPI_NO_STDOUT=1 -DAVOID_FLUSH=1 -DBIT32=1 -I/home/alejandro/BLDLIB/ioapi-3.2/ioapi /home/alejandro/BLDLIB/ioapi-3.2/ioapi/close3.F90
ifort: command line warning #10434: option '-stack_temps' use with underscore is deprecated; use '-stack-temps' instead
ifort: command line warning #10434: option '-safe_cray_ptr' use with underscore is deprecated; use '-safe-cray-ptr' instead
if [ ! -d /home/alejandro/BLDLIB/ioapi-3.2/Linux2_x86_64ifort ]; then mkdir -p /home/alejandro/BLDLIB/ioapi-3.2/Linux2_x86_64ifort; fi
cd /home/alejandro/BLDLIB/ioapi-3.2/Linux2_x86_64ifort; ifort -auto -warn notruncated_source -Bstatic -static-intel -c -DF90=1 -DIOAPI_NCF4=1 -DAUTO_ARRAYS=1 -DF90=1 -DFLDMN=1 -DFSTR_L=int -DIOAPI_NO_STDOUT=1 -DAVOID_FLUSH=1 -DBIT32=1  -O3 -unroll -stack_temps -safe_cray_ptr -convert big_endian -assume byterecl  -traceback -xHost                                     -DIOAPI_NCF4=1 -DAUTO_ARRAYS=1 -DF90=1 -DFLDMN=1 -DFSTR_L=int -DIOAPI_NO_STDOUT=1 -DAVOID_FLUSH=1 -DBIT32=1 -I/home/alejandro/BLDLIB/ioapi-3.2/ioapi /home/alejandro/BLDLIB/ioapi-3.2/ioapi/modatts3.F90
ifort: command line warning #10434: option '-stack_temps' use with underscore is deprecated; use '-stack-temps' instead
ifort: command line warning #10434: option '-safe_cray_ptr' use with underscore is deprecated; use '-safe-cray-ptr' instead
if [ ! -d /home/alejandro/BLDLIB/ioapi-3.2/Linux2_x86_64ifort ]; then mkdir -p /home/alejandro/BLDLIB/ioapi-3.2/Linux2_x86_64ifort; fi
cd /home/alejandro/BLDLIB/ioapi-3.2/Linux2_x86_64ifort; ifort -auto -warn notruncated_source -Bstatic -static-intel -c -DF90=1 -DIOAPI_NCF4=1 -DAUTO_ARRAYS=1 -DF90=1 -DFLDMN=1 -DFSTR_L=int -DIOAPI_NO_STDOUT=1 -DAVOID_FLUSH=1 -DBIT32=1  -O3 -unroll -stack_temps -safe_cray_ptr -convert big_endian -assume byterecl  -traceback -xHost                                     -DIOAPI_NCF4=1 -DAUTO_ARRAYS=1 -DF90=1 -DFLDMN=1 -DFSTR_L=int -DIOAPI_NO_STDOUT=1 -DAVOID_FLUSH=1 -DBIT32=1 -I/home/alejandro/BLDLIB/ioapi-3.2/ioapi /home/alejandro/BLDLIB/ioapi-3.2/ioapi/crtfil3.F90
ifort: command line warning #10434: option '-stack_temps' use with underscore is deprecated; use '-stack-temps' instead
ifort: command line warning #10434: option '-safe_cray_ptr' use with underscore is deprecated; use '-safe-cray-ptr' instead
if [ ! -d /home/alejandro/BLDLIB/ioapi-3.2/Linux2_x86_64ifort ]; then mkdir -p /home/alejandro/BLDLIB/ioapi-3.2/Linux2_x86_64ifort; fi
cd /home/alejandro/BLDLIB/ioapi-3.2/Linux2_x86_64ifort; ifort -auto -warn notruncated_source -Bstatic -static-intel -c -DF90=1 -DIOAPI_NCF4=1 -DAUTO_ARRAYS=1 -DF90=1 -DFLDMN=1 -DFSTR_L=int -DIOAPI_NO_STDOUT=1 -DAVOID_FLUSH=1 -DBIT32=1  -O3 -unroll -stack_temps -safe_cray_ptr -convert big_endian -assume byterecl  -traceback -xHost                                     -DIOAPI_NCF4=1 -DAUTO_ARRAYS=1 -DF90=1 -DFLDMN=1 -DFSTR_L=int -DIOAPI_NO_STDOUT=1 -DAVOID_FLUSH=1 -DBIT32=1 -I/home/alejandro/BLDLIB/ioapi-3.2/ioapi /home/alejandro/BLDLIB/ioapi-3.2/ioapi/desc3.F90
ifort: command line warning #10434: option '-stack_temps' use with underscore is deprecated; use '-stack-temps' instead
ifort: command line warning #10434: option '-safe_cray_ptr' use with underscore is deprecated; use '-safe-cray-ptr' instead
echo -DVERSION='3.2-nocpl'
-DVERSION=3.2-nocpl
cd /home/alejandro/BLDLIB/ioapi-3.2/Linux2_x86_64ifort; ifort -auto -warn notruncated_source -Bstatic -static-intel -c -DF90=1 -DIOAPI_NCF4=1 -DAUTO_ARRAYS=1 -DF90=1 -DFLDMN=1 -DFSTR_L=int -DIOAPI_NO_STDOUT=1 -DAVOID_FLUSH=1 -DBIT32=1  -O3 -unroll -stack_temps -safe_cray_ptr -convert big_endian -assume byterecl  -traceback -xHost                                     -DIOAPI_NCF4=1 -DAUTO_ARRAYS=1 -DF90=1 -DFLDMN=1 -DFSTR_L=int -DIOAPI_NO_STDOUT=1 -DAVOID_FLUSH=1 -DBIT32=1 -I/home/alejandro/BLDLIB/ioapi-3.2/ioapi -DVERSION='3.2-nocpl' /home/alejandro/BLDLIB/ioapi-3.2/ioapi/init3.F90 -o init3.o
ifort: command line warning #10434: option '-stack_temps' use with underscore is deprecated; use '-stack-temps' instead
ifort: command line warning #10434: option '-safe_cray_ptr' use with underscore is deprecated; use '-safe-cray-ptr' instead
if [ ! -d /home/alejandro/BLDLIB/ioapi-3.2/Linux2_x86_64ifort ]; then mkdir -p /home/alejandro/BLDLIB/ioapi-3.2/Linux2_x86_64ifort; fi
cd /home/alejandro/BLDLIB/ioapi-3.2/Linux2_x86_64ifort; ifort -auto -warn notruncated_source -Bstatic -static-intel -c -DF90=1 -DIOAPI_NCF4=1 -DAUTO_ARRAYS=1 -DF90=1 -DFLDMN=1 -DFSTR_L=int -DIOAPI_NO_STDOUT=1 -DAVOID_FLUSH=1 -DBIT32=1  -O3 -unroll -stack_temps -safe_cray_ptr -convert big_endian -assume byterecl  -traceback -xHost                                     -DIOAPI_NCF4=1 -DAUTO_ARRAYS=1 -DF90=1 -DFLDMN=1 -DFSTR_L=int -DIOAPI_NO_STDOUT=1 -DAVOID_FLUSH=1 -DBIT32=1 -I/home/alejandro/BLDLIB/ioapi-3.2/ioapi /home/alejandro/BLDLIB/ioapi-3.2/ioapi/inqatt3.F90
ifort: command line warning #10434: option '-stack_temps' use with underscore is deprecated; use '-stack-temps' instead
ifort: command line warning #10434: option '-safe_cray_ptr' use with underscore is deprecated; use '-safe-cray-ptr' instead
if [ ! -d /home/alejandro/BLDLIB/ioapi-3.2/Linux2_x86_64ifort ]; then mkdir -p /home/alejandro/BLDLIB/ioapi-3.2/Linux2_x86_64ifort; fi
cd /home/alejandro/BLDLIB/ioapi-3.2/Linux2_x86_64ifort; ifort -auto -warn notruncated_source -Bstatic -static-intel -c -DF90=1 -DIOAPI_NCF4=1 -DAUTO_ARRAYS=1 -DF90=1 -DFLDMN=1 -DFSTR_L=int -DIOAPI_NO_STDOUT=1 -DAVOID_FLUSH=1 -DBIT32=1  -O3 -unroll -stack_temps -safe_cray_ptr -convert big_endian -assume byterecl  -traceback -xHost                                     -DIOAPI_NCF4=1 -DAUTO_ARRAYS=1 -DF90=1 -DFLDMN=1 -DFSTR_L=int -DIOAPI_NO_STDOUT=1 -DAVOID_FLUSH=1 -DBIT32=1 -I/home/alejandro/BLDLIB/ioapi-3.2/ioapi /home/alejandro/BLDLIB/ioapi-3.2/ioapi/kfread.F90
ifort: command line warning #10434: option '-stack_temps' use with underscore is deprecated; use '-stack-temps' instead
ifort: command line warning #10434: option '-safe_cray_ptr' use with underscore is deprecated; use '-safe-cray-ptr' instead
if [ ! -d /home/alejandro/BLDLIB/ioapi-3.2/Linux2_x86_64ifort ]; then mkdir -p /home/alejandro/BLDLIB/ioapi-3.2/Linux2_x86_64ifort; fi
cd /home/alejandro/BLDLIB/ioapi-3.2/Linux2_x86_64ifort; ifort -auto -warn notruncated_source -Bstatic -static-intel -c -DF90=1 -DIOAPI_NCF4=1 -DAUTO_ARRAYS=1 -DF90=1 -DFLDMN=1 -DFSTR_L=int -DIOAPI_NO_STDOUT=1 -DAVOID_FLUSH=1 -DBIT32=1  -O3 -unroll -stack_temps -safe_cray_ptr -convert big_endian -assume byterecl  -traceback -xHost                                     -DIOAPI_NCF4=1 -DAUTO_ARRAYS=1 -DF90=1 -DFLDMN=1 -DFSTR_L=int -DIOAPI_NO_STDOUT=1 -DAVOID_FLUSH=1 -DBIT32=1 -I/home/alejandro/BLDLIB/ioapi-3.2/ioapi /home/alejandro/BLDLIB/ioapi-3.2/ioapi/kfwrite.F90
ifort: command line warning #10434: option '-stack_temps' use with underscore is deprecated; use '-stack-temps' instead
ifort: command line warning #10434: option '-safe_cray_ptr' use with underscore is deprecated; use '-safe-cray-ptr' instead
if [ ! -d /home/alejandro/BLDLIB/ioapi-3.2/Linux2_x86_64ifort ]; then mkdir -p /home/alejandro/BLDLIB/ioapi-3.2/Linux2_x86_64ifort; fi
cd /home/alejandro/BLDLIB/ioapi-3.2/Linux2_x86_64ifort; ifort -auto -warn notruncated_source -Bstatic -static-intel -c -DF90=1 -DIOAPI_NCF4=1 -DAUTO_ARRAYS=1 -DF90=1 -DFLDMN=1 -DFSTR_L=int -DIOAPI_NO_STDOUT=1 -DAVOID_FLUSH=1 -DBIT32=1  -O3 -unroll -stack_temps -safe_cray_ptr -convert big_endian -assume byterecl  -traceback -xHost                                     -DIOAPI_NCF4=1 -DAUTO_ARRAYS=1 -DF90=1 -DFLDMN=1 -DFSTR_L=int -DIOAPI_NO_STDOUT=1 -DAVOID_FLUSH=1 -DBIT32=1 -I/home/alejandro/BLDLIB/ioapi-3.2/ioapi /home/alejandro/BLDLIB/ioapi-3.2/ioapi/open3.F90
ifort: command line warning #10434: option '-stack_temps' use with underscore is deprecated; use '-stack-temps' instead
ifort: command line warning #10434: option '-safe_cray_ptr' use with underscore is deprecated; use '-safe-cray-ptr' instead
if [ ! -d /home/alejandro/BLDLIB/ioapi-3.2/Linux2_x86_64ifort ]; then mkdir -p /home/alejandro/BLDLIB/ioapi-3.2/Linux2_x86_64ifort; fi
cd /home/alejandro/BLDLIB/ioapi-3.2/Linux2_x86_64ifort; ifort -auto -warn notruncated_source -Bstatic -static-intel -c -DF90=1 -DIOAPI_NCF4=1 -DAUTO_ARRAYS=1 -DF90=1 -DFLDMN=1 -DFSTR_L=int -DIOAPI_NO_STDOUT=1 -DAVOID_FLUSH=1 -DBIT32=1  -O3 -unroll -stack_temps -safe_cray_ptr -convert big_endian -assume byterecl  -traceback -xHost                                     -DIOAPI_NCF4=1 -DAUTO_ARRAYS=1 -DF90=1 -DFLDMN=1 -DFSTR_L=int -DIOAPI_NO_STDOUT=1 -DAVOID_FLUSH=1 -DBIT32=1 -I/home/alejandro/BLDLIB/ioapi-3.2/ioapi /home/alejandro/BLDLIB/ioapi-3.2/ioapi/opnfil3.F90
ifort: command line warning #10434: option '-stack_temps' use with underscore is deprecated; use '-stack-temps' instead
ifort: command line warning #10434: option '-safe_cray_ptr' use with underscore is deprecated; use '-safe-cray-ptr' instead
if [ ! -d /home/alejandro/BLDLIB/ioapi-3.2/Linux2_x86_64ifort ]; then mkdir -p /home/alejandro/BLDLIB/ioapi-3.2/Linux2_x86_64ifort; fi
cd /home/alejandro/BLDLIB/ioapi-3.2/Linux2_x86_64ifort; ifort -auto -warn notruncated_source -Bstatic -static-intel -c -DF90=1 -DIOAPI_NCF4=1 -DAUTO_ARRAYS=1 -DF90=1 -DFLDMN=1 -DFSTR_L=int -DIOAPI_NO_STDOUT=1 -DAVOID_FLUSH=1 -DBIT32=1  -O3 -unroll -stack_temps -safe_cray_ptr -convert big_endian -assume byterecl  -traceback -xHost                                     -DIOAPI_NCF4=1 -DAUTO_ARRAYS=1 -DF90=1 -DFLDMN=1 -DFSTR_L=int -DIOAPI_NO_STDOUT=1 -DAVOID_FLUSH=1 -DBIT32=1 -I/home/alejandro/BLDLIB/ioapi-3.2/ioapi /home/alejandro/BLDLIB/ioapi-3.2/ioapi/opnkf.F90
ifort: command line warning #10434: option '-stack_temps' use with underscore is deprecated; use '-stack-temps' instead
ifort: command line warning #10434: option '-safe_cray_ptr' use with underscore is deprecated; use '-safe-cray-ptr' instead
if [ ! -d /home/alejandro/BLDLIB/ioapi-3.2/Linux2_x86_64ifort ]; then mkdir -p /home/alejandro/BLDLIB/ioapi-3.2/Linux2_x86_64ifort; fi
cd /home/alejandro/BLDLIB/ioapi-3.2/Linux2_x86_64ifort; ifort -auto -warn notruncated_source -Bstatic -static-intel -c -DF90=1 -DIOAPI_NCF4=1 -DAUTO_ARRAYS=1 -DF90=1 -DFLDMN=1 -DFSTR_L=int -DIOAPI_NO_STDOUT=1 -DAVOID_FLUSH=1 -DBIT32=1  -O3 -unroll -stack_temps -safe_cray_ptr -convert big_endian -assume byterecl  -traceback -xHost                                     -DIOAPI_NCF4=1 -DAUTO_ARRAYS=1 -DF90=1 -DFLDMN=1 -DFSTR_L=int -DIOAPI_NO_STDOUT=1 -DAVOID_FLUSH=1 -DBIT32=1 -I/home/alejandro/BLDLIB/ioapi-3.2/ioapi /home/alejandro/BLDLIB/ioapi-3.2/ioapi/opnlog3.F90
ifort: command line warning #10434: option '-stack_temps' use with underscore is deprecated; use '-stack-temps' instead
ifort: command line warning #10434: option '-safe_cray_ptr' use with underscore is deprecated; use '-safe-cray-ptr' instead
if [ ! -d /home/alejandro/BLDLIB/ioapi-3.2/Linux2_x86_64ifort ]; then mkdir -p /home/alejandro/BLDLIB/ioapi-3.2/Linux2_x86_64ifort; fi
cd /home/alejandro/BLDLIB/ioapi-3.2/Linux2_x86_64ifort; ifort -auto -warn notruncated_source -Bstatic -static-intel -c -DF90=1 -DIOAPI_NCF4=1 -DAUTO_ARRAYS=1 -DF90=1 -DFLDMN=1 -DFSTR_L=int -DIOAPI_NO_STDOUT=1 -DAVOID_FLUSH=1 -DBIT32=1  -O3 -unroll -stack_temps -safe_cray_ptr -convert big_endian -assume byterecl  -traceback -xHost                                     -DIOAPI_NCF4=1 -DAUTO_ARRAYS=1 -DF90=1 -DFLDMN=1 -DFSTR_L=int -DIOAPI_NO_STDOUT=1 -DAVOID_FLUSH=1 -DBIT32=1 -I/home/alejandro/BLDLIB/ioapi-3.2/ioapi /home/alejandro/BLDLIB/ioapi-3.2/ioapi/pn_crtfil3.F90
ifort: command line warning #10434: option '-stack_temps' use with underscore is deprecated; use '-stack-temps' instead
ifort: command line warning #10434: option '-safe_cray_ptr' use with underscore is deprecated; use '-safe-cray-ptr' instead
if [ ! -d /home/alejandro/BLDLIB/ioapi-3.2/Linux2_x86_64ifort ]; then mkdir -p /home/alejandro/BLDLIB/ioapi-3.2/Linux2_x86_64ifort; fi
cd /home/alejandro/BLDLIB/ioapi-3.2/Linux2_x86_64ifort; ifort -auto -warn notruncated_source -Bstatic -static-intel -c -DF90=1 -DIOAPI_NCF4=1 -DAUTO_ARRAYS=1 -DF90=1 -DFLDMN=1 -DFSTR_L=int -DIOAPI_NO_STDOUT=1 -DAVOID_FLUSH=1 -DBIT32=1  -O3 -unroll -stack_temps -safe_cray_ptr -convert big_endian -assume byterecl  -traceback -xHost                                     -DIOAPI_NCF4=1 -DAUTO_ARRAYS=1 -DF90=1 -DFLDMN=1 -DFSTR_L=int -DIOAPI_NO_STDOUT=1 -DAVOID_FLUSH=1 -DBIT32=1 -I/home/alejandro/BLDLIB/ioapi-3.2/ioapi /home/alejandro/BLDLIB/ioapi-3.2/ioapi/pn_opnfil3.F90
ifort: command line warning #10434: option '-stack_temps' use with underscore is deprecated; use '-stack-temps' instead
ifort: command line warning #10434: option '-safe_cray_ptr' use with underscore is deprecated; use '-safe-cray-ptr' instead
if [ ! -d /home/alejandro/BLDLIB/ioapi-3.2/Linux2_x86_64ifort ]; then mkdir -p /home/alejandro/BLDLIB/ioapi-3.2/Linux2_x86_64ifort; fi
cd /home/alejandro/BLDLIB/ioapi-3.2/Linux2_x86_64ifort; ifort -auto -warn notruncated_source -Bstatic -static-intel -c -DF90=1 -DIOAPI_NCF4=1 -DAUTO_ARRAYS=1 -DF90=1 -DFLDMN=1 -DFSTR_L=int -DIOAPI_NO_STDOUT=1 -DAVOID_FLUSH=1 -DBIT32=1  -O3 -unroll -stack_temps -safe_cray_ptr -convert big_endian -assume byterecl  -traceback -xHost                                     -DIOAPI_NCF4=1 -DAUTO_ARRAYS=1 -DF90=1 -DFLDMN=1 -DFSTR_L=int -DIOAPI_NO_STDOUT=1 -DAVOID_FLUSH=1 -DBIT32=1 -I/home/alejandro/BLDLIB/ioapi-3.2/ioapi /home/alejandro/BLDLIB/ioapi-3.2/ioapi/pn_wrvars.F90
ifort: command line warning #10434: option '-stack_temps' use with underscore is deprecated; use '-stack-temps' instead
ifort: command line warning #10434: option '-safe_cray_ptr' use with underscore is deprecated; use '-safe-cray-ptr' instead
if [ ! -d /home/alejandro/BLDLIB/ioapi-3.2/Linux2_x86_64ifort ]; then mkdir -p /home/alejandro/BLDLIB/ioapi-3.2/Linux2_x86_64ifort; fi
cd /home/alejandro/BLDLIB/ioapi-3.2/Linux2_x86_64ifort; ifort -auto -warn notruncated_source -Bstatic -static-intel -c -DF90=1 -DIOAPI_NCF4=1 -DAUTO_ARRAYS=1 -DF90=1 -DFLDMN=1 -DFSTR_L=int -DIOAPI_NO_STDOUT=1 -DAVOID_FLUSH=1 -DBIT32=1  -O3 -unroll -stack_temps -safe_cray_ptr -convert big_endian -assume byterecl  -traceback -xHost                                     -DIOAPI_NCF4=1 -DAUTO_ARRAYS=1 -DF90=1 -DFLDMN=1 -DFSTR_L=int -DIOAPI_NO_STDOUT=1 -DAVOID_FLUSH=1 -DBIT32=1 -I/home/alejandro/BLDLIB/ioapi-3.2/ioapi /home/alejandro/BLDLIB/ioapi-3.2/ioapi/rdatt3.F90
ifort: command line warning #10434: option '-stack_temps' use with underscore is deprecated; use '-stack-temps' instead
ifort: command line warning #10434: option '-safe_cray_ptr' use with underscore is deprecated; use '-safe-cray-ptr' instead
if [ ! -d /home/alejandro/BLDLIB/ioapi-3.2/Linux2_x86_64ifort ]; then mkdir -p /home/alejandro/BLDLIB/ioapi-3.2/Linux2_x86_64ifort; fi
cd /home/alejandro/BLDLIB/ioapi-3.2/Linux2_x86_64ifort; ifort -auto -warn notruncated_source -Bstatic -static-intel -c -DF90=1 -DIOAPI_NCF4=1 -DAUTO_ARRAYS=1 -DF90=1 -DFLDMN=1 -DFSTR_L=int -DIOAPI_NO_STDOUT=1 -DAVOID_FLUSH=1 -DBIT32=1  -O3 -unroll -stack_temps -safe_cray_ptr -convert big_endian -assume byterecl  -traceback -xHost                                     -DIOAPI_NCF4=1 -DAUTO_ARRAYS=1 -DF90=1 -DFLDMN=1 -DFSTR_L=int -DIOAPI_NO_STDOUT=1 -DAVOID_FLUSH=1 -DBIT32=1 -I/home/alejandro/BLDLIB/ioapi-3.2/ioapi /home/alejandro/BLDLIB/ioapi-3.2/ioapi/rdgrnest.F90
ifort: command line warning #10434: option '-stack_temps' use with underscore is deprecated; use '-stack-temps' instead
ifort: command line warning #10434: option '-safe_cray_ptr' use with underscore is deprecated; use '-safe-cray-ptr' instead
if [ ! -d /home/alejandro/BLDLIB/ioapi-3.2/Linux2_x86_64ifort ]; then mkdir -p /home/alejandro/BLDLIB/ioapi-3.2/Linux2_x86_64ifort; fi
cd /home/alejandro/BLDLIB/ioapi-3.2/Linux2_x86_64ifort; ifort -auto -warn notruncated_source -Bstatic -static-intel -c -DF90=1 -DIOAPI_NCF4=1 -DAUTO_ARRAYS=1 -DF90=1 -DFLDMN=1 -DFSTR_L=int -DIOAPI_NO_STDOUT=1 -DAVOID_FLUSH=1 -DBIT32=1  -O3 -unroll -stack_temps -safe_cray_ptr -convert big_endian -assume byterecl  -traceback -xHost                                     -DIOAPI_NCF4=1 -DAUTO_ARRAYS=1 -DF90=1 -DFLDMN=1 -DFSTR_L=int -DIOAPI_NO_STDOUT=1 -DAVOID_FLUSH=1 -DBIT32=1 -I/home/alejandro/BLDLIB/ioapi-3.2/ioapi /home/alejandro/BLDLIB/ioapi-3.2/ioapi/rdprofil.F90
ifort: command line warning #10434: option '-stack_temps' use with underscore is deprecated; use '-stack-temps' instead
ifort: command line warning #10434: option '-safe_cray_ptr' use with underscore is deprecated; use '-safe-cray-ptr' instead
if [ ! -d /home/alejandro/BLDLIB/ioapi-3.2/Linux2_x86_64ifort ]; then mkdir -p /home/alejandro/BLDLIB/ioapi-3.2/Linux2_x86_64ifort; fi
cd /home/alejandro/BLDLIB/ioapi-3.2/Linux2_x86_64ifort; ifort -auto -warn notruncated_source -Bstatic -static-intel -c -DF90=1 -DIOAPI_NCF4=1 -DAUTO_ARRAYS=1 -DF90=1 -DFLDMN=1 -DFSTR_L=int -DIOAPI_NO_STDOUT=1 -DAVOID_FLUSH=1 -DBIT32=1  -O3 -unroll -stack_temps -safe_cray_ptr -convert big_endian -assume byterecl  -traceback -xHost                                     -DIOAPI_NCF4=1 -DAUTO_ARRAYS=1 -DF90=1 -DFLDMN=1 -DFSTR_L=int -DIOAPI_NO_STDOUT=1 -DAVOID_FLUSH=1 -DBIT32=1 -I/home/alejandro/BLDLIB/ioapi-3.2/ioapi /home/alejandro/BLDLIB/ioapi-3.2/ioapi/rdtflag.F90
ifort: command line warning #10434: option '-stack_temps' use with underscore is deprecated; use '-stack-temps' instead
ifort: command line warning #10434: option '-safe_cray_ptr' use with underscore is deprecated; use '-safe-cray-ptr' instead
if [ ! -d /home/alejandro/BLDLIB/ioapi-3.2/Linux2_x86_64ifort ]; then mkdir -p /home/alejandro/BLDLIB/ioapi-3.2/Linux2_x86_64ifort; fi
cd /home/alejandro/BLDLIB/ioapi-3.2/Linux2_x86_64ifort; ifort -auto -warn notruncated_source -Bstatic -static-intel -c -DF90=1 -DIOAPI_NCF4=1 -DAUTO_ARRAYS=1 -DF90=1 -DFLDMN=1 -DFSTR_L=int -DIOAPI_NO_STDOUT=1 -DAVOID_FLUSH=1 -DBIT32=1  -O3 -unroll -stack_temps -safe_cray_ptr -convert big_endian -assume byterecl  -traceback -xHost                                     -DIOAPI_NCF4=1 -DAUTO_ARRAYS=1 -DF90=1 -DFLDMN=1 -DFSTR_L=int -DIOAPI_NO_STDOUT=1 -DAVOID_FLUSH=1 -DBIT32=1 -I/home/alejandro/BLDLIB/ioapi-3.2/ioapi /home/alejandro/BLDLIB/ioapi-3.2/ioapi/rdvars.F90
ifort: command line warning #10434: option '-stack_temps' use with underscore is deprecated; use '-stack-temps' instead
ifort: command line warning #10434: option '-safe_cray_ptr' use with underscore is deprecated; use '-safe-cray-ptr' instead
if [ ! -d /home/alejandro/BLDLIB/ioapi-3.2/Linux2_x86_64ifort ]; then mkdir -p /home/alejandro/BLDLIB/ioapi-3.2/Linux2_x86_64ifort; fi
cd /home/alejandro/BLDLIB/ioapi-3.2/Linux2_x86_64ifort; ifort -auto -warn notruncated_source -Bstatic -static-intel -c -DF90=1 -DIOAPI_NCF4=1 -DAUTO_ARRAYS=1 -DF90=1 -DFLDMN=1 -DFSTR_L=int -DIOAPI_NO_STDOUT=1 -DAVOID_FLUSH=1 -DBIT32=1  -O3 -unroll -stack_temps -safe_cray_ptr -convert big_endian -assume byterecl  -traceback -xHost                                     -DIOAPI_NCF4=1 -DAUTO_ARRAYS=1 -DF90=1 -DFLDMN=1 -DFSTR_L=int -DIOAPI_NO_STDOUT=1 -DAVOID_FLUSH=1 -DBIT32=1 -I/home/alejandro/BLDLIB/ioapi-3.2/ioapi /home/alejandro/BLDLIB/ioapi-3.2/ioapi/shut3.F90
ifort: command line warning #10434: option '-stack_temps' use with underscore is deprecated; use '-stack-temps' instead
ifort: command line warning #10434: option '-safe_cray_ptr' use with underscore is deprecated; use '-safe-cray-ptr' instead
if [ ! -d /home/alejandro/BLDLIB/ioapi-3.2/Linux2_x86_64ifort ]; then mkdir -p /home/alejandro/BLDLIB/ioapi-3.2/Linux2_x86_64ifort; fi
cd /home/alejandro/BLDLIB/ioapi-3.2/Linux2_x86_64ifort; ifort -auto -warn notruncated_source -Bstatic -static-intel -c -DF90=1 -DIOAPI_NCF4=1 -DAUTO_ARRAYS=1 -DF90=1 -DFLDMN=1 -DFSTR_L=int -DIOAPI_NO_STDOUT=1 -DAVOID_FLUSH=1 -DBIT32=1  -O3 -unroll -stack_temps -safe_cray_ptr -convert big_endian -assume byterecl  -traceback -xHost                                     -DIOAPI_NCF4=1 -DAUTO_ARRAYS=1 -DF90=1 -DFLDMN=1 -DFSTR_L=int -DIOAPI_NO_STDOUT=1 -DAVOID_FLUSH=1 -DBIT32=1 -I/home/alejandro/BLDLIB/ioapi-3.2/ioapi /home/alejandro/BLDLIB/ioapi-3.2/ioapi/syncfid.F90
ifort: command line warning #10434: option '-stack_temps' use with underscore is deprecated; use '-stack-temps' instead
ifort: command line warning #10434: option '-safe_cray_ptr' use with underscore is deprecated; use '-safe-cray-ptr' instead
if [ ! -d /home/alejandro/BLDLIB/ioapi-3.2/Linux2_x86_64ifort ]; then mkdir -p /home/alejandro/BLDLIB/ioapi-3.2/Linux2_x86_64ifort; fi
cd /home/alejandro/BLDLIB/ioapi-3.2/Linux2_x86_64ifort; ifort -auto -warn notruncated_source -Bstatic -static-intel -c -DF90=1 -DIOAPI_NCF4=1 -DAUTO_ARRAYS=1 -DF90=1 -DFLDMN=1 -DFSTR_L=int -DIOAPI_NO_STDOUT=1 -DAVOID_FLUSH=1 -DBIT32=1  -O3 -unroll -stack_temps -safe_cray_ptr -convert big_endian -assume byterecl  -traceback -xHost                                     -DIOAPI_NCF4=1 -DAUTO_ARRAYS=1 -DF90=1 -DFLDMN=1 -DFSTR_L=int -DIOAPI_NO_STDOUT=1 -DAVOID_FLUSH=1 -DBIT32=1 -I/home/alejandro/BLDLIB/ioapi-3.2/ioapi /home/alejandro/BLDLIB/ioapi-3.2/ioapi/wratt3.F90
ifort: command line warning #10434: option '-stack_temps' use with underscore is deprecated; use '-stack-temps' instead
ifort: command line warning #10434: option '-safe_cray_ptr' use with underscore is deprecated; use '-safe-cray-ptr' instead
if [ ! -d /home/alejandro/BLDLIB/ioapi-3.2/Linux2_x86_64ifort ]; then mkdir -p /home/alejandro/BLDLIB/ioapi-3.2/Linux2_x86_64ifort; fi
cd /home/alejandro/BLDLIB/ioapi-3.2/Linux2_x86_64ifort; ifort -auto -warn notruncated_source -Bstatic -static-intel -c -DF90=1 -DIOAPI_NCF4=1 -DAUTO_ARRAYS=1 -DF90=1 -DFLDMN=1 -DFSTR_L=int -DIOAPI_NO_STDOUT=1 -DAVOID_FLUSH=1 -DBIT32=1  -O3 -unroll -stack_temps -safe_cray_ptr -convert big_endian -assume byterecl  -traceback -xHost                                     -DIOAPI_NCF4=1 -DAUTO_ARRAYS=1 -DF90=1 -DFLDMN=1 -DFSTR_L=int -DIOAPI_NO_STDOUT=1 -DAVOID_FLUSH=1 -DBIT32=1 -I/home/alejandro/BLDLIB/ioapi-3.2/ioapi /home/alejandro/BLDLIB/ioapi-3.2/ioapi/wrgrnest.F90
ifort: command line warning #10434: option '-stack_temps' use with underscore is deprecated; use '-stack-temps' instead
ifort: command line warning #10434: option '-safe_cray_ptr' use with underscore is deprecated; use '-safe-cray-ptr' instead
if [ ! -d /home/alejandro/BLDLIB/ioapi-3.2/Linux2_x86_64ifort ]; then mkdir -p /home/alejandro/BLDLIB/ioapi-3.2/Linux2_x86_64ifort; fi
cd /home/alejandro/BLDLIB/ioapi-3.2/Linux2_x86_64ifort; ifort -auto -warn notruncated_source -Bstatic -static-intel -c -DF90=1 -DIOAPI_NCF4=1 -DAUTO_ARRAYS=1 -DF90=1 -DFLDMN=1 -DFSTR_L=int -DIOAPI_NO_STDOUT=1 -DAVOID_FLUSH=1 -DBIT32=1  -O3 -unroll -stack_temps -safe_cray_ptr -convert big_endian -assume byterecl  -traceback -xHost                                     -DIOAPI_NCF4=1 -DAUTO_ARRAYS=1 -DF90=1 -DFLDMN=1 -DFSTR_L=int -DIOAPI_NO_STDOUT=1 -DAVOID_FLUSH=1 -DBIT32=1 -I/home/alejandro/BLDLIB/ioapi-3.2/ioapi /home/alejandro/BLDLIB/ioapi-3.2/ioapi/wrmpigrd.F90
ifort: command line warning #10434: option '-stack_temps' use with underscore is deprecated; use '-stack-temps' instead
ifort: command line warning #10434: option '-safe_cray_ptr' use with underscore is deprecated; use '-safe-cray-ptr' instead
if [ ! -d /home/alejandro/BLDLIB/ioapi-3.2/Linux2_x86_64ifort ]; then mkdir -p /home/alejandro/BLDLIB/ioapi-3.2/Linux2_x86_64ifort; fi
cd /home/alejandro/BLDLIB/ioapi-3.2/Linux2_x86_64ifort; ifort -auto -warn notruncated_source -Bstatic -static-intel -c -DF90=1 -DIOAPI_NCF4=1 -DAUTO_ARRAYS=1 -DF90=1 -DFLDMN=1 -DFSTR_L=int -DIOAPI_NO_STDOUT=1 -DAVOID_FLUSH=1 -DBIT32=1  -O3 -unroll -stack_temps -safe_cray_ptr -convert big_endian -assume byterecl  -traceback -xHost                                     -DIOAPI_NCF4=1 -DAUTO_ARRAYS=1 -DF90=1 -DFLDMN=1 -DFSTR_L=int -DIOAPI_NO_STDOUT=1 -DAVOID_FLUSH=1 -DBIT32=1 -I/home/alejandro/BLDLIB/ioapi-3.2/ioapi /home/alejandro/BLDLIB/ioapi-3.2/ioapi/wrpatch.F90
ifort: command line warning #10434: option '-stack_temps' use with underscore is deprecated; use '-stack-temps' instead
ifort: command line warning #10434: option '-safe_cray_ptr' use with underscore is deprecated; use '-safe-cray-ptr' instead
if [ ! -d /home/alejandro/BLDLIB/ioapi-3.2/Linux2_x86_64ifort ]; then mkdir -p /home/alejandro/BLDLIB/ioapi-3.2/Linux2_x86_64ifort; fi
cd /home/alejandro/BLDLIB/ioapi-3.2/Linux2_x86_64ifort; ifort -auto -warn notruncated_source -Bstatic -static-intel -c -DF90=1 -DIOAPI_NCF4=1 -DAUTO_ARRAYS=1 -DF90=1 -DFLDMN=1 -DFSTR_L=int -DIOAPI_NO_STDOUT=1 -DAVOID_FLUSH=1 -DBIT32=1  -O3 -unroll -stack_temps -safe_cray_ptr -convert big_endian -assume byterecl  -traceback -xHost                                     -DIOAPI_NCF4=1 -DAUTO_ARRAYS=1 -DF90=1 -DFLDMN=1 -DFSTR_L=int -DIOAPI_NO_STDOUT=1 -DAVOID_FLUSH=1 -DBIT32=1 -I/home/alejandro/BLDLIB/ioapi-3.2/ioapi /home/alejandro/BLDLIB/ioapi-3.2/ioapi/wrprofil.F90
ifort: command line warning #10434: option '-stack_temps' use with underscore is deprecated; use '-stack-temps' instead
ifort: command line warning #10434: option '-safe_cray_ptr' use with underscore is deprecated; use '-safe-cray-ptr' instead
if [ ! -d /home/alejandro/BLDLIB/ioapi-3.2/Linux2_x86_64ifort ]; then mkdir -p /home/alejandro/BLDLIB/ioapi-3.2/Linux2_x86_64ifort; fi
cd /home/alejandro/BLDLIB/ioapi-3.2/Linux2_x86_64ifort; ifort -auto -warn notruncated_source -Bstatic -static-intel -c -DF90=1 -DIOAPI_NCF4=1 -DAUTO_ARRAYS=1 -DF90=1 -DFLDMN=1 -DFSTR_L=int -DIOAPI_NO_STDOUT=1 -DAVOID_FLUSH=1 -DBIT32=1  -O3 -unroll -stack_temps -safe_cray_ptr -convert big_endian -assume byterecl  -traceback -xHost                                     -DIOAPI_NCF4=1 -DAUTO_ARRAYS=1 -DF90=1 -DFLDMN=1 -DFSTR_L=int -DIOAPI_NO_STDOUT=1 -DAVOID_FLUSH=1 -DBIT32=1 -I/home/alejandro/BLDLIB/ioapi-3.2/ioapi /home/alejandro/BLDLIB/ioapi-3.2/ioapi/wrtflag.F90
ifort: command line warning #10434: option '-stack_temps' use with underscore is deprecated; use '-stack-temps' instead
ifort: command line warning #10434: option '-safe_cray_ptr' use with underscore is deprecated; use '-safe-cray-ptr' instead
if [ ! -d /home/alejandro/BLDLIB/ioapi-3.2/Linux2_x86_64ifort ]; then mkdir -p /home/alejandro/BLDLIB/ioapi-3.2/Linux2_x86_64ifort; fi
cd /home/alejandro/BLDLIB/ioapi-3.2/Linux2_x86_64ifort; ifort -auto -warn notruncated_source -Bstatic -static-intel -c -DF90=1 -DIOAPI_NCF4=1 -DAUTO_ARRAYS=1 -DF90=1 -DFLDMN=1 -DFSTR_L=int -DIOAPI_NO_STDOUT=1 -DAVOID_FLUSH=1 -DBIT32=1  -O3 -unroll -stack_temps -safe_cray_ptr -convert big_endian -assume byterecl  -traceback -xHost                                     -DIOAPI_NCF4=1 -DAUTO_ARRAYS=1 -DF90=1 -DFLDMN=1 -DFSTR_L=int -DIOAPI_NO_STDOUT=1 -DAVOID_FLUSH=1 -DBIT32=1 -I/home/alejandro/BLDLIB/ioapi-3.2/ioapi /home/alejandro/BLDLIB/ioapi-3.2/ioapi/wrvars.F90
ifort: command line warning #10434: option '-stack_temps' use with underscore is deprecated; use '-stack-temps' instead
ifort: command line warning #10434: option '-safe_cray_ptr' use with underscore is deprecated; use '-safe-cray-ptr' instead
cd /home/alejandro/BLDLIB/ioapi-3.2/Linux2_x86_64ifort; ar rsv libioapi.a cbarnes1.o cbarnesN.o check3.o crlf.o currec.o daymon.o ddtvar3.o ddtvar3v.o getdate.o getdfile.o getefile.o getffile.o initlog3.o interp3.o isdstime.o jstep3.o julian.o junit.o m3err.o m3exit.o m3msg2.o mmddyy.o nextime.o read3.o read4d.o secsdiff.o wkday.o write3.o write4d.o yr2day.o   close3.o crtfil3.o desc3.o init3.o inqatt3.o kfread.o kfwrite.o open3.o opnfil3.o opnkf.o opnlog3.o pn_crtfil3.o pn_opnfil3.o pn_wrvars.o rdatt3.o rdgrnest.o rdprofil.o rdtflag.o rdvars.o shut3.o syncfid.o wratt3.o wrgrnest.o wrmpigrd.o wrpatch.o wrprofil.o wrtflag.o wrvars.o
a - cbarnes1.o
a - cbarnesN.o
a - check3.o
a - crlf.o
a - currec.o
a - daymon.o
a - ddtvar3.o
a - ddtvar3v.o
a - getdate.o
a - getdfile.o
a - getefile.o
a - getffile.o
a - initlog3.o
a - interp3.o
a - isdstime.o
a - jstep3.o
a - julian.o
a - junit.o
a - m3err.o
a - m3exit.o
a - m3msg2.o
a - mmddyy.o
a - nextime.o
a - read3.o
a - read4d.o
a - secsdiff.o
a - wkday.o
a - write3.o
a - write4d.o
a - yr2day.o
a - close3.o
a - crtfil3.o
a - desc3.o
a - init3.o
a - inqatt3.o
a - kfread.o
a - kfwrite.o
a - open3.o
a - opnfil3.o
a - opnkf.o
a - opnlog3.o
a - pn_crtfil3.o
a - pn_opnfil3.o
a - pn_wrvars.o
a - rdatt3.o
a - rdgrnest.o
a - rdprofil.o
a - rdtflag.o
a - rdvars.o
a - shut3.o
a - syncfid.o
a - wratt3.o
a - wrgrnest.o
a - wrmpigrd.o
a - wrpatch.o
a - wrprofil.o
a - wrtflag.o
a - wrvars.o
if [ ! -d /home/alejandro/BLDLIB/ioapi-3.2/Linux2_x86_64ifort ]; then mkdir -p /home/alejandro/BLDLIB/ioapi-3.2/Linux2_x86_64ifort; fi
cd /home/alejandro/BLDLIB/ioapi-3.2/Linux2_x86_64ifort; icc -c -DIOAPI_NCF4=1 -DAUTO_ARRAYS=1 -DF90=1 -DFLDMN=1 -DFSTR_L=int -DIOAPI_NO_STDOUT=1 -DAVOID_FLUSH=1 -DBIT32=1  -O3 -traceback -xHost                                    -DVERSION='3.2-nocpl' /home/alejandro/BLDLIB/ioapi-3.2/ioapi/bufint3.c
if [ ! -d /home/alejandro/BLDLIB/ioapi-3.2/Linux2_x86_64ifort ]; then mkdir -p /home/alejandro/BLDLIB/ioapi-3.2/Linux2_x86_64ifort; fi
cd /home/alejandro/BLDLIB/ioapi-3.2/Linux2_x86_64ifort; icc -c -DIOAPI_NCF4=1 -DAUTO_ARRAYS=1 -DF90=1 -DFLDMN=1 -DFSTR_L=int -DIOAPI_NO_STDOUT=1 -DAVOID_FLUSH=1 -DBIT32=1  -O3 -traceback -xHost                                    -DVERSION='3.2-nocpl' /home/alejandro/BLDLIB/ioapi-3.2/ioapi/check3c.c
if [ ! -d /home/alejandro/BLDLIB/ioapi-3.2/Linux2_x86_64ifort ]; then mkdir -p /home/alejandro/BLDLIB/ioapi-3.2/Linux2_x86_64ifort; fi
cd /home/alejandro/BLDLIB/ioapi-3.2/Linux2_x86_64ifort; icc -c -DIOAPI_NCF4=1 -DAUTO_ARRAYS=1 -DF90=1 -DFLDMN=1 -DFSTR_L=int -DIOAPI_NO_STDOUT=1 -DAVOID_FLUSH=1 -DBIT32=1  -O3 -traceback -xHost                                    -DVERSION='3.2-nocpl' /home/alejandro/BLDLIB/ioapi-3.2/ioapi/close3c.c
if [ ! -d /home/alejandro/BLDLIB/ioapi-3.2/Linux2_x86_64ifort ]; then mkdir -p /home/alejandro/BLDLIB/ioapi-3.2/Linux2_x86_64ifort; fi
cd /home/alejandro/BLDLIB/ioapi-3.2/Linux2_x86_64ifort; icc -c -DIOAPI_NCF4=1 -DAUTO_ARRAYS=1 -DF90=1 -DFLDMN=1 -DFSTR_L=int -DIOAPI_NO_STDOUT=1 -DAVOID_FLUSH=1 -DBIT32=1  -O3 -traceback -xHost                                    -DVERSION='3.2-nocpl' /home/alejandro/BLDLIB/ioapi-3.2/ioapi/currstepc.c
if [ ! -d /home/alejandro/BLDLIB/ioapi-3.2/Linux2_x86_64ifort ]; then mkdir -p /home/alejandro/BLDLIB/ioapi-3.2/Linux2_x86_64ifort; fi
cd /home/alejandro/BLDLIB/ioapi-3.2/Linux2_x86_64ifort; icc -c -DIOAPI_NCF4=1 -DAUTO_ARRAYS=1 -DF90=1 -DFLDMN=1 -DFSTR_L=int -DIOAPI_NO_STDOUT=1 -DAVOID_FLUSH=1 -DBIT32=1  -O3 -traceback -xHost                                    -DVERSION='3.2-nocpl' /home/alejandro/BLDLIB/ioapi-3.2/ioapi/daymonc.c
if [ ! -d /home/alejandro/BLDLIB/ioapi-3.2/Linux2_x86_64ifort ]; then mkdir -p /home/alejandro/BLDLIB/ioapi-3.2/Linux2_x86_64ifort; fi
cd /home/alejandro/BLDLIB/ioapi-3.2/Linux2_x86_64ifort; icc -c -DIOAPI_NCF4=1 -DAUTO_ARRAYS=1 -DF90=1 -DFLDMN=1 -DFSTR_L=int -DIOAPI_NO_STDOUT=1 -DAVOID_FLUSH=1 -DBIT32=1  -O3 -traceback -xHost                                    -DVERSION='3.2-nocpl' /home/alejandro/BLDLIB/ioapi-3.2/ioapi/ddtvar3c.c
if [ ! -d /home/alejandro/BLDLIB/ioapi-3.2/Linux2_x86_64ifort ]; then mkdir -p /home/alejandro/BLDLIB/ioapi-3.2/Linux2_x86_64ifort; fi
cd /home/alejandro/BLDLIB/ioapi-3.2/Linux2_x86_64ifort; icc -c -DIOAPI_NCF4=1 -DAUTO_ARRAYS=1 -DF90=1 -DFLDMN=1 -DFSTR_L=int -DIOAPI_NO_STDOUT=1 -DAVOID_FLUSH=1 -DBIT32=1  -O3 -traceback -xHost                                    -DVERSION='3.2-nocpl' /home/alejandro/BLDLIB/ioapi-3.2/ioapi/desc3c.c
if [ ! -d /home/alejandro/BLDLIB/ioapi-3.2/Linux2_x86_64ifort ]; then mkdir -p /home/alejandro/BLDLIB/ioapi-3.2/Linux2_x86_64ifort; fi
cd /home/alejandro/BLDLIB/ioapi-3.2/Linux2_x86_64ifort; icc -c -DIOAPI_NCF4=1 -DAUTO_ARRAYS=1 -DF90=1 -DFLDMN=1 -DFSTR_L=int -DIOAPI_NO_STDOUT=1 -DAVOID_FLUSH=1 -DBIT32=1  -O3 -traceback -xHost                                    -DVERSION='3.2-nocpl' /home/alejandro/BLDLIB/ioapi-3.2/ioapi/dscgridc.c
if [ ! -d /home/alejandro/BLDLIB/ioapi-3.2/Linux2_x86_64ifort ]; then mkdir -p /home/alejandro/BLDLIB/ioapi-3.2/Linux2_x86_64ifort; fi
cd /home/alejandro/BLDLIB/ioapi-3.2/Linux2_x86_64ifort; icc -c -DIOAPI_NCF4=1 -DAUTO_ARRAYS=1 -DF90=1 -DFLDMN=1 -DFSTR_L=int -DIOAPI_NO_STDOUT=1 -DAVOID_FLUSH=1 -DBIT32=1  -O3 -traceback -xHost                                    -DVERSION='3.2-nocpl' /home/alejandro/BLDLIB/ioapi-3.2/ioapi/dt2strc.c
if [ ! -d /home/alejandro/BLDLIB/ioapi-3.2/Linux2_x86_64ifort ]; then mkdir -p /home/alejandro/BLDLIB/ioapi-3.2/Linux2_x86_64ifort; fi
cd /home/alejandro/BLDLIB/ioapi-3.2/Linux2_x86_64ifort; icc -c -DIOAPI_NCF4=1 -DAUTO_ARRAYS=1 -DF90=1 -DFLDMN=1 -DFSTR_L=int -DIOAPI_NO_STDOUT=1 -DAVOID_FLUSH=1 -DBIT32=1  -O3 -traceback -xHost                                    -DVERSION='3.2-nocpl' /home/alejandro/BLDLIB/ioapi-3.2/ioapi/envgets.c
if [ ! -d /home/alejandro/BLDLIB/ioapi-3.2/Linux2_x86_64ifort ]; then mkdir -p /home/alejandro/BLDLIB/ioapi-3.2/Linux2_x86_64ifort; fi
cd /home/alejandro/BLDLIB/ioapi-3.2/Linux2_x86_64ifort; icc -c -DIOAPI_NCF4=1 -DAUTO_ARRAYS=1 -DF90=1 -DFLDMN=1 -DFSTR_L=int -DIOAPI_NO_STDOUT=1 -DAVOID_FLUSH=1 -DBIT32=1  -O3 -traceback -xHost                                    -DVERSION='3.2-nocpl' /home/alejandro/BLDLIB/ioapi-3.2/ioapi/filchk3c.c
if [ ! -d /home/alejandro/BLDLIB/ioapi-3.2/Linux2_x86_64ifort ]; then mkdir -p /home/alejandro/BLDLIB/ioapi-3.2/Linux2_x86_64ifort; fi
cd /home/alejandro/BLDLIB/ioapi-3.2/Linux2_x86_64ifort; icc -c -DIOAPI_NCF4=1 -DAUTO_ARRAYS=1 -DF90=1 -DFLDMN=1 -DFSTR_L=int -DIOAPI_NO_STDOUT=1 -DAVOID_FLUSH=1 -DBIT32=1  -O3 -traceback -xHost                                    -DVERSION='3.2-nocpl' /home/alejandro/BLDLIB/ioapi-3.2/ioapi/findsc.c
if [ ! -d /home/alejandro/BLDLIB/ioapi-3.2/Linux2_x86_64ifort ]; then mkdir -p /home/alejandro/BLDLIB/ioapi-3.2/Linux2_x86_64ifort; fi
cd /home/alejandro/BLDLIB/ioapi-3.2/Linux2_x86_64ifort; icc -c -DIOAPI_NCF4=1 -DAUTO_ARRAYS=1 -DF90=1 -DFLDMN=1 -DFSTR_L=int -DIOAPI_NO_STDOUT=1 -DAVOID_FLUSH=1 -DBIT32=1  -O3 -traceback -xHost                                    -DVERSION='3.2-nocpl' /home/alejandro/BLDLIB/ioapi-3.2/ioapi/get_endian.c
if [ ! -d /home/alejandro/BLDLIB/ioapi-3.2/Linux2_x86_64ifort ]; then mkdir -p /home/alejandro/BLDLIB/ioapi-3.2/Linux2_x86_64ifort; fi
cd /home/alejandro/BLDLIB/ioapi-3.2/Linux2_x86_64ifort; icc -c -DIOAPI_NCF4=1 -DAUTO_ARRAYS=1 -DF90=1 -DFLDMN=1 -DFSTR_L=int -DIOAPI_NO_STDOUT=1 -DAVOID_FLUSH=1 -DBIT32=1  -O3 -traceback -xHost                                    -DVERSION='3.2-nocpl' /home/alejandro/BLDLIB/ioapi-3.2/ioapi/getdfilec.c
if [ ! -d /home/alejandro/BLDLIB/ioapi-3.2/Linux2_x86_64ifort ]; then mkdir -p /home/alejandro/BLDLIB/ioapi-3.2/Linux2_x86_64ifort; fi
cd /home/alejandro/BLDLIB/ioapi-3.2/Linux2_x86_64ifort; icc -c -DIOAPI_NCF4=1 -DAUTO_ARRAYS=1 -DF90=1 -DFLDMN=1 -DFSTR_L=int -DIOAPI_NO_STDOUT=1 -DAVOID_FLUSH=1 -DBIT32=1  -O3 -traceback -xHost                                    -DVERSION='3.2-nocpl' /home/alejandro/BLDLIB/ioapi-3.2/ioapi/getdttime.c
if [ ! -d /home/alejandro/BLDLIB/ioapi-3.2/Linux2_x86_64ifort ]; then mkdir -p /home/alejandro/BLDLIB/ioapi-3.2/Linux2_x86_64ifort; fi
cd /home/alejandro/BLDLIB/ioapi-3.2/Linux2_x86_64ifort; icc -c -DIOAPI_NCF4=1 -DAUTO_ARRAYS=1 -DF90=1 -DFLDMN=1 -DFSTR_L=int -DIOAPI_NO_STDOUT=1 -DAVOID_FLUSH=1 -DBIT32=1  -O3 -traceback -xHost                                    -DVERSION='3.2-nocpl' /home/alejandro/BLDLIB/ioapi-3.2/ioapi/getefilec.c
if [ ! -d /home/alejandro/BLDLIB/ioapi-3.2/Linux2_x86_64ifort ]; then mkdir -p /home/alejandro/BLDLIB/ioapi-3.2/Linux2_x86_64ifort; fi
cd /home/alejandro/BLDLIB/ioapi-3.2/Linux2_x86_64ifort; icc -c -DIOAPI_NCF4=1 -DAUTO_ARRAYS=1 -DF90=1 -DFLDMN=1 -DFSTR_L=int -DIOAPI_NO_STDOUT=1 -DAVOID_FLUSH=1 -DBIT32=1  -O3 -traceback -xHost                                    -DVERSION='3.2-nocpl' /home/alejandro/BLDLIB/ioapi-3.2/ioapi/hhmmssc.c
if [ ! -d /home/alejandro/BLDLIB/ioapi-3.2/Linux2_x86_64ifort ]; then mkdir -p /home/alejandro/BLDLIB/ioapi-3.2/Linux2_x86_64ifort; fi
cd /home/alejandro/BLDLIB/ioapi-3.2/Linux2_x86_64ifort; icc -c -DIOAPI_NCF4=1 -DAUTO_ARRAYS=1 -DF90=1 -DFLDMN=1 -DFSTR_L=int -DIOAPI_NO_STDOUT=1 -DAVOID_FLUSH=1 -DBIT32=1  -O3 -traceback -xHost                                    -DVERSION='3.2-nocpl' /home/alejandro/BLDLIB/ioapi-3.2/ioapi/init3c.c
if [ ! -d /home/alejandro/BLDLIB/ioapi-3.2/Linux2_x86_64ifort ]; then mkdir -p /home/alejandro/BLDLIB/ioapi-3.2/Linux2_x86_64ifort; fi
cd /home/alejandro/BLDLIB/ioapi-3.2/Linux2_x86_64ifort; icc -c -DIOAPI_NCF4=1 -DAUTO_ARRAYS=1 -DF90=1 -DFLDMN=1 -DFSTR_L=int -DIOAPI_NO_STDOUT=1 -DAVOID_FLUSH=1 -DBIT32=1  -O3 -traceback -xHost                                    -DVERSION='3.2-nocpl' /home/alejandro/BLDLIB/ioapi-3.2/ioapi/inqatt3c.c
if [ ! -d /home/alejandro/BLDLIB/ioapi-3.2/Linux2_x86_64ifort ]; then mkdir -p /home/alejandro/BLDLIB/ioapi-3.2/Linux2_x86_64ifort; fi
cd /home/alejandro/BLDLIB/ioapi-3.2/Linux2_x86_64ifort; icc -c -DIOAPI_NCF4=1 -DAUTO_ARRAYS=1 -DF90=1 -DFLDMN=1 -DFSTR_L=int -DIOAPI_NO_STDOUT=1 -DAVOID_FLUSH=1 -DBIT32=1  -O3 -traceback -xHost                                    -DVERSION='3.2-nocpl' /home/alejandro/BLDLIB/ioapi-3.2/ioapi/interp3c.c
if [ ! -d /home/alejandro/BLDLIB/ioapi-3.2/Linux2_x86_64ifort ]; then mkdir -p /home/alejandro/BLDLIB/ioapi-3.2/Linux2_x86_64ifort; fi
cd /home/alejandro/BLDLIB/ioapi-3.2/Linux2_x86_64ifort; icc -c -DIOAPI_NCF4=1 -DAUTO_ARRAYS=1 -DF90=1 -DFLDMN=1 -DFSTR_L=int -DIOAPI_NO_STDOUT=1 -DAVOID_FLUSH=1 -DBIT32=1  -O3 -traceback -xHost                                    -DVERSION='3.2-nocpl' /home/alejandro/BLDLIB/ioapi-3.2/ioapi/iobin3.c
if [ ! -d /home/alejandro/BLDLIB/ioapi-3.2/Linux2_x86_64ifort ]; then mkdir -p /home/alejandro/BLDLIB/ioapi-3.2/Linux2_x86_64ifort; fi
cd /home/alejandro/BLDLIB/ioapi-3.2/Linux2_x86_64ifort; icc -c -DIOAPI_NCF4=1 -DAUTO_ARRAYS=1 -DF90=1 -DFLDMN=1 -DFSTR_L=int -DIOAPI_NO_STDOUT=1 -DAVOID_FLUSH=1 -DBIT32=1  -O3 -traceback -xHost                                    -DVERSION='3.2-nocpl' /home/alejandro/BLDLIB/ioapi-3.2/ioapi/julianc.c
if [ ! -d /home/alejandro/BLDLIB/ioapi-3.2/Linux2_x86_64ifort ]; then mkdir -p /home/alejandro/BLDLIB/ioapi-3.2/Linux2_x86_64ifort; fi
cd /home/alejandro/BLDLIB/ioapi-3.2/Linux2_x86_64ifort; icc -c -DIOAPI_NCF4=1 -DAUTO_ARRAYS=1 -DF90=1 -DFLDMN=1 -DFSTR_L=int -DIOAPI_NO_STDOUT=1 -DAVOID_FLUSH=1 -DBIT32=1  -O3 -traceback -xHost                                    -DVERSION='3.2-nocpl' /home/alejandro/BLDLIB/ioapi-3.2/ioapi/locatsc.c
if [ ! -d /home/alejandro/BLDLIB/ioapi-3.2/Linux2_x86_64ifort ]; then mkdir -p /home/alejandro/BLDLIB/ioapi-3.2/Linux2_x86_64ifort; fi
cd /home/alejandro/BLDLIB/ioapi-3.2/Linux2_x86_64ifort; icc -c -DIOAPI_NCF4=1 -DAUTO_ARRAYS=1 -DF90=1 -DFLDMN=1 -DFSTR_L=int -DIOAPI_NO_STDOUT=1 -DAVOID_FLUSH=1 -DBIT32=1  -O3 -traceback -xHost                                    -DVERSION='3.2-nocpl' /home/alejandro/BLDLIB/ioapi-3.2/ioapi/m3errc.c
if [ ! -d /home/alejandro/BLDLIB/ioapi-3.2/Linux2_x86_64ifort ]; then mkdir -p /home/alejandro/BLDLIB/ioapi-3.2/Linux2_x86_64ifort; fi
cd /home/alejandro/BLDLIB/ioapi-3.2/Linux2_x86_64ifort; icc -c -DIOAPI_NCF4=1 -DAUTO_ARRAYS=1 -DF90=1 -DFLDMN=1 -DFSTR_L=int -DIOAPI_NO_STDOUT=1 -DAVOID_FLUSH=1 -DBIT32=1  -O3 -traceback -xHost                                    -DVERSION='3.2-nocpl' /home/alejandro/BLDLIB/ioapi-3.2/ioapi/m3exitc.c
if [ ! -d /home/alejandro/BLDLIB/ioapi-3.2/Linux2_x86_64ifort ]; then mkdir -p /home/alejandro/BLDLIB/ioapi-3.2/Linux2_x86_64ifort; fi
cd /home/alejandro/BLDLIB/ioapi-3.2/Linux2_x86_64ifort; icc -c -DIOAPI_NCF4=1 -DAUTO_ARRAYS=1 -DF90=1 -DFLDMN=1 -DFSTR_L=int -DIOAPI_NO_STDOUT=1 -DAVOID_FLUSH=1 -DBIT32=1  -O3 -traceback -xHost                                    -DVERSION='3.2-nocpl' /home/alejandro/BLDLIB/ioapi-3.2/ioapi/m3mesgc.c
if [ ! -d /home/alejandro/BLDLIB/ioapi-3.2/Linux2_x86_64ifort ]; then mkdir -p /home/alejandro/BLDLIB/ioapi-3.2/Linux2_x86_64ifort; fi
cd /home/alejandro/BLDLIB/ioapi-3.2/Linux2_x86_64ifort; icc -c -DIOAPI_NCF4=1 -DAUTO_ARRAYS=1 -DF90=1 -DFLDMN=1 -DFSTR_L=int -DIOAPI_NO_STDOUT=1 -DAVOID_FLUSH=1 -DBIT32=1  -O3 -traceback -xHost                                    -DVERSION='3.2-nocpl' /home/alejandro/BLDLIB/ioapi-3.2/ioapi/m3warnc.c
if [ ! -d /home/alejandro/BLDLIB/ioapi-3.2/Linux2_x86_64ifort ]; then mkdir -p /home/alejandro/BLDLIB/ioapi-3.2/Linux2_x86_64ifort; fi
cd /home/alejandro/BLDLIB/ioapi-3.2/Linux2_x86_64ifort; icc -c -DIOAPI_NCF4=1 -DAUTO_ARRAYS=1 -DF90=1 -DFLDMN=1 -DFSTR_L=int -DIOAPI_NO_STDOUT=1 -DAVOID_FLUSH=1 -DBIT32=1  -O3 -traceback -xHost                                    -DVERSION='3.2-nocpl' /home/alejandro/BLDLIB/ioapi-3.2/ioapi/mmddyyc.c
if [ ! -d /home/alejandro/BLDLIB/ioapi-3.2/Linux2_x86_64ifort ]; then mkdir -p /home/alejandro/BLDLIB/ioapi-3.2/Linux2_x86_64ifort; fi
cd /home/alejandro/BLDLIB/ioapi-3.2/Linux2_x86_64ifort; icc -c -DIOAPI_NCF4=1 -DAUTO_ARRAYS=1 -DF90=1 -DFLDMN=1 -DFSTR_L=int -DIOAPI_NO_STDOUT=1 -DAVOID_FLUSH=1 -DBIT32=1  -O3 -traceback -xHost                                    -DVERSION='3.2-nocpl' /home/alejandro/BLDLIB/ioapi-3.2/ioapi/nameval.c
if [ ! -d /home/alejandro/BLDLIB/ioapi-3.2/Linux2_x86_64ifort ]; then mkdir -p /home/alejandro/BLDLIB/ioapi-3.2/Linux2_x86_64ifort; fi
cd /home/alejandro/BLDLIB/ioapi-3.2/Linux2_x86_64ifort; icc -c -DIOAPI_NCF4=1 -DAUTO_ARRAYS=1 -DF90=1 -DFLDMN=1 -DFSTR_L=int -DIOAPI_NO_STDOUT=1 -DAVOID_FLUSH=1 -DBIT32=1  -O3 -traceback -xHost                                    -DVERSION='3.2-nocpl' /home/alejandro/BLDLIB/ioapi-3.2/ioapi/nextimec.c
if [ ! -d /home/alejandro/BLDLIB/ioapi-3.2/Linux2_x86_64ifort ]; then mkdir -p /home/alejandro/BLDLIB/ioapi-3.2/Linux2_x86_64ifort; fi
cd /home/alejandro/BLDLIB/ioapi-3.2/Linux2_x86_64ifort; icc -c -DIOAPI_NCF4=1 -DAUTO_ARRAYS=1 -DF90=1 -DFLDMN=1 -DFSTR_L=int -DIOAPI_NO_STDOUT=1 -DAVOID_FLUSH=1 -DBIT32=1  -O3 -traceback -xHost                                    -DVERSION='3.2-nocpl' /home/alejandro/BLDLIB/ioapi-3.2/ioapi/open3c.c
if [ ! -d /home/alejandro/BLDLIB/ioapi-3.2/Linux2_x86_64ifort ]; then mkdir -p /home/alejandro/BLDLIB/ioapi-3.2/Linux2_x86_64ifort; fi
cd /home/alejandro/BLDLIB/ioapi-3.2/Linux2_x86_64ifort; icc -c -DIOAPI_NCF4=1 -DAUTO_ARRAYS=1 -DF90=1 -DFLDMN=1 -DFSTR_L=int -DIOAPI_NO_STDOUT=1 -DAVOID_FLUSH=1 -DBIT32=1  -O3 -traceback -xHost                                    -DVERSION='3.2-nocpl' /home/alejandro/BLDLIB/ioapi-3.2/ioapi/rdatt3c.c
if [ ! -d /home/alejandro/BLDLIB/ioapi-3.2/Linux2_x86_64ifort ]; then mkdir -p /home/alejandro/BLDLIB/ioapi-3.2/Linux2_x86_64ifort; fi
cd /home/alejandro/BLDLIB/ioapi-3.2/Linux2_x86_64ifort; icc -c -DIOAPI_NCF4=1 -DAUTO_ARRAYS=1 -DF90=1 -DFLDMN=1 -DFSTR_L=int -DIOAPI_NO_STDOUT=1 -DAVOID_FLUSH=1 -DBIT32=1  -O3 -traceback -xHost                                    -DVERSION='3.2-nocpl' /home/alejandro/BLDLIB/ioapi-3.2/ioapi/read3c.c
if [ ! -d /home/alejandro/BLDLIB/ioapi-3.2/Linux2_x86_64ifort ]; then mkdir -p /home/alejandro/BLDLIB/ioapi-3.2/Linux2_x86_64ifort; fi
cd /home/alejandro/BLDLIB/ioapi-3.2/Linux2_x86_64ifort; icc -c -DIOAPI_NCF4=1 -DAUTO_ARRAYS=1 -DF90=1 -DFLDMN=1 -DFSTR_L=int -DIOAPI_NO_STDOUT=1 -DAVOID_FLUSH=1 -DBIT32=1  -O3 -traceback -xHost                                    -DVERSION='3.2-nocpl' /home/alejandro/BLDLIB/ioapi-3.2/ioapi/read4dc.c
if [ ! -d /home/alejandro/BLDLIB/ioapi-3.2/Linux2_x86_64ifort ]; then mkdir -p /home/alejandro/BLDLIB/ioapi-3.2/Linux2_x86_64ifort; fi
cd /home/alejandro/BLDLIB/ioapi-3.2/Linux2_x86_64ifort; icc -c -DIOAPI_NCF4=1 -DAUTO_ARRAYS=1 -DF90=1 -DFLDMN=1 -DFSTR_L=int -DIOAPI_NO_STDOUT=1 -DAVOID_FLUSH=1 -DBIT32=1  -O3 -traceback -xHost                                    -DVERSION='3.2-nocpl' /home/alejandro/BLDLIB/ioapi-3.2/ioapi/rmfile.c
if [ ! -d /home/alejandro/BLDLIB/ioapi-3.2/Linux2_x86_64ifort ]; then mkdir -p /home/alejandro/BLDLIB/ioapi-3.2/Linux2_x86_64ifort; fi
cd /home/alejandro/BLDLIB/ioapi-3.2/Linux2_x86_64ifort; icc -c -DIOAPI_NCF4=1 -DAUTO_ARRAYS=1 -DF90=1 -DFLDMN=1 -DFSTR_L=int -DIOAPI_NO_STDOUT=1 -DAVOID_FLUSH=1 -DBIT32=1  -O3 -traceback -xHost                                    -DVERSION='3.2-nocpl' /home/alejandro/BLDLIB/ioapi-3.2/ioapi/sec2timec.c
if [ ! -d /home/alejandro/BLDLIB/ioapi-3.2/Linux2_x86_64ifort ]; then mkdir -p /home/alejandro/BLDLIB/ioapi-3.2/Linux2_x86_64ifort; fi
cd /home/alejandro/BLDLIB/ioapi-3.2/Linux2_x86_64ifort; icc -c -DIOAPI_NCF4=1 -DAUTO_ARRAYS=1 -DF90=1 -DFLDMN=1 -DFSTR_L=int -DIOAPI_NO_STDOUT=1 -DAVOID_FLUSH=1 -DBIT32=1  -O3 -traceback -xHost                                    -DVERSION='3.2-nocpl' /home/alejandro/BLDLIB/ioapi-3.2/ioapi/secsdiffc.c
if [ ! -d /home/alejandro/BLDLIB/ioapi-3.2/Linux2_x86_64ifort ]; then mkdir -p /home/alejandro/BLDLIB/ioapi-3.2/Linux2_x86_64ifort; fi
cd /home/alejandro/BLDLIB/ioapi-3.2/Linux2_x86_64ifort; icc -c -DIOAPI_NCF4=1 -DAUTO_ARRAYS=1 -DF90=1 -DFLDMN=1 -DFSTR_L=int -DIOAPI_NO_STDOUT=1 -DAVOID_FLUSH=1 -DBIT32=1  -O3 -traceback -xHost                                    -DVERSION='3.2-nocpl' /home/alejandro/BLDLIB/ioapi-3.2/ioapi/shut3c.c
if [ ! -d /home/alejandro/BLDLIB/ioapi-3.2/Linux2_x86_64ifort ]; then mkdir -p /home/alejandro/BLDLIB/ioapi-3.2/Linux2_x86_64ifort; fi
cd /home/alejandro/BLDLIB/ioapi-3.2/Linux2_x86_64ifort; icc -c -DIOAPI_NCF4=1 -DAUTO_ARRAYS=1 -DF90=1 -DFLDMN=1 -DFSTR_L=int -DIOAPI_NO_STDOUT=1 -DAVOID_FLUSH=1 -DBIT32=1  -O3 -traceback -xHost                                    -DVERSION='3.2-nocpl' /home/alejandro/BLDLIB/ioapi-3.2/ioapi/sleep3.c
if [ ! -d /home/alejandro/BLDLIB/ioapi-3.2/Linux2_x86_64ifort ]; then mkdir -p /home/alejandro/BLDLIB/ioapi-3.2/Linux2_x86_64ifort; fi
cd /home/alejandro/BLDLIB/ioapi-3.2/Linux2_x86_64ifort; icc -c -DIOAPI_NCF4=1 -DAUTO_ARRAYS=1 -DF90=1 -DFLDMN=1 -DFSTR_L=int -DIOAPI_NO_STDOUT=1 -DAVOID_FLUSH=1 -DBIT32=1  -O3 -traceback -xHost                                    -DVERSION='3.2-nocpl' /home/alejandro/BLDLIB/ioapi-3.2/ioapi/sortic.c
/home/alejandro/BLDLIB/ioapi-3.2/ioapi/sortic.c(322): warning #266: function "exit" declared implicitly
          if ( ind[ i ] > n )  exit( 2 ) ;
                               ^

/home/alejandro/BLDLIB/ioapi-3.2/ioapi/sortic.c(388): warning #266: function "exit" declared implicitly
          if ( ind[ i ] > n )  exit( 2 ) ;
                               ^

if [ ! -d /home/alejandro/BLDLIB/ioapi-3.2/Linux2_x86_64ifort ]; then mkdir -p /home/alejandro/BLDLIB/ioapi-3.2/Linux2_x86_64ifort; fi
cd /home/alejandro/BLDLIB/ioapi-3.2/Linux2_x86_64ifort; icc -c -DIOAPI_NCF4=1 -DAUTO_ARRAYS=1 -DF90=1 -DFLDMN=1 -DFSTR_L=int -DIOAPI_NO_STDOUT=1 -DAVOID_FLUSH=1 -DBIT32=1  -O3 -traceback -xHost                                    -DVERSION='3.2-nocpl' /home/alejandro/BLDLIB/ioapi-3.2/ioapi/sortir.c
if [ ! -d /home/alejandro/BLDLIB/ioapi-3.2/Linux2_x86_64ifort ]; then mkdir -p /home/alejandro/BLDLIB/ioapi-3.2/Linux2_x86_64ifort; fi
cd /home/alejandro/BLDLIB/ioapi-3.2/Linux2_x86_64ifort; icc -c -DIOAPI_NCF4=1 -DAUTO_ARRAYS=1 -DF90=1 -DFLDMN=1 -DFSTR_L=int -DIOAPI_NO_STDOUT=1 -DAVOID_FLUSH=1 -DBIT32=1  -O3 -traceback -xHost                                    -DVERSION='3.2-nocpl' /home/alejandro/BLDLIB/ioapi-3.2/ioapi/sortis.c
if [ ! -d /home/alejandro/BLDLIB/ioapi-3.2/Linux2_x86_64ifort ]; then mkdir -p /home/alejandro/BLDLIB/ioapi-3.2/Linux2_x86_64ifort; fi
cd /home/alejandro/BLDLIB/ioapi-3.2/Linux2_x86_64ifort; icc -c -DIOAPI_NCF4=1 -DAUTO_ARRAYS=1 -DF90=1 -DFLDMN=1 -DFSTR_L=int -DIOAPI_NO_STDOUT=1 -DAVOID_FLUSH=1 -DBIT32=1  -O3 -traceback -xHost                                    -DVERSION='3.2-nocpl' /home/alejandro/BLDLIB/ioapi-3.2/ioapi/sync3c.c
if [ ! -d /home/alejandro/BLDLIB/ioapi-3.2/Linux2_x86_64ifort ]; then mkdir -p /home/alejandro/BLDLIB/ioapi-3.2/Linux2_x86_64ifort; fi
cd /home/alejandro/BLDLIB/ioapi-3.2/Linux2_x86_64ifort; icc -c -DIOAPI_NCF4=1 -DAUTO_ARRAYS=1 -DF90=1 -DFLDMN=1 -DFSTR_L=int -DIOAPI_NO_STDOUT=1 -DAVOID_FLUSH=1 -DBIT32=1  -O3 -traceback -xHost                                    -DVERSION='3.2-nocpl' /home/alejandro/BLDLIB/ioapi-3.2/ioapi/systemf.c
if [ ! -d /home/alejandro/BLDLIB/ioapi-3.2/Linux2_x86_64ifort ]; then mkdir -p /home/alejandro/BLDLIB/ioapi-3.2/Linux2_x86_64ifort; fi
cd /home/alejandro/BLDLIB/ioapi-3.2/Linux2_x86_64ifort; icc -c -DIOAPI_NCF4=1 -DAUTO_ARRAYS=1 -DF90=1 -DFLDMN=1 -DFSTR_L=int -DIOAPI_NO_STDOUT=1 -DAVOID_FLUSH=1 -DBIT32=1  -O3 -traceback -xHost                                    -DVERSION='3.2-nocpl' /home/alejandro/BLDLIB/ioapi-3.2/ioapi/time2secc.c
if [ ! -d /home/alejandro/BLDLIB/ioapi-3.2/Linux2_x86_64ifort ]; then mkdir -p /home/alejandro/BLDLIB/ioapi-3.2/Linux2_x86_64ifort; fi
cd /home/alejandro/BLDLIB/ioapi-3.2/Linux2_x86_64ifort; icc -c -DIOAPI_NCF4=1 -DAUTO_ARRAYS=1 -DF90=1 -DFLDMN=1 -DFSTR_L=int -DIOAPI_NO_STDOUT=1 -DAVOID_FLUSH=1 -DBIT32=1  -O3 -traceback -xHost                                    -DVERSION='3.2-nocpl' /home/alejandro/BLDLIB/ioapi-3.2/ioapi/wkdayc.c
if [ ! -d /home/alejandro/BLDLIB/ioapi-3.2/Linux2_x86_64ifort ]; then mkdir -p /home/alejandro/BLDLIB/ioapi-3.2/Linux2_x86_64ifort; fi
cd /home/alejandro/BLDLIB/ioapi-3.2/Linux2_x86_64ifort; icc -c -DIOAPI_NCF4=1 -DAUTO_ARRAYS=1 -DF90=1 -DFLDMN=1 -DFSTR_L=int -DIOAPI_NO_STDOUT=1 -DAVOID_FLUSH=1 -DBIT32=1  -O3 -traceback -xHost                                    -DVERSION='3.2-nocpl' /home/alejandro/BLDLIB/ioapi-3.2/ioapi/wratt3c.c
if [ ! -d /home/alejandro/BLDLIB/ioapi-3.2/Linux2_x86_64ifort ]; then mkdir -p /home/alejandro/BLDLIB/ioapi-3.2/Linux2_x86_64ifort; fi
cd /home/alejandro/BLDLIB/ioapi-3.2/Linux2_x86_64ifort; icc -c -DIOAPI_NCF4=1 -DAUTO_ARRAYS=1 -DF90=1 -DFLDMN=1 -DFSTR_L=int -DIOAPI_NO_STDOUT=1 -DAVOID_FLUSH=1 -DBIT32=1  -O3 -traceback -xHost                                    -DVERSION='3.2-nocpl' /home/alejandro/BLDLIB/ioapi-3.2/ioapi/write3c.c
if [ ! -d /home/alejandro/BLDLIB/ioapi-3.2/Linux2_x86_64ifort ]; then mkdir -p /home/alejandro/BLDLIB/ioapi-3.2/Linux2_x86_64ifort; fi
cd /home/alejandro/BLDLIB/ioapi-3.2/Linux2_x86_64ifort; icc -c -DIOAPI_NCF4=1 -DAUTO_ARRAYS=1 -DF90=1 -DFLDMN=1 -DFSTR_L=int -DIOAPI_NO_STDOUT=1 -DAVOID_FLUSH=1 -DBIT32=1  -O3 -traceback -xHost                                    -DVERSION='3.2-nocpl' /home/alejandro/BLDLIB/ioapi-3.2/ioapi/write4dc.c
if [ ! -d /home/alejandro/BLDLIB/ioapi-3.2/Linux2_x86_64ifort ]; then mkdir -p /home/alejandro/BLDLIB/ioapi-3.2/Linux2_x86_64ifort; fi
cd /home/alejandro/BLDLIB/ioapi-3.2/Linux2_x86_64ifort; icc -c -DIOAPI_NCF4=1 -DAUTO_ARRAYS=1 -DF90=1 -DFLDMN=1 -DFSTR_L=int -DIOAPI_NO_STDOUT=1 -DAVOID_FLUSH=1 -DBIT32=1  -O3 -traceback -xHost                                    -DVERSION='3.2-nocpl' /home/alejandro/BLDLIB/ioapi-3.2/ioapi/xtract3c.c
if [ ! -d /home/alejandro/BLDLIB/ioapi-3.2/Linux2_x86_64ifort ]; then mkdir -p /home/alejandro/BLDLIB/ioapi-3.2/Linux2_x86_64ifort; fi
cd /home/alejandro/BLDLIB/ioapi-3.2/Linux2_x86_64ifort; icc -c -DIOAPI_NCF4=1 -DAUTO_ARRAYS=1 -DF90=1 -DFLDMN=1 -DFSTR_L=int -DIOAPI_NO_STDOUT=1 -DAVOID_FLUSH=1 -DBIT32=1  -O3 -traceback -xHost                                    -DVERSION='3.2-nocpl' /home/alejandro/BLDLIB/ioapi-3.2/ioapi/iocpl.c
if [ ! -d /home/alejandro/BLDLIB/ioapi-3.2/Linux2_x86_64ifort ]; then mkdir -p /home/alejandro/BLDLIB/ioapi-3.2/Linux2_x86_64ifort; fi
cd /home/alejandro/BLDLIB/ioapi-3.2/Linux2_x86_64ifort; icc -c -DIOAPI_NCF4=1 -DAUTO_ARRAYS=1 -DF90=1 -DFLDMN=1 -DFSTR_L=int -DIOAPI_NO_STDOUT=1 -DAVOID_FLUSH=1 -DBIT32=1  -O3 -traceback -xHost                                    -DVERSION='3.2-nocpl' /home/alejandro/BLDLIB/ioapi-3.2/ioapi/iocplf2c.c
cd /home/alejandro/BLDLIB/ioapi-3.2/Linux2_x86_64ifort; ar rsv libioapi.a bufint3.o check3c.o close3c.o currstepc.o daymonc.o ddtvar3c.o desc3c.o dscgridc.o dt2strc.o envgets.o filchk3c.o findsc.o get_endian.o getdfilec.o getdttime.o getefilec.o hhmmssc.o init3c.o inqatt3c.o interp3c.o iobin3.o julianc.o locatsc.o m3errc.o m3exitc.o m3mesgc.o m3warnc.o mmddyyc.o nameval.o nextimec.o open3c.o rdatt3c.o read3c.o read4dc.o rmfile.o sec2timec.o secsdiffc.o shut3c.o sleep3.o sortic.o sortir.o sortis.o sync3c.o systemf.o time2secc.o wkdayc.o wratt3c.o write3c.o write4dc.o xtract3c.o iocpl.o iocplf2c.o
a - bufint3.o
a - check3c.o
a - close3c.o
a - currstepc.o
a - daymonc.o
a - ddtvar3c.o
a - desc3c.o
a - dscgridc.o
a - dt2strc.o
a - envgets.o
a - filchk3c.o
a - findsc.o
a - get_endian.o
a - getdfilec.o
a - getdttime.o
a - getefilec.o
a - hhmmssc.o
a - init3c.o
a - inqatt3c.o
a - interp3c.o
a - iobin3.o
a - julianc.o
a - locatsc.o
a - m3errc.o
a - m3exitc.o
a - m3mesgc.o
a - m3warnc.o
a - mmddyyc.o
a - nameval.o
a - nextimec.o
a - open3c.o
a - rdatt3c.o
a - read3c.o
a - read4dc.o
a - rmfile.o
a - sec2timec.o
a - secsdiffc.o
a - shut3c.o
a - sleep3.o
a - sortic.o
a - sortir.o
a - sortis.o
a - sync3c.o
a - systemf.o
a - time2secc.o
a - wkdayc.o
a - wratt3c.o
a - write3c.o
a - write4dc.o
a - xtract3c.o
a - iocpl.o
a - iocplf2c.o
if [ ! -d /home/alejandro/BLDLIB/ioapi-3.2/Linux2_x86_64ifort ]; then mkdir -p /home/alejandro/BLDLIB/ioapi-3.2/Linux2_x86_64ifort; fi
cd /home/alejandro/BLDLIB/ioapi-3.2/Linux2_x86_64ifort; ifort -auto -warn notruncated_source -Bstatic -static-intel -c -DIOAPI_NCF4=1 -DAUTO_ARRAYS=1 -DF90=1 -DFLDMN=1 -DFSTR_L=int -DIOAPI_NO_STDOUT=1 -DAVOID_FLUSH=1 -DBIT32=1  -O3 -unroll -stack_temps -safe_cray_ptr -convert big_endian -assume byterecl  -traceback -xHost                                     -DIOAPI_NCF4=1 -DAUTO_ARRAYS=1 -DF90=1 -DFLDMN=1 -DFSTR_L=int -DIOAPI_NO_STDOUT=1 -DAVOID_FLUSH=1 -DBIT32=1 -I/home/alejandro/BLDLIB/ioapi-3.2/ioapi /home/alejandro/BLDLIB/ioapi-3.2/ioapi/modgctp.f90
ifort: command line warning #10434: option '-stack_temps' use with underscore is deprecated; use '-stack-temps' instead
ifort: command line warning #10434: option '-safe_cray_ptr' use with underscore is deprecated; use '-safe-cray-ptr' instead
if [ ! -d /home/alejandro/BLDLIB/ioapi-3.2/Linux2_x86_64ifort ]; then mkdir -p /home/alejandro/BLDLIB/ioapi-3.2/Linux2_x86_64ifort; fi
cd /home/alejandro/BLDLIB/ioapi-3.2/Linux2_x86_64ifort; ifort -auto -warn notruncated_source -Bstatic -static-intel -c -DIOAPI_NCF4=1 -DAUTO_ARRAYS=1 -DF90=1 -DFLDMN=1 -DFSTR_L=int -DIOAPI_NO_STDOUT=1 -DAVOID_FLUSH=1 -DBIT32=1  -O3 -unroll -stack_temps -safe_cray_ptr -convert big_endian -assume byterecl  -traceback -xHost                                     -DIOAPI_NCF4=1 -DAUTO_ARRAYS=1 -DF90=1 -DFLDMN=1 -DFSTR_L=int -DIOAPI_NO_STDOUT=1 -DAVOID_FLUSH=1 -DBIT32=1 -I/home/alejandro/BLDLIB/ioapi-3.2/ioapi /home/alejandro/BLDLIB/ioapi-3.2/ioapi/modwrfio.f90
ifort: command line warning #10434: option '-stack_temps' use with underscore is deprecated; use '-stack-temps' instead
ifort: command line warning #10434: option '-safe_cray_ptr' use with underscore is deprecated; use '-safe-cray-ptr' instead
if [ ! -d /home/alejandro/BLDLIB/ioapi-3.2/Linux2_x86_64ifort ]; then mkdir -p /home/alejandro/BLDLIB/ioapi-3.2/Linux2_x86_64ifort; fi
cd /home/alejandro/BLDLIB/ioapi-3.2/Linux2_x86_64ifort; ifort -auto -warn notruncated_source -Bstatic -static-intel -c -DIOAPI_NCF4=1 -DAUTO_ARRAYS=1 -DF90=1 -DFLDMN=1 -DFSTR_L=int -DIOAPI_NO_STDOUT=1 -DAVOID_FLUSH=1 -DBIT32=1  -O3 -unroll -stack_temps -safe_cray_ptr -convert big_endian -assume byterecl  -traceback -xHost                                     -DIOAPI_NCF4=1 -DAUTO_ARRAYS=1 -DF90=1 -DFLDMN=1 -DFSTR_L=int -DIOAPI_NO_STDOUT=1 -DAVOID_FLUSH=1 -DBIT32=1 -I/home/alejandro/BLDLIB/ioapi-3.2/ioapi /home/alejandro/BLDLIB/ioapi-3.2/ioapi/modmpasfio.f90
ifort: command line warning #10434: option '-stack_temps' use with underscore is deprecated; use '-stack-temps' instead
ifort: command line warning #10434: option '-safe_cray_ptr' use with underscore is deprecated; use '-safe-cray-ptr' instead
make[1]: Leaving directory '/home/alejandro/BLDLIB/ioapi-3.2/ioapi'
(cd /home/alejandro/BLDLIB/ioapi-3.2/m3tools ; make BIN=Linux2_x86_64ifort all)
make[1]: Entering directory '/home/alejandro/BLDLIB/ioapi-3.2/m3tools'
cd /home/alejandro/BLDLIB/ioapi-3.2/Linux2_x86_64ifort; ifort -auto -warn notruncated_source -Bstatic -static-intel -I/home/alejandro/BLDLIB/ioapi-3.2/ioapi -I/home/alejandro/BLDLIB/ioapi-3.2/Linux2_x86_64ifort  -DIOAPI_NCF4=1 -DAUTO_ARRAYS=1 -DF90=1 -DFLDMN=1 -DFSTR_L=int -DIOAPI_NO_STDOUT=1 -DAVOID_FLUSH=1 -DBIT32=1  -O3 -unroll -stack_temps -safe_cray_ptr -convert big_endian -assume byterecl  -traceback -xHost                                    -DIOAPI_NCF4=1 -DAUTO_ARRAYS=1 -DF90=1 -DFLDMN=1 -DFSTR_L=int -DIOAPI_NO_STDOUT=1 -DAVOID_FLUSH=1 -DBIT32=1 -c /home/alejandro/BLDLIB/ioapi-3.2/m3tools/airs2m3.f
ifort: command line warning #10434: option '-stack_temps' use with underscore is deprecated; use '-stack-temps' instead
ifort: command line warning #10434: option '-safe_cray_ptr' use with underscore is deprecated; use '-safe-cray-ptr' instead
cd /home/alejandro/BLDLIB/ioapi-3.2/Linux2_x86_64ifort; ifort -auto -warn notruncated_source -Bstatic -static-intel  airs2m3.o -L/home/alejandro/BLDLIB/ioapi-3.2/Linux2_x86_64ifort -lioapi -lnetcdff -lnetcdf  -Bstatic  -o airs2m3
cd /home/alejandro/BLDLIB/ioapi-3.2/Linux2_x86_64ifort; ifort -auto -warn notruncated_source -Bstatic -static-intel -I/home/alejandro/BLDLIB/ioapi-3.2/ioapi -I/home/alejandro/BLDLIB/ioapi-3.2/Linux2_x86_64ifort  -DIOAPI_NCF4=1 -DAUTO_ARRAYS=1 -DF90=1 -DFLDMN=1 -DFSTR_L=int -DIOAPI_NO_STDOUT=1 -DAVOID_FLUSH=1 -DBIT32=1  -O3 -unroll -stack_temps -safe_cray_ptr -convert big_endian -assume byterecl  -traceback -xHost                                    -DIOAPI_NCF4=1 -DAUTO_ARRAYS=1 -DF90=1 -DFLDMN=1 -DFSTR_L=int -DIOAPI_NO_STDOUT=1 -DAVOID_FLUSH=1 -DBIT32=1 -c /home/alejandro/BLDLIB/ioapi-3.2/m3tools/bcwndw.f90
ifort: command line warning #10434: option '-stack_temps' use with underscore is deprecated; use '-stack-temps' instead
ifort: command line warning #10434: option '-safe_cray_ptr' use with underscore is deprecated; use '-safe-cray-ptr' instead
cd /home/alejandro/BLDLIB/ioapi-3.2/Linux2_x86_64ifort; ifort -auto -warn notruncated_source -Bstatic -static-intel  bcwndw.o -L/home/alejandro/BLDLIB/ioapi-3.2/Linux2_x86_64ifort -lioapi -lnetcdff -lnetcdf  -Bstatic  -o bcwndw
cd /home/alejandro/BLDLIB/ioapi-3.2/Linux2_x86_64ifort; ifort -auto -warn notruncated_source -Bstatic -static-intel -I/home/alejandro/BLDLIB/ioapi-3.2/ioapi -I/home/alejandro/BLDLIB/ioapi-3.2/Linux2_x86_64ifort  -DIOAPI_NCF4=1 -DAUTO_ARRAYS=1 -DF90=1 -DFLDMN=1 -DFSTR_L=int -DIOAPI_NO_STDOUT=1 -DAVOID_FLUSH=1 -DBIT32=1  -O3 -unroll -stack_temps -safe_cray_ptr -convert big_endian -assume byterecl  -traceback -xHost                                    -DIOAPI_NCF4=1 -DAUTO_ARRAYS=1 -DF90=1 -DFLDMN=1 -DFSTR_L=int -DIOAPI_NO_STDOUT=1 -DAVOID_FLUSH=1 -DBIT32=1 -c /home/alejandro/BLDLIB/ioapi-3.2/m3tools/camxtom3.f90
ifort: command line warning #10434: option '-stack_temps' use with underscore is deprecated; use '-stack-temps' instead
ifort: command line warning #10434: option '-safe_cray_ptr' use with underscore is deprecated; use '-safe-cray-ptr' instead
cd /home/alejandro/BLDLIB/ioapi-3.2/Linux2_x86_64ifort; ifort -auto -warn notruncated_source -Bstatic -static-intel  camxtom3.o -L/home/alejandro/BLDLIB/ioapi-3.2/Linux2_x86_64ifort -lioapi -lnetcdff -lnetcdf  -Bstatic  -o camxtom3
cd /home/alejandro/BLDLIB/ioapi-3.2/Linux2_x86_64ifort; ifort -auto -warn notruncated_source -Bstatic -static-intel -I/home/alejandro/BLDLIB/ioapi-3.2/ioapi -I/home/alejandro/BLDLIB/ioapi-3.2/Linux2_x86_64ifort  -DIOAPI_NCF4=1 -DAUTO_ARRAYS=1 -DF90=1 -DFLDMN=1 -DFSTR_L=int -DIOAPI_NO_STDOUT=1 -DAVOID_FLUSH=1 -DBIT32=1  -O3 -unroll -stack_temps -safe_cray_ptr -convert big_endian -assume byterecl  -traceback -xHost                                    -DIOAPI_NCF4=1 -DAUTO_ARRAYS=1 -DF90=1 -DFLDMN=1 -DFSTR_L=int -DIOAPI_NO_STDOUT=1 -DAVOID_FLUSH=1 -DBIT32=1 -c /home/alejandro/BLDLIB/ioapi-3.2/m3tools/datshift.f90
ifort: command line warning #10434: option '-stack_temps' use with underscore is deprecated; use '-stack-temps' instead
ifort: command line warning #10434: option '-safe_cray_ptr' use with underscore is deprecated; use '-safe-cray-ptr' instead
cd /home/alejandro/BLDLIB/ioapi-3.2/Linux2_x86_64ifort; ifort -auto -warn notruncated_source -Bstatic -static-intel  datshift.o -L/home/alejandro/BLDLIB/ioapi-3.2/Linux2_x86_64ifort -lioapi -lnetcdff -lnetcdf  -Bstatic  -o datshift
cd /home/alejandro/BLDLIB/ioapi-3.2/Linux2_x86_64ifort; ifort -auto -warn notruncated_source -Bstatic -static-intel -I/home/alejandro/BLDLIB/ioapi-3.2/ioapi -I/home/alejandro/BLDLIB/ioapi-3.2/Linux2_x86_64ifort  -DIOAPI_NCF4=1 -DAUTO_ARRAYS=1 -DF90=1 -DFLDMN=1 -DFSTR_L=int -DIOAPI_NO_STDOUT=1 -DAVOID_FLUSH=1 -DBIT32=1  -O3 -unroll -stack_temps -safe_cray_ptr -convert big_endian -assume byterecl  -traceback -xHost                                    -DIOAPI_NCF4=1 -DAUTO_ARRAYS=1 -DF90=1 -DFLDMN=1 -DFSTR_L=int -DIOAPI_NO_STDOUT=1 -DAVOID_FLUSH=1 -DBIT32=1 -c /home/alejandro/BLDLIB/ioapi-3.2/m3tools/dayagg.f
ifort: command line warning #10434: option '-stack_temps' use with underscore is deprecated; use '-stack-temps' instead
ifort: command line warning #10434: option '-safe_cray_ptr' use with underscore is deprecated; use '-safe-cray-ptr' instead
cd /home/alejandro/BLDLIB/ioapi-3.2/Linux2_x86_64ifort; ifort -auto -warn notruncated_source -Bstatic -static-intel  dayagg.o -L/home/alejandro/BLDLIB/ioapi-3.2/Linux2_x86_64ifort -lioapi -lnetcdff -lnetcdf  -Bstatic  -o dayagg
cd /home/alejandro/BLDLIB/ioapi-3.2/Linux2_x86_64ifort; ifort -auto -warn notruncated_source -Bstatic -static-intel -I/home/alejandro/BLDLIB/ioapi-3.2/ioapi -I/home/alejandro/BLDLIB/ioapi-3.2/Linux2_x86_64ifort  -DIOAPI_NCF4=1 -DAUTO_ARRAYS=1 -DF90=1 -DFLDMN=1 -DFSTR_L=int -DIOAPI_NO_STDOUT=1 -DAVOID_FLUSH=1 -DBIT32=1  -O3 -unroll -stack_temps -safe_cray_ptr -convert big_endian -assume byterecl  -traceback -xHost                                    -DIOAPI_NCF4=1 -DAUTO_ARRAYS=1 -DF90=1 -DFLDMN=1 -DFSTR_L=int -DIOAPI_NO_STDOUT=1 -DAVOID_FLUSH=1 -DBIT32=1 -c /home/alejandro/BLDLIB/ioapi-3.2/m3tools/factor.f90
ifort: command line warning #10434: option '-stack_temps' use with underscore is deprecated; use '-stack-temps' instead
ifort: command line warning #10434: option '-safe_cray_ptr' use with underscore is deprecated; use '-safe-cray-ptr' instead
cd /home/alejandro/BLDLIB/ioapi-3.2/Linux2_x86_64ifort; ifort -auto -warn notruncated_source -Bstatic -static-intel  factor.o -L/home/alejandro/BLDLIB/ioapi-3.2/Linux2_x86_64ifort -lioapi -lnetcdff -lnetcdf  -Bstatic  -o factor
cd /home/alejandro/BLDLIB/ioapi-3.2/Linux2_x86_64ifort; ifort -auto -warn notruncated_source -Bstatic -static-intel -I/home/alejandro/BLDLIB/ioapi-3.2/ioapi -I/home/alejandro/BLDLIB/ioapi-3.2/Linux2_x86_64ifort  -DIOAPI_NCF4=1 -DAUTO_ARRAYS=1 -DF90=1 -DFLDMN=1 -DFSTR_L=int -DIOAPI_NO_STDOUT=1 -DAVOID_FLUSH=1 -DBIT32=1  -O3 -unroll -stack_temps -safe_cray_ptr -convert big_endian -assume byterecl  -traceback -xHost                                    -DIOAPI_NCF4=1 -DAUTO_ARRAYS=1 -DF90=1 -DFLDMN=1 -DFSTR_L=int -DIOAPI_NO_STDOUT=1 -DAVOID_FLUSH=1 -DBIT32=1 -c /home/alejandro/BLDLIB/ioapi-3.2/m3tools/findwndw.f90
ifort: command line warning #10434: option '-stack_temps' use with underscore is deprecated; use '-stack-temps' instead
ifort: command line warning #10434: option '-safe_cray_ptr' use with underscore is deprecated; use '-safe-cray-ptr' instead
cd /home/alejandro/BLDLIB/ioapi-3.2/Linux2_x86_64ifort; ifort -auto -warn notruncated_source -Bstatic -static-intel  findwndw.o -L/home/alejandro/BLDLIB/ioapi-3.2/Linux2_x86_64ifort -lioapi -lnetcdff -lnetcdf  -Bstatic  -o findwndw
cd /home/alejandro/BLDLIB/ioapi-3.2/Linux2_x86_64ifort; ifort -auto -warn notruncated_source -Bstatic -static-intel -I/home/alejandro/BLDLIB/ioapi-3.2/ioapi -I/home/alejandro/BLDLIB/ioapi-3.2/Linux2_x86_64ifort  -DIOAPI_NCF4=1 -DAUTO_ARRAYS=1 -DF90=1 -DFLDMN=1 -DFSTR_L=int -DIOAPI_NO_STDOUT=1 -DAVOID_FLUSH=1 -DBIT32=1  -O3 -unroll -stack_temps -safe_cray_ptr -convert big_endian -assume byterecl  -traceback -xHost                                    -DIOAPI_NCF4=1 -DAUTO_ARRAYS=1 -DF90=1 -DFLDMN=1 -DFSTR_L=int -DIOAPI_NO_STDOUT=1 -DAVOID_FLUSH=1 -DBIT32=1 -c /home/alejandro/BLDLIB/ioapi-3.2/m3tools/greg2jul.f90
ifort: command line warning #10434: option '-stack_temps' use with underscore is deprecated; use '-stack-temps' instead
ifort: command line warning #10434: option '-safe_cray_ptr' use with underscore is deprecated; use '-safe-cray-ptr' instead
cd /home/alejandro/BLDLIB/ioapi-3.2/Linux2_x86_64ifort; ifort -auto -warn notruncated_source -Bstatic -static-intel  greg2jul.o -L/home/alejandro/BLDLIB/ioapi-3.2/Linux2_x86_64ifort -lioapi -lnetcdff -lnetcdf  -Bstatic  -o greg2jul
cd /home/alejandro/BLDLIB/ioapi-3.2/Linux2_x86_64ifort; ifort -auto -warn notruncated_source -Bstatic -static-intel -I/home/alejandro/BLDLIB/ioapi-3.2/ioapi -I/home/alejandro/BLDLIB/ioapi-3.2/Linux2_x86_64ifort  -DIOAPI_NCF4=1 -DAUTO_ARRAYS=1 -DF90=1 -DFLDMN=1 -DFSTR_L=int -DIOAPI_NO_STDOUT=1 -DAVOID_FLUSH=1 -DBIT32=1  -O3 -unroll -stack_temps -safe_cray_ptr -convert big_endian -assume byterecl  -traceback -xHost                                    -DIOAPI_NCF4=1 -DAUTO_ARRAYS=1 -DF90=1 -DFLDMN=1 -DFSTR_L=int -DIOAPI_NO_STDOUT=1 -DAVOID_FLUSH=1 -DBIT32=1 -c /home/alejandro/BLDLIB/ioapi-3.2/m3tools/gregdate.f90
ifort: command line warning #10434: option '-stack_temps' use with underscore is deprecated; use '-stack-temps' instead
ifort: command line warning #10434: option '-safe_cray_ptr' use with underscore is deprecated; use '-safe-cray-ptr' instead
cd /home/alejandro/BLDLIB/ioapi-3.2/Linux2_x86_64ifort; ifort -auto -warn notruncated_source -Bstatic -static-intel  gregdate.o -L/home/alejandro/BLDLIB/ioapi-3.2/Linux2_x86_64ifort -lioapi -lnetcdff -lnetcdf  -Bstatic  -o gregdate
cd /home/alejandro/BLDLIB/ioapi-3.2/Linux2_x86_64ifort; ifort -auto -warn notruncated_source -Bstatic -static-intel -I/home/alejandro/BLDLIB/ioapi-3.2/ioapi -I/home/alejandro/BLDLIB/ioapi-3.2/Linux2_x86_64ifort  -DIOAPI_NCF4=1 -DAUTO_ARRAYS=1 -DF90=1 -DFLDMN=1 -DFSTR_L=int -DIOAPI_NO_STDOUT=1 -DAVOID_FLUSH=1 -DBIT32=1  -O3 -unroll -stack_temps -safe_cray_ptr -convert big_endian -assume byterecl  -traceback -xHost                                    -DIOAPI_NCF4=1 -DAUTO_ARRAYS=1 -DF90=1 -DFLDMN=1 -DFSTR_L=int -DIOAPI_NO_STDOUT=1 -DAVOID_FLUSH=1 -DBIT32=1 -c /home/alejandro/BLDLIB/ioapi-3.2/m3tools/gridprobe.f90
ifort: command line warning #10434: option '-stack_temps' use with underscore is deprecated; use '-stack-temps' instead
ifort: command line warning #10434: option '-safe_cray_ptr' use with underscore is deprecated; use '-safe-cray-ptr' instead
cd /home/alejandro/BLDLIB/ioapi-3.2/Linux2_x86_64ifort; ifort -auto -warn notruncated_source -Bstatic -static-intel  gridprobe.o -L/home/alejandro/BLDLIB/ioapi-3.2/Linux2_x86_64ifort -lioapi -lnetcdff -lnetcdf  -Bstatic  -o gridprobe
cd /home/alejandro/BLDLIB/ioapi-3.2/Linux2_x86_64ifort; ifort -auto -warn notruncated_source -Bstatic -static-intel -I/home/alejandro/BLDLIB/ioapi-3.2/ioapi -I/home/alejandro/BLDLIB/ioapi-3.2/Linux2_x86_64ifort  -DIOAPI_NCF4=1 -DAUTO_ARRAYS=1 -DF90=1 -DFLDMN=1 -DFSTR_L=int -DIOAPI_NO_STDOUT=1 -DAVOID_FLUSH=1 -DBIT32=1  -O3 -unroll -stack_temps -safe_cray_ptr -convert big_endian -assume byterecl  -traceback -xHost                                    -DIOAPI_NCF4=1 -DAUTO_ARRAYS=1 -DF90=1 -DFLDMN=1 -DFSTR_L=int -DIOAPI_NO_STDOUT=1 -DAVOID_FLUSH=1 -DBIT32=1 -c /home/alejandro/BLDLIB/ioapi-3.2/m3tools/insertgrid.f90
ifort: command line warning #10434: option '-stack_temps' use with underscore is deprecated; use '-stack-temps' instead
ifort: command line warning #10434: option '-safe_cray_ptr' use with underscore is deprecated; use '-safe-cray-ptr' instead
cd /home/alejandro/BLDLIB/ioapi-3.2/Linux2_x86_64ifort; ifort -auto -warn notruncated_source -Bstatic -static-intel  insertgrid.o -L/home/alejandro/BLDLIB/ioapi-3.2/Linux2_x86_64ifort -lioapi -lnetcdff -lnetcdf  -Bstatic  -o insertgrid
cd /home/alejandro/BLDLIB/ioapi-3.2/Linux2_x86_64ifort; ifort -auto -warn notruncated_source -Bstatic -static-intel -I/home/alejandro/BLDLIB/ioapi-3.2/ioapi -I/home/alejandro/BLDLIB/ioapi-3.2/Linux2_x86_64ifort  -DIOAPI_NCF4=1 -DAUTO_ARRAYS=1 -DF90=1 -DFLDMN=1 -DFSTR_L=int -DIOAPI_NO_STDOUT=1 -DAVOID_FLUSH=1 -DBIT32=1  -O3 -unroll -stack_temps -safe_cray_ptr -convert big_endian -assume byterecl  -traceback -xHost                                    -DIOAPI_NCF4=1 -DAUTO_ARRAYS=1 -DF90=1 -DFLDMN=1 -DFSTR_L=int -DIOAPI_NO_STDOUT=1 -DAVOID_FLUSH=1 -DBIT32=1 -c /home/alejandro/BLDLIB/ioapi-3.2/m3tools/jul2greg.f90
ifort: command line warning #10434: option '-stack_temps' use with underscore is deprecated; use '-stack-temps' instead
ifort: command line warning #10434: option '-safe_cray_ptr' use with underscore is deprecated; use '-safe-cray-ptr' instead
cd /home/alejandro/BLDLIB/ioapi-3.2/Linux2_x86_64ifort; ifort -auto -warn notruncated_source -Bstatic -static-intel  jul2greg.o -L/home/alejandro/BLDLIB/ioapi-3.2/Linux2_x86_64ifort -lioapi -lnetcdff -lnetcdf  -Bstatic  -o jul2greg
cd /home/alejandro/BLDLIB/ioapi-3.2/Linux2_x86_64ifort; ifort -auto -warn notruncated_source -Bstatic -static-intel -I/home/alejandro/BLDLIB/ioapi-3.2/ioapi -I/home/alejandro/BLDLIB/ioapi-3.2/Linux2_x86_64ifort  -DIOAPI_NCF4=1 -DAUTO_ARRAYS=1 -DF90=1 -DFLDMN=1 -DFSTR_L=int -DIOAPI_NO_STDOUT=1 -DAVOID_FLUSH=1 -DBIT32=1  -O3 -unroll -stack_temps -safe_cray_ptr -convert big_endian -assume byterecl  -traceback -xHost                                    -DIOAPI_NCF4=1 -DAUTO_ARRAYS=1 -DF90=1 -DFLDMN=1 -DFSTR_L=int -DIOAPI_NO_STDOUT=1 -DAVOID_FLUSH=1 -DBIT32=1 -c /home/alejandro/BLDLIB/ioapi-3.2/m3tools/juldate.f90
ifort: command line warning #10434: option '-stack_temps' use with underscore is deprecated; use '-stack-temps' instead
ifort: command line warning #10434: option '-safe_cray_ptr' use with underscore is deprecated; use '-safe-cray-ptr' instead
cd /home/alejandro/BLDLIB/ioapi-3.2/Linux2_x86_64ifort; ifort -auto -warn notruncated_source -Bstatic -static-intel  juldate.o -L/home/alejandro/BLDLIB/ioapi-3.2/Linux2_x86_64ifort -lioapi -lnetcdff -lnetcdf  -Bstatic  -o juldate
cd /home/alejandro/BLDLIB/ioapi-3.2/Linux2_x86_64ifort; ifort -auto -warn notruncated_source -Bstatic -static-intel -I/home/alejandro/BLDLIB/ioapi-3.2/ioapi -I/home/alejandro/BLDLIB/ioapi-3.2/Linux2_x86_64ifort  -DIOAPI_NCF4=1 -DAUTO_ARRAYS=1 -DF90=1 -DFLDMN=1 -DFSTR_L=int -DIOAPI_NO_STDOUT=1 -DAVOID_FLUSH=1 -DBIT32=1  -O3 -unroll -stack_temps -safe_cray_ptr -convert big_endian -assume byterecl  -traceback -xHost                                    -DIOAPI_NCF4=1 -DAUTO_ARRAYS=1 -DF90=1 -DFLDMN=1 -DFSTR_L=int -DIOAPI_NO_STDOUT=1 -DAVOID_FLUSH=1 -DBIT32=1 -c /home/alejandro/BLDLIB/ioapi-3.2/m3tools/juldiff.f90
ifort: command line warning #10434: option '-stack_temps' use with underscore is deprecated; use '-stack-temps' instead
ifort: command line warning #10434: option '-safe_cray_ptr' use with underscore is deprecated; use '-safe-cray-ptr' instead
cd /home/alejandro/BLDLIB/ioapi-3.2/Linux2_x86_64ifort; ifort -auto -warn notruncated_source -Bstatic -static-intel  juldiff.o -L/home/alejandro/BLDLIB/ioapi-3.2/Linux2_x86_64ifort -lioapi -lnetcdff -lnetcdf  -Bstatic  -o juldiff
cd /home/alejandro/BLDLIB/ioapi-3.2/Linux2_x86_64ifort; ifort -auto -warn notruncated_source -Bstatic -static-intel -I/home/alejandro/BLDLIB/ioapi-3.2/ioapi -I/home/alejandro/BLDLIB/ioapi-3.2/Linux2_x86_64ifort  -DIOAPI_NCF4=1 -DAUTO_ARRAYS=1 -DF90=1 -DFLDMN=1 -DFSTR_L=int -DIOAPI_NO_STDOUT=1 -DAVOID_FLUSH=1 -DBIT32=1  -O3 -unroll -stack_temps -safe_cray_ptr -convert big_endian -assume byterecl  -traceback -xHost                                    -DIOAPI_NCF4=1 -DAUTO_ARRAYS=1 -DF90=1 -DFLDMN=1 -DFSTR_L=int -DIOAPI_NO_STDOUT=1 -DAVOID_FLUSH=1 -DBIT32=1 -c /home/alejandro/BLDLIB/ioapi-3.2/m3tools/julshift.f90
ifort: command line warning #10434: option '-stack_temps' use with underscore is deprecated; use '-stack-temps' instead
ifort: command line warning #10434: option '-safe_cray_ptr' use with underscore is deprecated; use '-safe-cray-ptr' instead
cd /home/alejandro/BLDLIB/ioapi-3.2/Linux2_x86_64ifort; ifort -auto -warn notruncated_source -Bstatic -static-intel  julshift.o -L/home/alejandro/BLDLIB/ioapi-3.2/Linux2_x86_64ifort -lioapi -lnetcdff -lnetcdf  -Bstatic  -o julshift
cd /home/alejandro/BLDLIB/ioapi-3.2/Linux2_x86_64ifort; ifort -auto -warn notruncated_source -Bstatic -static-intel -I/home/alejandro/BLDLIB/ioapi-3.2/ioapi -I/home/alejandro/BLDLIB/ioapi-3.2/Linux2_x86_64ifort  -DIOAPI_NCF4=1 -DAUTO_ARRAYS=1 -DF90=1 -DFLDMN=1 -DFSTR_L=int -DIOAPI_NO_STDOUT=1 -DAVOID_FLUSH=1 -DBIT32=1  -O3 -unroll -stack_temps -safe_cray_ptr -convert big_endian -assume byterecl  -traceback -xHost                                    -DIOAPI_NCF4=1 -DAUTO_ARRAYS=1 -DF90=1 -DFLDMN=1 -DFSTR_L=int -DIOAPI_NO_STDOUT=1 -DAVOID_FLUSH=1 -DBIT32=1 -c /home/alejandro/BLDLIB/ioapi-3.2/m3tools/kfxtract.f
ifort: command line warning #10434: option '-stack_temps' use with underscore is deprecated; use '-stack-temps' instead
ifort: command line warning #10434: option '-safe_cray_ptr' use with underscore is deprecated; use '-safe-cray-ptr' instead
cd /home/alejandro/BLDLIB/ioapi-3.2/Linux2_x86_64ifort; ifort -auto -warn notruncated_source -Bstatic -static-intel  kfxtract.o -L/home/alejandro/BLDLIB/ioapi-3.2/Linux2_x86_64ifort -lioapi -lnetcdff -lnetcdf  -Bstatic  -o kfxtract
cd /home/alejandro/BLDLIB/ioapi-3.2/Linux2_x86_64ifort; ifort -auto -warn notruncated_source -Bstatic -static-intel -I/home/alejandro/BLDLIB/ioapi-3.2/ioapi -I/home/alejandro/BLDLIB/ioapi-3.2/Linux2_x86_64ifort  -DIOAPI_NCF4=1 -DAUTO_ARRAYS=1 -DF90=1 -DFLDMN=1 -DFSTR_L=int -DIOAPI_NO_STDOUT=1 -DAVOID_FLUSH=1 -DBIT32=1  -O3 -unroll -stack_temps -safe_cray_ptr -convert big_endian -assume byterecl  -traceback -xHost                                    -DIOAPI_NCF4=1 -DAUTO_ARRAYS=1 -DF90=1 -DFLDMN=1 -DFSTR_L=int -DIOAPI_NO_STDOUT=1 -DAVOID_FLUSH=1 -DBIT32=1 -c /home/alejandro/BLDLIB/ioapi-3.2/m3tools/latlon.f90
ifort: command line warning #10434: option '-stack_temps' use with underscore is deprecated; use '-stack-temps' instead
ifort: command line warning #10434: option '-safe_cray_ptr' use with underscore is deprecated; use '-safe-cray-ptr' instead
cd /home/alejandro/BLDLIB/ioapi-3.2/Linux2_x86_64ifort; ifort -auto -warn notruncated_source -Bstatic -static-intel  latlon.o -L/home/alejandro/BLDLIB/ioapi-3.2/Linux2_x86_64ifort -lioapi -lnetcdff -lnetcdf  -Bstatic  -o latlon
cd /home/alejandro/BLDLIB/ioapi-3.2/Linux2_x86_64ifort; ifort -auto -warn notruncated_source -Bstatic -static-intel -I/home/alejandro/BLDLIB/ioapi-3.2/ioapi -I/home/alejandro/BLDLIB/ioapi-3.2/Linux2_x86_64ifort  -DIOAPI_NCF4=1 -DAUTO_ARRAYS=1 -DF90=1 -DFLDMN=1 -DFSTR_L=int -DIOAPI_NO_STDOUT=1 -DAVOID_FLUSH=1 -DBIT32=1  -O3 -unroll -stack_temps -safe_cray_ptr -convert big_endian -assume byterecl  -traceback -xHost                                    -DIOAPI_NCF4=1 -DAUTO_ARRAYS=1 -DF90=1 -DFLDMN=1 -DFSTR_L=int -DIOAPI_NO_STDOUT=1 -DAVOID_FLUSH=1 -DBIT32=1 -c /home/alejandro/BLDLIB/ioapi-3.2/m3tools/m3agmax.f
ifort: command line warning #10434: option '-stack_temps' use with underscore is deprecated; use '-stack-temps' instead
ifort: command line warning #10434: option '-safe_cray_ptr' use with underscore is deprecated; use '-safe-cray-ptr' instead
cd /home/alejandro/BLDLIB/ioapi-3.2/Linux2_x86_64ifort; ifort -auto -warn notruncated_source -Bstatic -static-intel -I/home/alejandro/BLDLIB/ioapi-3.2/ioapi -I/home/alejandro/BLDLIB/ioapi-3.2/Linux2_x86_64ifort  -DIOAPI_NCF4=1 -DAUTO_ARRAYS=1 -DF90=1 -DFLDMN=1 -DFSTR_L=int -DIOAPI_NO_STDOUT=1 -DAVOID_FLUSH=1 -DBIT32=1  -O3 -unroll -stack_temps -safe_cray_ptr -convert big_endian -assume byterecl  -traceback -xHost                                    -DIOAPI_NCF4=1 -DAUTO_ARRAYS=1 -DF90=1 -DFLDMN=1 -DFSTR_L=int -DIOAPI_NO_STDOUT=1 -DAVOID_FLUSH=1 -DBIT32=1 -c /home/alejandro/BLDLIB/ioapi-3.2/m3tools/agmax.f
ifort: command line warning #10434: option '-stack_temps' use with underscore is deprecated; use '-stack-temps' instead
ifort: command line warning #10434: option '-safe_cray_ptr' use with underscore is deprecated; use '-safe-cray-ptr' instead
cd /home/alejandro/BLDLIB/ioapi-3.2/Linux2_x86_64ifort; ifort -auto -warn notruncated_source -Bstatic -static-intel  m3agmax.o agmax.o -L/home/alejandro/BLDLIB/ioapi-3.2/Linux2_x86_64ifort -lioapi -lnetcdff -lnetcdf  -Bstatic  -o m3agmax
cd /home/alejandro/BLDLIB/ioapi-3.2/Linux2_x86_64ifort; ifort -auto -warn notruncated_source -Bstatic -static-intel -I/home/alejandro/BLDLIB/ioapi-3.2/ioapi -I/home/alejandro/BLDLIB/ioapi-3.2/Linux2_x86_64ifort  -DIOAPI_NCF4=1 -DAUTO_ARRAYS=1 -DF90=1 -DFLDMN=1 -DFSTR_L=int -DIOAPI_NO_STDOUT=1 -DAVOID_FLUSH=1 -DBIT32=1  -O3 -unroll -stack_temps -safe_cray_ptr -convert big_endian -assume byterecl  -traceback -xHost                                    -DIOAPI_NCF4=1 -DAUTO_ARRAYS=1 -DF90=1 -DFLDMN=1 -DFSTR_L=int -DIOAPI_NO_STDOUT=1 -DAVOID_FLUSH=1 -DBIT32=1 -c /home/alejandro/BLDLIB/ioapi-3.2/m3tools/m3agmask.f
ifort: command line warning #10434: option '-stack_temps' use with underscore is deprecated; use '-stack-temps' instead
ifort: command line warning #10434: option '-safe_cray_ptr' use with underscore is deprecated; use '-safe-cray-ptr' instead
cd /home/alejandro/BLDLIB/ioapi-3.2/Linux2_x86_64ifort; ifort -auto -warn notruncated_source -Bstatic -static-intel -I/home/alejandro/BLDLIB/ioapi-3.2/ioapi -I/home/alejandro/BLDLIB/ioapi-3.2/Linux2_x86_64ifort  -DIOAPI_NCF4=1 -DAUTO_ARRAYS=1 -DF90=1 -DFLDMN=1 -DFSTR_L=int -DIOAPI_NO_STDOUT=1 -DAVOID_FLUSH=1 -DBIT32=1  -O3 -unroll -stack_temps -safe_cray_ptr -convert big_endian -assume byterecl  -traceback -xHost                                    -DIOAPI_NCF4=1 -DAUTO_ARRAYS=1 -DF90=1 -DFLDMN=1 -DFSTR_L=int -DIOAPI_NO_STDOUT=1 -DAVOID_FLUSH=1 -DBIT32=1 -c /home/alejandro/BLDLIB/ioapi-3.2/m3tools/agmask.f
ifort: command line warning #10434: option '-stack_temps' use with underscore is deprecated; use '-stack-temps' instead
ifort: command line warning #10434: option '-safe_cray_ptr' use with underscore is deprecated; use '-safe-cray-ptr' instead
cd /home/alejandro/BLDLIB/ioapi-3.2/Linux2_x86_64ifort; ifort -auto -warn notruncated_source -Bstatic -static-intel  m3agmask.o agmask.o -L/home/alejandro/BLDLIB/ioapi-3.2/Linux2_x86_64ifort -lioapi -lnetcdff -lnetcdf  -Bstatic  -o m3agmask
cd /home/alejandro/BLDLIB/ioapi-3.2/Linux2_x86_64ifort; ifort -auto -warn notruncated_source -Bstatic -static-intel -I/home/alejandro/BLDLIB/ioapi-3.2/ioapi -I/home/alejandro/BLDLIB/ioapi-3.2/Linux2_x86_64ifort  -DIOAPI_NCF4=1 -DAUTO_ARRAYS=1 -DF90=1 -DFLDMN=1 -DFSTR_L=int -DIOAPI_NO_STDOUT=1 -DAVOID_FLUSH=1 -DBIT32=1  -O3 -unroll -stack_temps -safe_cray_ptr -convert big_endian -assume byterecl  -traceback -xHost                                    -DIOAPI_NCF4=1 -DAUTO_ARRAYS=1 -DF90=1 -DFLDMN=1 -DFSTR_L=int -DIOAPI_NO_STDOUT=1 -DAVOID_FLUSH=1 -DBIT32=1 -c /home/alejandro/BLDLIB/ioapi-3.2/m3tools/m3cple.f90
ifort: command line warning #10434: option '-stack_temps' use with underscore is deprecated; use '-stack-temps' instead
ifort: command line warning #10434: option '-safe_cray_ptr' use with underscore is deprecated; use '-safe-cray-ptr' instead
cd /home/alejandro/BLDLIB/ioapi-3.2/Linux2_x86_64ifort; ifort -auto -warn notruncated_source -Bstatic -static-intel  m3cple.o -L/home/alejandro/BLDLIB/ioapi-3.2/Linux2_x86_64ifort -lioapi -lnetcdff -lnetcdf  -Bstatic  -o m3cple
cd /home/alejandro/BLDLIB/ioapi-3.2/Linux2_x86_64ifort; ifort -auto -warn notruncated_source -Bstatic -static-intel -I/home/alejandro/BLDLIB/ioapi-3.2/ioapi -I/home/alejandro/BLDLIB/ioapi-3.2/Linux2_x86_64ifort  -DIOAPI_NCF4=1 -DAUTO_ARRAYS=1 -DF90=1 -DFLDMN=1 -DFSTR_L=int -DIOAPI_NO_STDOUT=1 -DAVOID_FLUSH=1 -DBIT32=1  -O3 -unroll -stack_temps -safe_cray_ptr -convert big_endian -assume byterecl  -traceback -xHost                                    -DIOAPI_NCF4=1 -DAUTO_ARRAYS=1 -DF90=1 -DFLDMN=1 -DFSTR_L=int -DIOAPI_NO_STDOUT=1 -DAVOID_FLUSH=1 -DBIT32=1 -c /home/alejandro/BLDLIB/ioapi-3.2/m3tools/m3combo.f90
ifort: command line warning #10434: option '-stack_temps' use with underscore is deprecated; use '-stack-temps' instead
ifort: command line warning #10434: option '-safe_cray_ptr' use with underscore is deprecated; use '-safe-cray-ptr' instead
cd /home/alejandro/BLDLIB/ioapi-3.2/Linux2_x86_64ifort; ifort -auto -warn notruncated_source -Bstatic -static-intel  m3combo.o -L/home/alejandro/BLDLIB/ioapi-3.2/Linux2_x86_64ifort -lioapi -lnetcdff -lnetcdf  -Bstatic  -o m3combo
cd /home/alejandro/BLDLIB/ioapi-3.2/Linux2_x86_64ifort; ifort -auto -warn notruncated_source -Bstatic -static-intel -I/home/alejandro/BLDLIB/ioapi-3.2/ioapi -I/home/alejandro/BLDLIB/ioapi-3.2/Linux2_x86_64ifort  -DIOAPI_NCF4=1 -DAUTO_ARRAYS=1 -DF90=1 -DFLDMN=1 -DFSTR_L=int -DIOAPI_NO_STDOUT=1 -DAVOID_FLUSH=1 -DBIT32=1  -O3 -unroll -stack_temps -safe_cray_ptr -convert big_endian -assume byterecl  -traceback -xHost                                    -DIOAPI_NCF4=1 -DAUTO_ARRAYS=1 -DF90=1 -DFLDMN=1 -DFSTR_L=int -DIOAPI_NO_STDOUT=1 -DAVOID_FLUSH=1 -DBIT32=1 -c /home/alejandro/BLDLIB/ioapi-3.2/m3tools/m3diff.f
ifort: command line warning #10434: option '-stack_temps' use with underscore is deprecated; use '-stack-temps' instead
ifort: command line warning #10434: option '-safe_cray_ptr' use with underscore is deprecated; use '-safe-cray-ptr' instead
cd /home/alejandro/BLDLIB/ioapi-3.2/Linux2_x86_64ifort; ifort -auto -warn notruncated_source -Bstatic -static-intel -I/home/alejandro/BLDLIB/ioapi-3.2/ioapi -I/home/alejandro/BLDLIB/ioapi-3.2/Linux2_x86_64ifort  -DIOAPI_NCF4=1 -DAUTO_ARRAYS=1 -DF90=1 -DFLDMN=1 -DFSTR_L=int -DIOAPI_NO_STDOUT=1 -DAVOID_FLUSH=1 -DBIT32=1  -O3 -unroll -stack_temps -safe_cray_ptr -convert big_endian -assume byterecl  -traceback -xHost                                    -DIOAPI_NCF4=1 -DAUTO_ARRAYS=1 -DF90=1 -DFLDMN=1 -DFSTR_L=int -DIOAPI_NO_STDOUT=1 -DAVOID_FLUSH=1 -DBIT32=1 -c /home/alejandro/BLDLIB/ioapi-3.2/m3tools/diffstep.f
ifort: command line warning #10434: option '-stack_temps' use with underscore is deprecated; use '-stack-temps' instead
ifort: command line warning #10434: option '-safe_cray_ptr' use with underscore is deprecated; use '-safe-cray-ptr' instead
cd /home/alejandro/BLDLIB/ioapi-3.2/Linux2_x86_64ifort; ifort -auto -warn notruncated_source -Bstatic -static-intel -I/home/alejandro/BLDLIB/ioapi-3.2/ioapi -I/home/alejandro/BLDLIB/ioapi-3.2/Linux2_x86_64ifort  -DIOAPI_NCF4=1 -DAUTO_ARRAYS=1 -DF90=1 -DFLDMN=1 -DFSTR_L=int -DIOAPI_NO_STDOUT=1 -DAVOID_FLUSH=1 -DBIT32=1  -O3 -unroll -stack_temps -safe_cray_ptr -convert big_endian -assume byterecl  -traceback -xHost                                    -DIOAPI_NCF4=1 -DAUTO_ARRAYS=1 -DF90=1 -DFLDMN=1 -DFSTR_L=int -DIOAPI_NO_STDOUT=1 -DAVOID_FLUSH=1 -DBIT32=1 -c /home/alejandro/BLDLIB/ioapi-3.2/m3tools/cdiffstep.f
ifort: command line warning #10434: option '-stack_temps' use with underscore is deprecated; use '-stack-temps' instead
ifort: command line warning #10434: option '-safe_cray_ptr' use with underscore is deprecated; use '-safe-cray-ptr' instead
cd /home/alejandro/BLDLIB/ioapi-3.2/Linux2_x86_64ifort; ifort -auto -warn notruncated_source -Bstatic -static-intel  m3diff.o diffstep.o cdiffstep.o -L/home/alejandro/BLDLIB/ioapi-3.2/Linux2_x86_64ifort -lioapi -lnetcdff -lnetcdf  -Bstatic  -o m3diff
cd /home/alejandro/BLDLIB/ioapi-3.2/Linux2_x86_64ifort; ifort -auto -warn notruncated_source -Bstatic -static-intel -I/home/alejandro/BLDLIB/ioapi-3.2/ioapi -I/home/alejandro/BLDLIB/ioapi-3.2/Linux2_x86_64ifort  -DIOAPI_NCF4=1 -DAUTO_ARRAYS=1 -DF90=1 -DFLDMN=1 -DFSTR_L=int -DIOAPI_NO_STDOUT=1 -DAVOID_FLUSH=1 -DBIT32=1  -O3 -unroll -stack_temps -safe_cray_ptr -convert big_endian -assume byterecl  -traceback -xHost                                    -DIOAPI_NCF4=1 -DAUTO_ARRAYS=1 -DF90=1 -DFLDMN=1 -DFSTR_L=int -DIOAPI_NO_STDOUT=1 -DAVOID_FLUSH=1 -DBIT32=1 -c /home/alejandro/BLDLIB/ioapi-3.2/m3tools/m3edhdr.f
ifort: command line warning #10434: option '-stack_temps' use with underscore is deprecated; use '-stack-temps' instead
ifort: command line warning #10434: option '-safe_cray_ptr' use with underscore is deprecated; use '-safe-cray-ptr' instead
cd /home/alejandro/BLDLIB/ioapi-3.2/Linux2_x86_64ifort; ifort -auto -warn notruncated_source -Bstatic -static-intel  m3edhdr.o -L/home/alejandro/BLDLIB/ioapi-3.2/Linux2_x86_64ifort -lioapi -lnetcdff -lnetcdf  -Bstatic  -o m3edhdr
cd /home/alejandro/BLDLIB/ioapi-3.2/Linux2_x86_64ifort; ifort -auto -warn notruncated_source -Bstatic -static-intel -I/home/alejandro/BLDLIB/ioapi-3.2/ioapi -I/home/alejandro/BLDLIB/ioapi-3.2/Linux2_x86_64ifort  -DIOAPI_NCF4=1 -DAUTO_ARRAYS=1 -DF90=1 -DFLDMN=1 -DFSTR_L=int -DIOAPI_NO_STDOUT=1 -DAVOID_FLUSH=1 -DBIT32=1  -O3 -unroll -stack_temps -safe_cray_ptr -convert big_endian -assume byterecl  -traceback -xHost                                    -DIOAPI_NCF4=1 -DAUTO_ARRAYS=1 -DF90=1 -DFLDMN=1 -DFSTR_L=int -DIOAPI_NO_STDOUT=1 -DAVOID_FLUSH=1 -DBIT32=1 -c /home/alejandro/BLDLIB/ioapi-3.2/m3tools/m3fake.f90
ifort: command line warning #10434: option '-stack_temps' use with underscore is deprecated; use '-stack-temps' instead
ifort: command line warning #10434: option '-safe_cray_ptr' use with underscore is deprecated; use '-safe-cray-ptr' instead
cd /home/alejandro/BLDLIB/ioapi-3.2/Linux2_x86_64ifort; ifort -auto -warn notruncated_source -Bstatic -static-intel -I/home/alejandro/BLDLIB/ioapi-3.2/ioapi -I/home/alejandro/BLDLIB/ioapi-3.2/Linux2_x86_64ifort  -DIOAPI_NCF4=1 -DAUTO_ARRAYS=1 -DF90=1 -DFLDMN=1 -DFSTR_L=int -DIOAPI_NO_STDOUT=1 -DAVOID_FLUSH=1 -DBIT32=1  -O3 -unroll -stack_temps -safe_cray_ptr -convert big_endian -assume byterecl  -traceback -xHost                                    -DIOAPI_NCF4=1 -DAUTO_ARRAYS=1 -DF90=1 -DFLDMN=1 -DFSTR_L=int -DIOAPI_NO_STDOUT=1 -DAVOID_FLUSH=1 -DBIT32=1 -c /home/alejandro/BLDLIB/ioapi-3.2/m3tools/fakestep.f90
ifort: command line warning #10434: option '-stack_temps' use with underscore is deprecated; use '-stack-temps' instead
ifort: command line warning #10434: option '-safe_cray_ptr' use with underscore is deprecated; use '-safe-cray-ptr' instead
cd /home/alejandro/BLDLIB/ioapi-3.2/Linux2_x86_64ifort; ifort -auto -warn notruncated_source -Bstatic -static-intel -I/home/alejandro/BLDLIB/ioapi-3.2/ioapi -I/home/alejandro/BLDLIB/ioapi-3.2/Linux2_x86_64ifort  -DIOAPI_NCF4=1 -DAUTO_ARRAYS=1 -DF90=1 -DFLDMN=1 -DFSTR_L=int -DIOAPI_NO_STDOUT=1 -DAVOID_FLUSH=1 -DBIT32=1  -O3 -unroll -stack_temps -safe_cray_ptr -convert big_endian -assume byterecl  -traceback -xHost                                    -DIOAPI_NCF4=1 -DAUTO_ARRAYS=1 -DF90=1 -DFLDMN=1 -DFSTR_L=int -DIOAPI_NO_STDOUT=1 -DAVOID_FLUSH=1 -DBIT32=1 -c /home/alejandro/BLDLIB/ioapi-3.2/m3tools/fills.f90
ifort: command line warning #10434: option '-stack_temps' use with underscore is deprecated; use '-stack-temps' instead
ifort: command line warning #10434: option '-safe_cray_ptr' use with underscore is deprecated; use '-safe-cray-ptr' instead
cd /home/alejandro/BLDLIB/ioapi-3.2/Linux2_x86_64ifort; ifort -auto -warn notruncated_source -Bstatic -static-intel  m3fake.o fakestep.o fills.o -L/home/alejandro/BLDLIB/ioapi-3.2/Linux2_x86_64ifort -lioapi -lnetcdff -lnetcdf  -Bstatic  -o m3fake
cd /home/alejandro/BLDLIB/ioapi-3.2/Linux2_x86_64ifort; ifort -auto -warn notruncated_source -Bstatic -static-intel -I/home/alejandro/BLDLIB/ioapi-3.2/ioapi -I/home/alejandro/BLDLIB/ioapi-3.2/Linux2_x86_64ifort  -DIOAPI_NCF4=1 -DAUTO_ARRAYS=1 -DF90=1 -DFLDMN=1 -DFSTR_L=int -DIOAPI_NO_STDOUT=1 -DAVOID_FLUSH=1 -DBIT32=1  -O3 -unroll -stack_temps -safe_cray_ptr -convert big_endian -assume byterecl  -traceback -xHost                                    -DIOAPI_NCF4=1 -DAUTO_ARRAYS=1 -DF90=1 -DFLDMN=1 -DFSTR_L=int -DIOAPI_NO_STDOUT=1 -DAVOID_FLUSH=1 -DBIT32=1 -c /home/alejandro/BLDLIB/ioapi-3.2/m3tools/m3hdr.f
ifort: command line warning #10434: option '-stack_temps' use with underscore is deprecated; use '-stack-temps' instead
ifort: command line warning #10434: option '-safe_cray_ptr' use with underscore is deprecated; use '-safe-cray-ptr' instead
cd /home/alejandro/BLDLIB/ioapi-3.2/Linux2_x86_64ifort; ifort -auto -warn notruncated_source -Bstatic -static-intel  m3hdr.o -L/home/alejandro/BLDLIB/ioapi-3.2/Linux2_x86_64ifort -lioapi -lnetcdff -lnetcdf  -Bstatic  -o m3hdr
cd /home/alejandro/BLDLIB/ioapi-3.2/Linux2_x86_64ifort; ifort -auto -warn notruncated_source -Bstatic -static-intel -I/home/alejandro/BLDLIB/ioapi-3.2/ioapi -I/home/alejandro/BLDLIB/ioapi-3.2/Linux2_x86_64ifort  -DIOAPI_NCF4=1 -DAUTO_ARRAYS=1 -DF90=1 -DFLDMN=1 -DFSTR_L=int -DIOAPI_NO_STDOUT=1 -DAVOID_FLUSH=1 -DBIT32=1  -O3 -unroll -stack_temps -safe_cray_ptr -convert big_endian -assume byterecl  -traceback -xHost                                    -DIOAPI_NCF4=1 -DAUTO_ARRAYS=1 -DF90=1 -DFLDMN=1 -DFSTR_L=int -DIOAPI_NO_STDOUT=1 -DAVOID_FLUSH=1 -DBIT32=1 -c /home/alejandro/BLDLIB/ioapi-3.2/m3tools/m3interp.f
ifort: command line warning #10434: option '-stack_temps' use with underscore is deprecated; use '-stack-temps' instead
ifort: command line warning #10434: option '-safe_cray_ptr' use with underscore is deprecated; use '-safe-cray-ptr' instead
cd /home/alejandro/BLDLIB/ioapi-3.2/Linux2_x86_64ifort; ifort -auto -warn notruncated_source -Bstatic -static-intel  m3interp.o -L/home/alejandro/BLDLIB/ioapi-3.2/Linux2_x86_64ifort -lioapi -lnetcdff -lnetcdf  -Bstatic  -o m3interp
cd /home/alejandro/BLDLIB/ioapi-3.2/Linux2_x86_64ifort; ifort -auto -warn notruncated_source -Bstatic -static-intel -I/home/alejandro/BLDLIB/ioapi-3.2/ioapi -I/home/alejandro/BLDLIB/ioapi-3.2/Linux2_x86_64ifort  -DIOAPI_NCF4=1 -DAUTO_ARRAYS=1 -DF90=1 -DFLDMN=1 -DFSTR_L=int -DIOAPI_NO_STDOUT=1 -DAVOID_FLUSH=1 -DBIT32=1  -O3 -unroll -stack_temps -safe_cray_ptr -convert big_endian -assume byterecl  -traceback -xHost                                    -DIOAPI_NCF4=1 -DAUTO_ARRAYS=1 -DF90=1 -DFLDMN=1 -DFSTR_L=int -DIOAPI_NO_STDOUT=1 -DAVOID_FLUSH=1 -DBIT32=1 -c /home/alejandro/BLDLIB/ioapi-3.2/m3tools/m3mask.f90
ifort: command line warning #10434: option '-stack_temps' use with underscore is deprecated; use '-stack-temps' instead
ifort: command line warning #10434: option '-safe_cray_ptr' use with underscore is deprecated; use '-safe-cray-ptr' instead
cd /home/alejandro/BLDLIB/ioapi-3.2/Linux2_x86_64ifort; ifort -auto -warn notruncated_source -Bstatic -static-intel  m3mask.o -L/home/alejandro/BLDLIB/ioapi-3.2/Linux2_x86_64ifort -lioapi -lnetcdff -lnetcdf  -Bstatic  -o m3mask
cd /home/alejandro/BLDLIB/ioapi-3.2/Linux2_x86_64ifort; ifort -auto -warn notruncated_source -Bstatic -static-intel -I/home/alejandro/BLDLIB/ioapi-3.2/ioapi -I/home/alejandro/BLDLIB/ioapi-3.2/Linux2_x86_64ifort  -DIOAPI_NCF4=1 -DAUTO_ARRAYS=1 -DF90=1 -DFLDMN=1 -DFSTR_L=int -DIOAPI_NO_STDOUT=1 -DAVOID_FLUSH=1 -DBIT32=1  -O3 -unroll -stack_temps -safe_cray_ptr -convert big_endian -assume byterecl  -traceback -xHost                                    -DIOAPI_NCF4=1 -DAUTO_ARRAYS=1 -DF90=1 -DFLDMN=1 -DFSTR_L=int -DIOAPI_NO_STDOUT=1 -DAVOID_FLUSH=1 -DBIT32=1 -c /home/alejandro/BLDLIB/ioapi-3.2/m3tools/m3merge.f
ifort: command line warning #10434: option '-stack_temps' use with underscore is deprecated; use '-stack-temps' instead
ifort: command line warning #10434: option '-safe_cray_ptr' use with underscore is deprecated; use '-safe-cray-ptr' instead
cd /home/alejandro/BLDLIB/ioapi-3.2/Linux2_x86_64ifort; ifort -auto -warn notruncated_source -Bstatic -static-intel  m3merge.o -L/home/alejandro/BLDLIB/ioapi-3.2/Linux2_x86_64ifort -lioapi -lnetcdff -lnetcdf  -Bstatic  -o m3merge
cd /home/alejandro/BLDLIB/ioapi-3.2/Linux2_x86_64ifort; ifort -auto -warn notruncated_source -Bstatic -static-intel -I/home/alejandro/BLDLIB/ioapi-3.2/ioapi -I/home/alejandro/BLDLIB/ioapi-3.2/Linux2_x86_64ifort  -DIOAPI_NCF4=1 -DAUTO_ARRAYS=1 -DF90=1 -DFLDMN=1 -DFSTR_L=int -DIOAPI_NO_STDOUT=1 -DAVOID_FLUSH=1 -DBIT32=1  -O3 -unroll -stack_temps -safe_cray_ptr -convert big_endian -assume byterecl  -traceback -xHost                                    -DIOAPI_NCF4=1 -DAUTO_ARRAYS=1 -DF90=1 -DFLDMN=1 -DFSTR_L=int -DIOAPI_NO_STDOUT=1 -DAVOID_FLUSH=1 -DBIT32=1 -c /home/alejandro/BLDLIB/ioapi-3.2/m3tools/m3pair.f90
ifort: command line warning #10434: option '-stack_temps' use with underscore is deprecated; use '-stack-temps' instead
ifort: command line warning #10434: option '-safe_cray_ptr' use with underscore is deprecated; use '-safe-cray-ptr' instead
cd /home/alejandro/BLDLIB/ioapi-3.2/Linux2_x86_64ifort; ifort -auto -warn notruncated_source -Bstatic -static-intel -I/home/alejandro/BLDLIB/ioapi-3.2/ioapi -I/home/alejandro/BLDLIB/ioapi-3.2/Linux2_x86_64ifort  -DIOAPI_NCF4=1 -DAUTO_ARRAYS=1 -DF90=1 -DFLDMN=1 -DFSTR_L=int -DIOAPI_NO_STDOUT=1 -DAVOID_FLUSH=1 -DBIT32=1  -O3 -unroll -stack_temps -safe_cray_ptr -convert big_endian -assume byterecl  -traceback -xHost                                    -DIOAPI_NCF4=1 -DAUTO_ARRAYS=1 -DF90=1 -DFLDMN=1 -DFSTR_L=int -DIOAPI_NO_STDOUT=1 -DAVOID_FLUSH=1 -DBIT32=1 -c /home/alejandro/BLDLIB/ioapi-3.2/m3tools/pairstep.f90
ifort: command line warning #10434: option '-stack_temps' use with underscore is deprecated; use '-stack-temps' instead
ifort: command line warning #10434: option '-safe_cray_ptr' use with underscore is deprecated; use '-safe-cray-ptr' instead
cd /home/alejandro/BLDLIB/ioapi-3.2/Linux2_x86_64ifort; ifort -auto -warn notruncated_source -Bstatic -static-intel  m3pair.o pairstep.o -L/home/alejandro/BLDLIB/ioapi-3.2/Linux2_x86_64ifort -lioapi -lnetcdff -lnetcdf  -Bstatic  -o m3pair
cd /home/alejandro/BLDLIB/ioapi-3.2/Linux2_x86_64ifort; ifort -auto -warn notruncated_source -Bstatic -static-intel -I/home/alejandro/BLDLIB/ioapi-3.2/ioapi -I/home/alejandro/BLDLIB/ioapi-3.2/Linux2_x86_64ifort  -DIOAPI_NCF4=1 -DAUTO_ARRAYS=1 -DF90=1 -DFLDMN=1 -DFSTR_L=int -DIOAPI_NO_STDOUT=1 -DAVOID_FLUSH=1 -DBIT32=1  -O3 -unroll -stack_temps -safe_cray_ptr -convert big_endian -assume byterecl  -traceback -xHost                                    -DIOAPI_NCF4=1 -DAUTO_ARRAYS=1 -DF90=1 -DFLDMN=1 -DFSTR_L=int -DIOAPI_NO_STDOUT=1 -DAVOID_FLUSH=1 -DBIT32=1 -c /home/alejandro/BLDLIB/ioapi-3.2/m3tools/m3probe.f90
ifort: command line warning #10434: option '-stack_temps' use with underscore is deprecated; use '-stack-temps' instead
ifort: command line warning #10434: option '-safe_cray_ptr' use with underscore is deprecated; use '-safe-cray-ptr' instead
cd /home/alejandro/BLDLIB/ioapi-3.2/Linux2_x86_64ifort; ifort -auto -warn notruncated_source -Bstatic -static-intel  m3probe.o -L/home/alejandro/BLDLIB/ioapi-3.2/Linux2_x86_64ifort -lioapi -lnetcdff -lnetcdf  -Bstatic  -o m3probe
cd /home/alejandro/BLDLIB/ioapi-3.2/Linux2_x86_64ifort; ifort -auto -warn notruncated_source -Bstatic -static-intel -I/home/alejandro/BLDLIB/ioapi-3.2/ioapi -I/home/alejandro/BLDLIB/ioapi-3.2/Linux2_x86_64ifort  -DIOAPI_NCF4=1 -DAUTO_ARRAYS=1 -DF90=1 -DFLDMN=1 -DFSTR_L=int -DIOAPI_NO_STDOUT=1 -DAVOID_FLUSH=1 -DBIT32=1  -O3 -unroll -stack_temps -safe_cray_ptr -convert big_endian -assume byterecl  -traceback -xHost                                    -DIOAPI_NCF4=1 -DAUTO_ARRAYS=1 -DF90=1 -DFLDMN=1 -DFSTR_L=int -DIOAPI_NO_STDOUT=1 -DAVOID_FLUSH=1 -DBIT32=1 -c /home/alejandro/BLDLIB/ioapi-3.2/m3tools/m3stat.f
ifort: command line warning #10434: option '-stack_temps' use with underscore is deprecated; use '-stack-temps' instead
ifort: command line warning #10434: option '-safe_cray_ptr' use with underscore is deprecated; use '-safe-cray-ptr' instead
cd /home/alejandro/BLDLIB/ioapi-3.2/Linux2_x86_64ifort; ifort -auto -warn notruncated_source -Bstatic -static-intel -I/home/alejandro/BLDLIB/ioapi-3.2/ioapi -I/home/alejandro/BLDLIB/ioapi-3.2/Linux2_x86_64ifort  -DIOAPI_NCF4=1 -DAUTO_ARRAYS=1 -DF90=1 -DFLDMN=1 -DFSTR_L=int -DIOAPI_NO_STDOUT=1 -DAVOID_FLUSH=1 -DBIT32=1  -O3 -unroll -stack_temps -safe_cray_ptr -convert big_endian -assume byterecl  -traceback -xHost                                    -DIOAPI_NCF4=1 -DAUTO_ARRAYS=1 -DF90=1 -DFLDMN=1 -DFSTR_L=int -DIOAPI_NO_STDOUT=1 -DAVOID_FLUSH=1 -DBIT32=1 -c /home/alejandro/BLDLIB/ioapi-3.2/m3tools/statbdry.f
ifort: command line warning #10434: option '-stack_temps' use with underscore is deprecated; use '-stack-temps' instead
ifort: command line warning #10434: option '-safe_cray_ptr' use with underscore is deprecated; use '-safe-cray-ptr' instead
cd /home/alejandro/BLDLIB/ioapi-3.2/Linux2_x86_64ifort; ifort -auto -warn notruncated_source -Bstatic -static-intel -I/home/alejandro/BLDLIB/ioapi-3.2/ioapi -I/home/alejandro/BLDLIB/ioapi-3.2/Linux2_x86_64ifort  -DIOAPI_NCF4=1 -DAUTO_ARRAYS=1 -DF90=1 -DFLDMN=1 -DFSTR_L=int -DIOAPI_NO_STDOUT=1 -DAVOID_FLUSH=1 -DBIT32=1  -O3 -unroll -stack_temps -safe_cray_ptr -convert big_endian -assume byterecl  -traceback -xHost                                    -DIOAPI_NCF4=1 -DAUTO_ARRAYS=1 -DF90=1 -DFLDMN=1 -DFSTR_L=int -DIOAPI_NO_STDOUT=1 -DAVOID_FLUSH=1 -DBIT32=1 -c /home/alejandro/BLDLIB/ioapi-3.2/m3tools/statcust.f
ifort: command line warning #10434: option '-stack_temps' use with underscore is deprecated; use '-stack-temps' instead
ifort: command line warning #10434: option '-safe_cray_ptr' use with underscore is deprecated; use '-safe-cray-ptr' instead
cd /home/alejandro/BLDLIB/ioapi-3.2/Linux2_x86_64ifort; ifort -auto -warn notruncated_source -Bstatic -static-intel -I/home/alejandro/BLDLIB/ioapi-3.2/ioapi -I/home/alejandro/BLDLIB/ioapi-3.2/Linux2_x86_64ifort  -DIOAPI_NCF4=1 -DAUTO_ARRAYS=1 -DF90=1 -DFLDMN=1 -DFSTR_L=int -DIOAPI_NO_STDOUT=1 -DAVOID_FLUSH=1 -DBIT32=1  -O3 -unroll -stack_temps -safe_cray_ptr -convert big_endian -assume byterecl  -traceback -xHost                                    -DIOAPI_NCF4=1 -DAUTO_ARRAYS=1 -DF90=1 -DFLDMN=1 -DFSTR_L=int -DIOAPI_NO_STDOUT=1 -DAVOID_FLUSH=1 -DBIT32=1 -c /home/alejandro/BLDLIB/ioapi-3.2/m3tools/statgrid.f
ifort: command line warning #10434: option '-stack_temps' use with underscore is deprecated; use '-stack-temps' instead
ifort: command line warning #10434: option '-safe_cray_ptr' use with underscore is deprecated; use '-safe-cray-ptr' instead
cd /home/alejandro/BLDLIB/ioapi-3.2/Linux2_x86_64ifort; ifort -auto -warn notruncated_source -Bstatic -static-intel -I/home/alejandro/BLDLIB/ioapi-3.2/ioapi -I/home/alejandro/BLDLIB/ioapi-3.2/Linux2_x86_64ifort  -DIOAPI_NCF4=1 -DAUTO_ARRAYS=1 -DF90=1 -DFLDMN=1 -DFSTR_L=int -DIOAPI_NO_STDOUT=1 -DAVOID_FLUSH=1 -DBIT32=1  -O3 -unroll -stack_temps -safe_cray_ptr -convert big_endian -assume byterecl  -traceback -xHost                                    -DIOAPI_NCF4=1 -DAUTO_ARRAYS=1 -DF90=1 -DFLDMN=1 -DFSTR_L=int -DIOAPI_NO_STDOUT=1 -DAVOID_FLUSH=1 -DBIT32=1 -c /home/alejandro/BLDLIB/ioapi-3.2/m3tools/statiddat.f
ifort: command line warning #10434: option '-stack_temps' use with underscore is deprecated; use '-stack-temps' instead
ifort: command line warning #10434: option '-safe_cray_ptr' use with underscore is deprecated; use '-safe-cray-ptr' instead
cd /home/alejandro/BLDLIB/ioapi-3.2/Linux2_x86_64ifort; ifort -auto -warn notruncated_source -Bstatic -static-intel -I/home/alejandro/BLDLIB/ioapi-3.2/ioapi -I/home/alejandro/BLDLIB/ioapi-3.2/Linux2_x86_64ifort  -DIOAPI_NCF4=1 -DAUTO_ARRAYS=1 -DF90=1 -DFLDMN=1 -DFSTR_L=int -DIOAPI_NO_STDOUT=1 -DAVOID_FLUSH=1 -DBIT32=1  -O3 -unroll -stack_temps -safe_cray_ptr -convert big_endian -assume byterecl  -traceback -xHost                                    -DIOAPI_NCF4=1 -DAUTO_ARRAYS=1 -DF90=1 -DFLDMN=1 -DFSTR_L=int -DIOAPI_NO_STDOUT=1 -DAVOID_FLUSH=1 -DBIT32=1 -c /home/alejandro/BLDLIB/ioapi-3.2/m3tools/statspars.f
ifort: command line warning #10434: option '-stack_temps' use with underscore is deprecated; use '-stack-temps' instead
ifort: command line warning #10434: option '-safe_cray_ptr' use with underscore is deprecated; use '-safe-cray-ptr' instead
cd /home/alejandro/BLDLIB/ioapi-3.2/Linux2_x86_64ifort; ifort -auto -warn notruncated_source -Bstatic -static-intel -I/home/alejandro/BLDLIB/ioapi-3.2/ioapi -I/home/alejandro/BLDLIB/ioapi-3.2/Linux2_x86_64ifort  -DIOAPI_NCF4=1 -DAUTO_ARRAYS=1 -DF90=1 -DFLDMN=1 -DFSTR_L=int -DIOAPI_NO_STDOUT=1 -DAVOID_FLUSH=1 -DBIT32=1  -O3 -unroll -stack_temps -safe_cray_ptr -convert big_endian -assume byterecl  -traceback -xHost                                    -DIOAPI_NCF4=1 -DAUTO_ARRAYS=1 -DF90=1 -DFLDMN=1 -DFSTR_L=int -DIOAPI_NO_STDOUT=1 -DAVOID_FLUSH=1 -DBIT32=1 -c /home/alejandro/BLDLIB/ioapi-3.2/m3tools/statb.f
ifort: command line warning #10434: option '-stack_temps' use with underscore is deprecated; use '-stack-temps' instead
ifort: command line warning #10434: option '-safe_cray_ptr' use with underscore is deprecated; use '-safe-cray-ptr' instead
cd /home/alejandro/BLDLIB/ioapi-3.2/Linux2_x86_64ifort; ifort -auto -warn notruncated_source -Bstatic -static-intel -I/home/alejandro/BLDLIB/ioapi-3.2/ioapi -I/home/alejandro/BLDLIB/ioapi-3.2/Linux2_x86_64ifort  -DIOAPI_NCF4=1 -DAUTO_ARRAYS=1 -DF90=1 -DFLDMN=1 -DFSTR_L=int -DIOAPI_NO_STDOUT=1 -DAVOID_FLUSH=1 -DBIT32=1  -O3 -unroll -stack_temps -safe_cray_ptr -convert big_endian -assume byterecl  -traceback -xHost                                    -DIOAPI_NCF4=1 -DAUTO_ARRAYS=1 -DF90=1 -DFLDMN=1 -DFSTR_L=int -DIOAPI_NO_STDOUT=1 -DAVOID_FLUSH=1 -DBIT32=1 -c /home/alejandro/BLDLIB/ioapi-3.2/m3tools/statc.f
ifort: command line warning #10434: option '-stack_temps' use with underscore is deprecated; use '-stack-temps' instead
ifort: command line warning #10434: option '-safe_cray_ptr' use with underscore is deprecated; use '-safe-cray-ptr' instead
cd /home/alejandro/BLDLIB/ioapi-3.2/Linux2_x86_64ifort; ifort -auto -warn notruncated_source -Bstatic -static-intel -I/home/alejandro/BLDLIB/ioapi-3.2/ioapi -I/home/alejandro/BLDLIB/ioapi-3.2/Linux2_x86_64ifort  -DIOAPI_NCF4=1 -DAUTO_ARRAYS=1 -DF90=1 -DFLDMN=1 -DFSTR_L=int -DIOAPI_NO_STDOUT=1 -DAVOID_FLUSH=1 -DBIT32=1  -O3 -unroll -stack_temps -safe_cray_ptr -convert big_endian -assume byterecl  -traceback -xHost                                    -DIOAPI_NCF4=1 -DAUTO_ARRAYS=1 -DF90=1 -DFLDMN=1 -DFSTR_L=int -DIOAPI_NO_STDOUT=1 -DAVOID_FLUSH=1 -DBIT32=1 -c /home/alejandro/BLDLIB/ioapi-3.2/m3tools/statg.f
ifort: command line warning #10434: option '-stack_temps' use with underscore is deprecated; use '-stack-temps' instead
ifort: command line warning #10434: option '-safe_cray_ptr' use with underscore is deprecated; use '-safe-cray-ptr' instead
cd /home/alejandro/BLDLIB/ioapi-3.2/Linux2_x86_64ifort; ifort -auto -warn notruncated_source -Bstatic -static-intel -I/home/alejandro/BLDLIB/ioapi-3.2/ioapi -I/home/alejandro/BLDLIB/ioapi-3.2/Linux2_x86_64ifort  -DIOAPI_NCF4=1 -DAUTO_ARRAYS=1 -DF90=1 -DFLDMN=1 -DFSTR_L=int -DIOAPI_NO_STDOUT=1 -DAVOID_FLUSH=1 -DBIT32=1  -O3 -unroll -stack_temps -safe_cray_ptr -convert big_endian -assume byterecl  -traceback -xHost                                    -DIOAPI_NCF4=1 -DAUTO_ARRAYS=1 -DF90=1 -DFLDMN=1 -DFSTR_L=int -DIOAPI_NO_STDOUT=1 -DAVOID_FLUSH=1 -DBIT32=1 -c /home/alejandro/BLDLIB/ioapi-3.2/m3tools/stati.f
ifort: command line warning #10434: option '-stack_temps' use with underscore is deprecated; use '-stack-temps' instead
ifort: command line warning #10434: option '-safe_cray_ptr' use with underscore is deprecated; use '-safe-cray-ptr' instead
cd /home/alejandro/BLDLIB/ioapi-3.2/Linux2_x86_64ifort; ifort -auto -warn notruncated_source -Bstatic -static-intel -I/home/alejandro/BLDLIB/ioapi-3.2/ioapi -I/home/alejandro/BLDLIB/ioapi-3.2/Linux2_x86_64ifort  -DIOAPI_NCF4=1 -DAUTO_ARRAYS=1 -DF90=1 -DFLDMN=1 -DFSTR_L=int -DIOAPI_NO_STDOUT=1 -DAVOID_FLUSH=1 -DBIT32=1  -O3 -unroll -stack_temps -safe_cray_ptr -convert big_endian -assume byterecl  -traceback -xHost                                    -DIOAPI_NCF4=1 -DAUTO_ARRAYS=1 -DF90=1 -DFLDMN=1 -DFSTR_L=int -DIOAPI_NO_STDOUT=1 -DAVOID_FLUSH=1 -DBIT32=1 -c /home/alejandro/BLDLIB/ioapi-3.2/m3tools/statm.f
ifort: command line warning #10434: option '-stack_temps' use with underscore is deprecated; use '-stack-temps' instead
ifort: command line warning #10434: option '-safe_cray_ptr' use with underscore is deprecated; use '-safe-cray-ptr' instead
cd /home/alejandro/BLDLIB/ioapi-3.2/Linux2_x86_64ifort; ifort -auto -warn notruncated_source -Bstatic -static-intel  m3stat.o statbdry.o statcust.o statgrid.o statiddat.o statspars.o statb.o statc.o statg.o stati.o statm.o -L/home/alejandro/BLDLIB/ioapi-3.2/Linux2_x86_64ifort -lioapi -lnetcdff -lnetcdf  -Bstatic  -o m3stat
cd /home/alejandro/BLDLIB/ioapi-3.2/Linux2_x86_64ifort; ifort -auto -warn notruncated_source -Bstatic -static-intel -I/home/alejandro/BLDLIB/ioapi-3.2/ioapi -I/home/alejandro/BLDLIB/ioapi-3.2/Linux2_x86_64ifort  -DIOAPI_NCF4=1 -DAUTO_ARRAYS=1 -DF90=1 -DFLDMN=1 -DFSTR_L=int -DIOAPI_NO_STDOUT=1 -DAVOID_FLUSH=1 -DBIT32=1  -O3 -unroll -stack_temps -safe_cray_ptr -convert big_endian -assume byterecl  -traceback -xHost                                    -DIOAPI_NCF4=1 -DAUTO_ARRAYS=1 -DF90=1 -DFLDMN=1 -DFSTR_L=int -DIOAPI_NO_STDOUT=1 -DAVOID_FLUSH=1 -DBIT32=1 -c /home/alejandro/BLDLIB/ioapi-3.2/m3tools/m3totxt.f90
ifort: command line warning #10434: option '-stack_temps' use with underscore is deprecated; use '-stack-temps' instead
ifort: command line warning #10434: option '-safe_cray_ptr' use with underscore is deprecated; use '-safe-cray-ptr' instead
cd /home/alejandro/BLDLIB/ioapi-3.2/Linux2_x86_64ifort; ifort -auto -warn notruncated_source -Bstatic -static-intel  m3totxt.o -L/home/alejandro/BLDLIB/ioapi-3.2/Linux2_x86_64ifort -lioapi -lnetcdff -lnetcdf  -Bstatic  -o m3totxt
cd /home/alejandro/BLDLIB/ioapi-3.2/Linux2_x86_64ifort; ifort -auto -warn notruncated_source -Bstatic -static-intel -I/home/alejandro/BLDLIB/ioapi-3.2/ioapi -I/home/alejandro/BLDLIB/ioapi-3.2/Linux2_x86_64ifort  -DIOAPI_NCF4=1 -DAUTO_ARRAYS=1 -DF90=1 -DFLDMN=1 -DFSTR_L=int -DIOAPI_NO_STDOUT=1 -DAVOID_FLUSH=1 -DBIT32=1  -O3 -unroll -stack_temps -safe_cray_ptr -convert big_endian -assume byterecl  -traceback -xHost                                    -DIOAPI_NCF4=1 -DAUTO_ARRAYS=1 -DF90=1 -DFLDMN=1 -DFSTR_L=int -DIOAPI_NO_STDOUT=1 -DAVOID_FLUSH=1 -DBIT32=1 -c /home/alejandro/BLDLIB/ioapi-3.2/m3tools/m3tproc.f90
ifort: command line warning #10434: option '-stack_temps' use with underscore is deprecated; use '-stack-temps' instead
ifort: command line warning #10434: option '-safe_cray_ptr' use with underscore is deprecated; use '-safe-cray-ptr' instead
cd /home/alejandro/BLDLIB/ioapi-3.2/Linux2_x86_64ifort; ifort -auto -warn notruncated_source -Bstatic -static-intel  m3tproc.o -L/home/alejandro/BLDLIB/ioapi-3.2/Linux2_x86_64ifort -lioapi -lnetcdff -lnetcdf  -Bstatic  -o m3tproc
cd /home/alejandro/BLDLIB/ioapi-3.2/Linux2_x86_64ifort; ifort -auto -warn notruncated_source -Bstatic -static-intel -I/home/alejandro/BLDLIB/ioapi-3.2/ioapi -I/home/alejandro/BLDLIB/ioapi-3.2/Linux2_x86_64ifort  -DIOAPI_NCF4=1 -DAUTO_ARRAYS=1 -DF90=1 -DFLDMN=1 -DFSTR_L=int -DIOAPI_NO_STDOUT=1 -DAVOID_FLUSH=1 -DBIT32=1  -O3 -unroll -stack_temps -safe_cray_ptr -convert big_endian -assume byterecl  -traceback -xHost                                    -DIOAPI_NCF4=1 -DAUTO_ARRAYS=1 -DF90=1 -DFLDMN=1 -DFSTR_L=int -DIOAPI_NO_STDOUT=1 -DAVOID_FLUSH=1 -DBIT32=1 -c /home/alejandro/BLDLIB/ioapi-3.2/m3tools/m3tshift.f90
ifort: command line warning #10434: option '-stack_temps' use with underscore is deprecated; use '-stack-temps' instead
ifort: command line warning #10434: option '-safe_cray_ptr' use with underscore is deprecated; use '-safe-cray-ptr' instead
cd /home/alejandro/BLDLIB/ioapi-3.2/Linux2_x86_64ifort; ifort -auto -warn notruncated_source -Bstatic -static-intel  m3tshift.o -L/home/alejandro/BLDLIB/ioapi-3.2/Linux2_x86_64ifort -lioapi -lnetcdff -lnetcdf  -Bstatic  -o m3tshift
cd /home/alejandro/BLDLIB/ioapi-3.2/Linux2_x86_64ifort; ifort -auto -warn notruncated_source -Bstatic -static-intel -I/home/alejandro/BLDLIB/ioapi-3.2/ioapi -I/home/alejandro/BLDLIB/ioapi-3.2/Linux2_x86_64ifort  -DIOAPI_NCF4=1 -DAUTO_ARRAYS=1 -DF90=1 -DFLDMN=1 -DFSTR_L=int -DIOAPI_NO_STDOUT=1 -DAVOID_FLUSH=1 -DBIT32=1  -O3 -unroll -stack_temps -safe_cray_ptr -convert big_endian -assume byterecl  -traceback -xHost                                    -DIOAPI_NCF4=1 -DAUTO_ARRAYS=1 -DF90=1 -DFLDMN=1 -DFSTR_L=int -DIOAPI_NO_STDOUT=1 -DAVOID_FLUSH=1 -DBIT32=1 -c /home/alejandro/BLDLIB/ioapi-3.2/m3tools/m3wndw.f90
ifort: command line warning #10434: option '-stack_temps' use with underscore is deprecated; use '-stack-temps' instead
ifort: command line warning #10434: option '-safe_cray_ptr' use with underscore is deprecated; use '-safe-cray-ptr' instead
cd /home/alejandro/BLDLIB/ioapi-3.2/Linux2_x86_64ifort; ifort -auto -warn notruncated_source -Bstatic -static-intel  m3wndw.o -L/home/alejandro/BLDLIB/ioapi-3.2/Linux2_x86_64ifort -lioapi -lnetcdff -lnetcdf  -Bstatic  -o m3wndw
cd /home/alejandro/BLDLIB/ioapi-3.2/Linux2_x86_64ifort; ifort -auto -warn notruncated_source -Bstatic -static-intel -I/home/alejandro/BLDLIB/ioapi-3.2/ioapi -I/home/alejandro/BLDLIB/ioapi-3.2/Linux2_x86_64ifort  -DIOAPI_NCF4=1 -DAUTO_ARRAYS=1 -DF90=1 -DFLDMN=1 -DFSTR_L=int -DIOAPI_NO_STDOUT=1 -DAVOID_FLUSH=1 -DBIT32=1  -O3 -unroll -stack_temps -safe_cray_ptr -convert big_endian -assume byterecl  -traceback -xHost                                    -DIOAPI_NCF4=1 -DAUTO_ARRAYS=1 -DF90=1 -DFLDMN=1 -DFSTR_L=int -DIOAPI_NO_STDOUT=1 -DAVOID_FLUSH=1 -DBIT32=1 -c /home/alejandro/BLDLIB/ioapi-3.2/m3tools/m3xtract.f
ifort: command line warning #10434: option '-stack_temps' use with underscore is deprecated; use '-stack-temps' instead
ifort: command line warning #10434: option '-safe_cray_ptr' use with underscore is deprecated; use '-safe-cray-ptr' instead
cd /home/alejandro/BLDLIB/ioapi-3.2/Linux2_x86_64ifort; ifort -auto -warn notruncated_source -Bstatic -static-intel  m3xtract.o -L/home/alejandro/BLDLIB/ioapi-3.2/Linux2_x86_64ifort -lioapi -lnetcdff -lnetcdf  -Bstatic  -o m3xtract
cd /home/alejandro/BLDLIB/ioapi-3.2/Linux2_x86_64ifort; ifort -auto -warn notruncated_source -Bstatic -static-intel -I/home/alejandro/BLDLIB/ioapi-3.2/ioapi -I/home/alejandro/BLDLIB/ioapi-3.2/Linux2_x86_64ifort  -DIOAPI_NCF4=1 -DAUTO_ARRAYS=1 -DF90=1 -DFLDMN=1 -DFSTR_L=int -DIOAPI_NO_STDOUT=1 -DAVOID_FLUSH=1 -DBIT32=1  -O3 -unroll -stack_temps -safe_cray_ptr -convert big_endian -assume byterecl  -traceback -xHost                                    -DIOAPI_NCF4=1 -DAUTO_ARRAYS=1 -DF90=1 -DFLDMN=1 -DFSTR_L=int -DIOAPI_NO_STDOUT=1 -DAVOID_FLUSH=1 -DBIT32=1 -c /home/alejandro/BLDLIB/ioapi-3.2/m3tools/mtxblend.f
ifort: command line warning #10434: option '-stack_temps' use with underscore is deprecated; use '-stack-temps' instead
ifort: command line warning #10434: option '-safe_cray_ptr' use with underscore is deprecated; use '-safe-cray-ptr' instead
cd /home/alejandro/BLDLIB/ioapi-3.2/Linux2_x86_64ifort; ifort -auto -warn notruncated_source -Bstatic -static-intel  mtxblend.o -L/home/alejandro/BLDLIB/ioapi-3.2/Linux2_x86_64ifort -lioapi -lnetcdff -lnetcdf  -Bstatic  -o mtxblend
cd /home/alejandro/BLDLIB/ioapi-3.2/Linux2_x86_64ifort; ifort -auto -warn notruncated_source -Bstatic -static-intel -I/home/alejandro/BLDLIB/ioapi-3.2/ioapi -I/home/alejandro/BLDLIB/ioapi-3.2/Linux2_x86_64ifort  -DIOAPI_NCF4=1 -DAUTO_ARRAYS=1 -DF90=1 -DFLDMN=1 -DFSTR_L=int -DIOAPI_NO_STDOUT=1 -DAVOID_FLUSH=1 -DBIT32=1  -O3 -unroll -stack_temps -safe_cray_ptr -convert big_endian -assume byterecl  -traceback -xHost                                    -DIOAPI_NCF4=1 -DAUTO_ARRAYS=1 -DF90=1 -DFLDMN=1 -DFSTR_L=int -DIOAPI_NO_STDOUT=1 -DAVOID_FLUSH=1 -DBIT32=1 -c /home/alejandro/BLDLIB/ioapi-3.2/m3tools/mtxbuild.f
ifort: command line warning #10434: option '-stack_temps' use with underscore is deprecated; use '-stack-temps' instead
ifort: command line warning #10434: option '-safe_cray_ptr' use with underscore is deprecated; use '-safe-cray-ptr' instead
cd /home/alejandro/BLDLIB/ioapi-3.2/Linux2_x86_64ifort; ifort -auto -warn notruncated_source -Bstatic -static-intel  mtxbuild.o -L/home/alejandro/BLDLIB/ioapi-3.2/Linux2_x86_64ifort -lioapi -lnetcdff -lnetcdf  -Bstatic  -o mtxbuild
cd /home/alejandro/BLDLIB/ioapi-3.2/Linux2_x86_64ifort; ifort -auto -warn notruncated_source -Bstatic -static-intel -I/home/alejandro/BLDLIB/ioapi-3.2/ioapi -I/home/alejandro/BLDLIB/ioapi-3.2/Linux2_x86_64ifort  -DIOAPI_NCF4=1 -DAUTO_ARRAYS=1 -DF90=1 -DFLDMN=1 -DFSTR_L=int -DIOAPI_NO_STDOUT=1 -DAVOID_FLUSH=1 -DBIT32=1  -O3 -unroll -stack_temps -safe_cray_ptr -convert big_endian -assume byterecl  -traceback -xHost                                    -DIOAPI_NCF4=1 -DAUTO_ARRAYS=1 -DF90=1 -DFLDMN=1 -DFSTR_L=int -DIOAPI_NO_STDOUT=1 -DAVOID_FLUSH=1 -DBIT32=1 -c /home/alejandro/BLDLIB/ioapi-3.2/m3tools/mtxcalc.f90
ifort: command line warning #10434: option '-stack_temps' use with underscore is deprecated; use '-stack-temps' instead
ifort: command line warning #10434: option '-safe_cray_ptr' use with underscore is deprecated; use '-safe-cray-ptr' instead
cd /home/alejandro/BLDLIB/ioapi-3.2/Linux2_x86_64ifort; ifort -auto -warn notruncated_source -Bstatic -static-intel  mtxcalc.o -L/home/alejandro/BLDLIB/ioapi-3.2/Linux2_x86_64ifort -lioapi -lnetcdff -lnetcdf  -Bstatic  -o mtxcalc
cd /home/alejandro/BLDLIB/ioapi-3.2/Linux2_x86_64ifort; ifort -auto -warn notruncated_source -Bstatic -static-intel -I/home/alejandro/BLDLIB/ioapi-3.2/ioapi -I/home/alejandro/BLDLIB/ioapi-3.2/Linux2_x86_64ifort  -DIOAPI_NCF4=1 -DAUTO_ARRAYS=1 -DF90=1 -DFLDMN=1 -DFSTR_L=int -DIOAPI_NO_STDOUT=1 -DAVOID_FLUSH=1 -DBIT32=1  -O3 -unroll -stack_temps -safe_cray_ptr -convert big_endian -assume byterecl  -traceback -xHost                                    -DIOAPI_NCF4=1 -DAUTO_ARRAYS=1 -DF90=1 -DFLDMN=1 -DFSTR_L=int -DIOAPI_NO_STDOUT=1 -DAVOID_FLUSH=1 -DBIT32=1 -c /home/alejandro/BLDLIB/ioapi-3.2/m3tools/mtxcple.f
ifort: command line warning #10434: option '-stack_temps' use with underscore is deprecated; use '-stack-temps' instead
ifort: command line warning #10434: option '-safe_cray_ptr' use with underscore is deprecated; use '-safe-cray-ptr' instead
cd /home/alejandro/BLDLIB/ioapi-3.2/Linux2_x86_64ifort; ifort -auto -warn notruncated_source -Bstatic -static-intel  mtxcple.o -L/home/alejandro/BLDLIB/ioapi-3.2/Linux2_x86_64ifort -lioapi -lnetcdff -lnetcdf  -Bstatic  -o mtxcple
cd /home/alejandro/BLDLIB/ioapi-3.2/Linux2_x86_64ifort; ifort -auto -warn notruncated_source -Bstatic -static-intel -I/home/alejandro/BLDLIB/ioapi-3.2/ioapi -I/home/alejandro/BLDLIB/ioapi-3.2/Linux2_x86_64ifort  -DIOAPI_NCF4=1 -DAUTO_ARRAYS=1 -DF90=1 -DFLDMN=1 -DFSTR_L=int -DIOAPI_NO_STDOUT=1 -DAVOID_FLUSH=1 -DBIT32=1  -O3 -unroll -stack_temps -safe_cray_ptr -convert big_endian -assume byterecl  -traceback -xHost                                    -DIOAPI_NCF4=1 -DAUTO_ARRAYS=1 -DF90=1 -DFLDMN=1 -DFSTR_L=int -DIOAPI_NO_STDOUT=1 -DAVOID_FLUSH=1 -DBIT32=1 -c /home/alejandro/BLDLIB/ioapi-3.2/m3tools/mpasdiff.f90
ifort: command line warning #10434: option '-stack_temps' use with underscore is deprecated; use '-stack-temps' instead
ifort: command line warning #10434: option '-safe_cray_ptr' use with underscore is deprecated; use '-safe-cray-ptr' instead
cd /home/alejandro/BLDLIB/ioapi-3.2/Linux2_x86_64ifort; ifort -auto -warn notruncated_source -Bstatic -static-intel  mpasdiff.o -L/home/alejandro/BLDLIB/ioapi-3.2/Linux2_x86_64ifort -lioapi -lnetcdff -lnetcdf  -Bstatic  -o mpasdiff
cd /home/alejandro/BLDLIB/ioapi-3.2/Linux2_x86_64ifort; ifort -auto -warn notruncated_source -Bstatic -static-intel -I/home/alejandro/BLDLIB/ioapi-3.2/ioapi -I/home/alejandro/BLDLIB/ioapi-3.2/Linux2_x86_64ifort  -DIOAPI_NCF4=1 -DAUTO_ARRAYS=1 -DF90=1 -DFLDMN=1 -DFSTR_L=int -DIOAPI_NO_STDOUT=1 -DAVOID_FLUSH=1 -DBIT32=1  -O3 -unroll -stack_temps -safe_cray_ptr -convert big_endian -assume byterecl  -traceback -xHost                                    -DIOAPI_NCF4=1 -DAUTO_ARRAYS=1 -DF90=1 -DFLDMN=1 -DFSTR_L=int -DIOAPI_NO_STDOUT=1 -DAVOID_FLUSH=1 -DBIT32=1 -c /home/alejandro/BLDLIB/ioapi-3.2/m3tools/mpasstat.f90
ifort: command line warning #10434: option '-stack_temps' use with underscore is deprecated; use '-stack-temps' instead
ifort: command line warning #10434: option '-safe_cray_ptr' use with underscore is deprecated; use '-safe-cray-ptr' instead
cd /home/alejandro/BLDLIB/ioapi-3.2/Linux2_x86_64ifort; ifort -auto -warn notruncated_source -Bstatic -static-intel  mpasstat.o -L/home/alejandro/BLDLIB/ioapi-3.2/Linux2_x86_64ifort -lioapi -lnetcdff -lnetcdf  -Bstatic  -o mpasstat
cd /home/alejandro/BLDLIB/ioapi-3.2/Linux2_x86_64ifort; ifort -auto -warn notruncated_source -Bstatic -static-intel -I/home/alejandro/BLDLIB/ioapi-3.2/ioapi -I/home/alejandro/BLDLIB/ioapi-3.2/Linux2_x86_64ifort  -DIOAPI_NCF4=1 -DAUTO_ARRAYS=1 -DF90=1 -DFLDMN=1 -DFSTR_L=int -DIOAPI_NO_STDOUT=1 -DAVOID_FLUSH=1 -DBIT32=1  -O3 -unroll -stack_temps -safe_cray_ptr -convert big_endian -assume byterecl  -traceback -xHost                                    -DIOAPI_NCF4=1 -DAUTO_ARRAYS=1 -DF90=1 -DFLDMN=1 -DFSTR_L=int -DIOAPI_NO_STDOUT=1 -DAVOID_FLUSH=1 -DBIT32=1 -c /home/alejandro/BLDLIB/ioapi-3.2/m3tools/mpastom3.f90
ifort: command line warning #10434: option '-stack_temps' use with underscore is deprecated; use '-stack-temps' instead
ifort: command line warning #10434: option '-safe_cray_ptr' use with underscore is deprecated; use '-safe-cray-ptr' instead
cd /home/alejandro/BLDLIB/ioapi-3.2/Linux2_x86_64ifort; ifort -auto -warn notruncated_source -Bstatic -static-intel  mpastom3.o -L/home/alejandro/BLDLIB/ioapi-3.2/Linux2_x86_64ifort -lioapi -lnetcdff -lnetcdf  -Bstatic  -o mpastom3
cd /home/alejandro/BLDLIB/ioapi-3.2/Linux2_x86_64ifort; ifort -auto -warn notruncated_source -Bstatic -static-intel -I/home/alejandro/BLDLIB/ioapi-3.2/ioapi -I/home/alejandro/BLDLIB/ioapi-3.2/Linux2_x86_64ifort  -DIOAPI_NCF4=1 -DAUTO_ARRAYS=1 -DF90=1 -DFLDMN=1 -DFSTR_L=int -DIOAPI_NO_STDOUT=1 -DAVOID_FLUSH=1 -DBIT32=1  -O3 -unroll -stack_temps -safe_cray_ptr -convert big_endian -assume byterecl  -traceback -xHost                                    -DIOAPI_NCF4=1 -DAUTO_ARRAYS=1 -DF90=1 -DFLDMN=1 -DFSTR_L=int -DIOAPI_NO_STDOUT=1 -DAVOID_FLUSH=1 -DBIT32=1 -c /home/alejandro/BLDLIB/ioapi-3.2/m3tools/presterp.f
ifort: command line warning #10434: option '-stack_temps' use with underscore is deprecated; use '-stack-temps' instead
ifort: command line warning #10434: option '-safe_cray_ptr' use with underscore is deprecated; use '-safe-cray-ptr' instead
cd /home/alejandro/BLDLIB/ioapi-3.2/Linux2_x86_64ifort; ifort -auto -warn notruncated_source -Bstatic -static-intel  presterp.o -L/home/alejandro/BLDLIB/ioapi-3.2/Linux2_x86_64ifort -lioapi -lnetcdff -lnetcdf  -Bstatic  -o presterp
cd /home/alejandro/BLDLIB/ioapi-3.2/Linux2_x86_64ifort; ifort -auto -warn notruncated_source -Bstatic -static-intel -I/home/alejandro/BLDLIB/ioapi-3.2/ioapi -I/home/alejandro/BLDLIB/ioapi-3.2/Linux2_x86_64ifort  -DIOAPI_NCF4=1 -DAUTO_ARRAYS=1 -DF90=1 -DFLDMN=1 -DFSTR_L=int -DIOAPI_NO_STDOUT=1 -DAVOID_FLUSH=1 -DBIT32=1  -O3 -unroll -stack_temps -safe_cray_ptr -convert big_endian -assume byterecl  -traceback -xHost                                    -DIOAPI_NCF4=1 -DAUTO_ARRAYS=1 -DF90=1 -DFLDMN=1 -DFSTR_L=int -DIOAPI_NO_STDOUT=1 -DAVOID_FLUSH=1 -DBIT32=1 -c /home/alejandro/BLDLIB/ioapi-3.2/m3tools/presz.f90
ifort: command line warning #10434: option '-stack_temps' use with underscore is deprecated; use '-stack-temps' instead
ifort: command line warning #10434: option '-safe_cray_ptr' use with underscore is deprecated; use '-safe-cray-ptr' instead
cd /home/alejandro/BLDLIB/ioapi-3.2/Linux2_x86_64ifort; ifort -auto -warn notruncated_source -Bstatic -static-intel  presz.o -L/home/alejandro/BLDLIB/ioapi-3.2/Linux2_x86_64ifort -lioapi -lnetcdff -lnetcdf  -Bstatic  -o presz
cd /home/alejandro/BLDLIB/ioapi-3.2/Linux2_x86_64ifort; ifort -auto -warn notruncated_source -Bstatic -static-intel -I/home/alejandro/BLDLIB/ioapi-3.2/ioapi -I/home/alejandro/BLDLIB/ioapi-3.2/Linux2_x86_64ifort  -DIOAPI_NCF4=1 -DAUTO_ARRAYS=1 -DF90=1 -DFLDMN=1 -DFSTR_L=int -DIOAPI_NO_STDOUT=1 -DAVOID_FLUSH=1 -DBIT32=1  -O3 -unroll -stack_temps -safe_cray_ptr -convert big_endian -assume byterecl  -traceback -xHost                                    -DIOAPI_NCF4=1 -DAUTO_ARRAYS=1 -DF90=1 -DFLDMN=1 -DFSTR_L=int -DIOAPI_NO_STDOUT=1 -DAVOID_FLUSH=1 -DBIT32=1 -c /home/alejandro/BLDLIB/ioapi-3.2/m3tools/projtool.f
ifort: command line warning #10434: option '-stack_temps' use with underscore is deprecated; use '-stack-temps' instead
ifort: command line warning #10434: option '-safe_cray_ptr' use with underscore is deprecated; use '-safe-cray-ptr' instead
cd /home/alejandro/BLDLIB/ioapi-3.2/Linux2_x86_64ifort; ifort -auto -warn notruncated_source -Bstatic -static-intel  projtool.o -L/home/alejandro/BLDLIB/ioapi-3.2/Linux2_x86_64ifort -lioapi -lnetcdff -lnetcdf  -Bstatic  -o projtool
cd /home/alejandro/BLDLIB/ioapi-3.2/Linux2_x86_64ifort; ifort -auto -warn notruncated_source -Bstatic -static-intel -I/home/alejandro/BLDLIB/ioapi-3.2/ioapi -I/home/alejandro/BLDLIB/ioapi-3.2/Linux2_x86_64ifort  -DIOAPI_NCF4=1 -DAUTO_ARRAYS=1 -DF90=1 -DFLDMN=1 -DFSTR_L=int -DIOAPI_NO_STDOUT=1 -DAVOID_FLUSH=1 -DBIT32=1  -O3 -unroll -stack_temps -safe_cray_ptr -convert big_endian -assume byterecl  -traceback -xHost                                    -DIOAPI_NCF4=1 -DAUTO_ARRAYS=1 -DF90=1 -DFLDMN=1 -DFSTR_L=int -DIOAPI_NO_STDOUT=1 -DAVOID_FLUSH=1 -DBIT32=1 -c /home/alejandro/BLDLIB/ioapi-3.2/m3tools/randomstat.f90
ifort: command line warning #10434: option '-stack_temps' use with underscore is deprecated; use '-stack-temps' instead
ifort: command line warning #10434: option '-safe_cray_ptr' use with underscore is deprecated; use '-safe-cray-ptr' instead
cd /home/alejandro/BLDLIB/ioapi-3.2/Linux2_x86_64ifort; ifort -auto -warn notruncated_source -Bstatic -static-intel  randomstat.o -L/home/alejandro/BLDLIB/ioapi-3.2/Linux2_x86_64ifort -lioapi -lnetcdff -lnetcdf  -Bstatic  -o randomstat
cd /home/alejandro/BLDLIB/ioapi-3.2/Linux2_x86_64ifort; ifort -auto -warn notruncated_source -Bstatic -static-intel -I/home/alejandro/BLDLIB/ioapi-3.2/ioapi -I/home/alejandro/BLDLIB/ioapi-3.2/Linux2_x86_64ifort  -DIOAPI_NCF4=1 -DAUTO_ARRAYS=1 -DF90=1 -DFLDMN=1 -DFSTR_L=int -DIOAPI_NO_STDOUT=1 -DAVOID_FLUSH=1 -DBIT32=1  -O3 -unroll -stack_temps -safe_cray_ptr -convert big_endian -assume byterecl  -traceback -xHost                                    -DIOAPI_NCF4=1 -DAUTO_ARRAYS=1 -DF90=1 -DFLDMN=1 -DFSTR_L=int -DIOAPI_NO_STDOUT=1 -DAVOID_FLUSH=1 -DBIT32=1 -c /home/alejandro/BLDLIB/ioapi-3.2/m3tools/selmrg2d.f
ifort: command line warning #10434: option '-stack_temps' use with underscore is deprecated; use '-stack-temps' instead
ifort: command line warning #10434: option '-safe_cray_ptr' use with underscore is deprecated; use '-safe-cray-ptr' instead
cd /home/alejandro/BLDLIB/ioapi-3.2/Linux2_x86_64ifort; ifort -auto -warn notruncated_source -Bstatic -static-intel  selmrg2d.o -L/home/alejandro/BLDLIB/ioapi-3.2/Linux2_x86_64ifort -lioapi -lnetcdff -lnetcdf  -Bstatic  -o selmrg2d
cd /home/alejandro/BLDLIB/ioapi-3.2/Linux2_x86_64ifort; ifort -auto -warn notruncated_source -Bstatic -static-intel -I/home/alejandro/BLDLIB/ioapi-3.2/ioapi -I/home/alejandro/BLDLIB/ioapi-3.2/Linux2_x86_64ifort  -DIOAPI_NCF4=1 -DAUTO_ARRAYS=1 -DF90=1 -DFLDMN=1 -DFSTR_L=int -DIOAPI_NO_STDOUT=1 -DAVOID_FLUSH=1 -DBIT32=1  -O3 -unroll -stack_temps -safe_cray_ptr -convert big_endian -assume byterecl  -traceback -xHost                                    -DIOAPI_NCF4=1 -DAUTO_ARRAYS=1 -DF90=1 -DFLDMN=1 -DFSTR_L=int -DIOAPI_NO_STDOUT=1 -DAVOID_FLUSH=1 -DBIT32=1 -c /home/alejandro/BLDLIB/ioapi-3.2/m3tools/timediff.f90
ifort: command line warning #10434: option '-stack_temps' use with underscore is deprecated; use '-stack-temps' instead
ifort: command line warning #10434: option '-safe_cray_ptr' use with underscore is deprecated; use '-safe-cray-ptr' instead
cd /home/alejandro/BLDLIB/ioapi-3.2/Linux2_x86_64ifort; ifort -auto -warn notruncated_source -Bstatic -static-intel  timediff.o -L/home/alejandro/BLDLIB/ioapi-3.2/Linux2_x86_64ifort -lioapi -lnetcdff -lnetcdf  -Bstatic  -o timediff
cd /home/alejandro/BLDLIB/ioapi-3.2/Linux2_x86_64ifort; ifort -auto -warn notruncated_source -Bstatic -static-intel -I/home/alejandro/BLDLIB/ioapi-3.2/ioapi -I/home/alejandro/BLDLIB/ioapi-3.2/Linux2_x86_64ifort  -DIOAPI_NCF4=1 -DAUTO_ARRAYS=1 -DF90=1 -DFLDMN=1 -DFSTR_L=int -DIOAPI_NO_STDOUT=1 -DAVOID_FLUSH=1 -DBIT32=1  -O3 -unroll -stack_temps -safe_cray_ptr -convert big_endian -assume byterecl  -traceback -xHost                                    -DIOAPI_NCF4=1 -DAUTO_ARRAYS=1 -DF90=1 -DFLDMN=1 -DFSTR_L=int -DIOAPI_NO_STDOUT=1 -DAVOID_FLUSH=1 -DBIT32=1 -c /home/alejandro/BLDLIB/ioapi-3.2/m3tools/timeshift.f90
ifort: command line warning #10434: option '-stack_temps' use with underscore is deprecated; use '-stack-temps' instead
ifort: command line warning #10434: option '-safe_cray_ptr' use with underscore is deprecated; use '-safe-cray-ptr' instead
cd /home/alejandro/BLDLIB/ioapi-3.2/Linux2_x86_64ifort; ifort -auto -warn notruncated_source -Bstatic -static-intel  timeshift.o -L/home/alejandro/BLDLIB/ioapi-3.2/Linux2_x86_64ifort -lioapi -lnetcdff -lnetcdf  -Bstatic  -o timeshift
cd /home/alejandro/BLDLIB/ioapi-3.2/Linux2_x86_64ifort; ifort -auto -warn notruncated_source -Bstatic -static-intel -I/home/alejandro/BLDLIB/ioapi-3.2/ioapi -I/home/alejandro/BLDLIB/ioapi-3.2/Linux2_x86_64ifort  -DIOAPI_NCF4=1 -DAUTO_ARRAYS=1 -DF90=1 -DFLDMN=1 -DFSTR_L=int -DIOAPI_NO_STDOUT=1 -DAVOID_FLUSH=1 -DBIT32=1  -O3 -unroll -stack_temps -safe_cray_ptr -convert big_endian -assume byterecl  -traceback -xHost                                    -DIOAPI_NCF4=1 -DAUTO_ARRAYS=1 -DF90=1 -DFLDMN=1 -DFSTR_L=int -DIOAPI_NO_STDOUT=1 -DAVOID_FLUSH=1 -DBIT32=1 -c /home/alejandro/BLDLIB/ioapi-3.2/m3tools/vertot.f90
ifort: command line warning #10434: option '-stack_temps' use with underscore is deprecated; use '-stack-temps' instead
ifort: command line warning #10434: option '-safe_cray_ptr' use with underscore is deprecated; use '-safe-cray-ptr' instead
cd /home/alejandro/BLDLIB/ioapi-3.2/Linux2_x86_64ifort; ifort -auto -warn notruncated_source -Bstatic -static-intel  vertot.o -L/home/alejandro/BLDLIB/ioapi-3.2/Linux2_x86_64ifort -lioapi -lnetcdff -lnetcdf  -Bstatic  -o vertot
cd /home/alejandro/BLDLIB/ioapi-3.2/Linux2_x86_64ifort; ifort -auto -warn notruncated_source -Bstatic -static-intel -I/home/alejandro/BLDLIB/ioapi-3.2/ioapi -I/home/alejandro/BLDLIB/ioapi-3.2/Linux2_x86_64ifort  -DIOAPI_NCF4=1 -DAUTO_ARRAYS=1 -DF90=1 -DFLDMN=1 -DFSTR_L=int -DIOAPI_NO_STDOUT=1 -DAVOID_FLUSH=1 -DBIT32=1  -O3 -unroll -stack_temps -safe_cray_ptr -convert big_endian -assume byterecl  -traceback -xHost                                    -DIOAPI_NCF4=1 -DAUTO_ARRAYS=1 -DF90=1 -DFLDMN=1 -DFSTR_L=int -DIOAPI_NO_STDOUT=1 -DAVOID_FLUSH=1 -DBIT32=1 -c /home/alejandro/BLDLIB/ioapi-3.2/m3tools/vertimeproc.f90
ifort: command line warning #10434: option '-stack_temps' use with underscore is deprecated; use '-stack-temps' instead
ifort: command line warning #10434: option '-safe_cray_ptr' use with underscore is deprecated; use '-safe-cray-ptr' instead
cd /home/alejandro/BLDLIB/ioapi-3.2/Linux2_x86_64ifort; ifort -auto -warn notruncated_source -Bstatic -static-intel  vertimeproc.o -L/home/alejandro/BLDLIB/ioapi-3.2/Linux2_x86_64ifort -lioapi -lnetcdff -lnetcdf  -Bstatic  -o vertimeproc
cd /home/alejandro/BLDLIB/ioapi-3.2/Linux2_x86_64ifort; ifort -auto -warn notruncated_source -Bstatic -static-intel -I/home/alejandro/BLDLIB/ioapi-3.2/ioapi -I/home/alejandro/BLDLIB/ioapi-3.2/Linux2_x86_64ifort  -DIOAPI_NCF4=1 -DAUTO_ARRAYS=1 -DF90=1 -DFLDMN=1 -DFSTR_L=int -DIOAPI_NO_STDOUT=1 -DAVOID_FLUSH=1 -DBIT32=1  -O3 -unroll -stack_temps -safe_cray_ptr -convert big_endian -assume byterecl  -traceback -xHost                                    -DIOAPI_NCF4=1 -DAUTO_ARRAYS=1 -DF90=1 -DFLDMN=1 -DFSTR_L=int -DIOAPI_NO_STDOUT=1 -DAVOID_FLUSH=1 -DBIT32=1 -c /home/alejandro/BLDLIB/ioapi-3.2/m3tools/vertintegral.f90
ifort: command line warning #10434: option '-stack_temps' use with underscore is deprecated; use '-stack-temps' instead
ifort: command line warning #10434: option '-safe_cray_ptr' use with underscore is deprecated; use '-safe-cray-ptr' instead
cd /home/alejandro/BLDLIB/ioapi-3.2/Linux2_x86_64ifort; ifort -auto -warn notruncated_source -Bstatic -static-intel  vertintegral.o -L/home/alejandro/BLDLIB/ioapi-3.2/Linux2_x86_64ifort -lioapi -lnetcdff -lnetcdf  -Bstatic  -o vertintegral
cd /home/alejandro/BLDLIB/ioapi-3.2/Linux2_x86_64ifort; ifort -auto -warn notruncated_source -Bstatic -static-intel -I/home/alejandro/BLDLIB/ioapi-3.2/ioapi -I/home/alejandro/BLDLIB/ioapi-3.2/Linux2_x86_64ifort  -DIOAPI_NCF4=1 -DAUTO_ARRAYS=1 -DF90=1 -DFLDMN=1 -DFSTR_L=int -DIOAPI_NO_STDOUT=1 -DAVOID_FLUSH=1 -DBIT32=1  -O3 -unroll -stack_temps -safe_cray_ptr -convert big_endian -assume byterecl  -traceback -xHost                                    -DIOAPI_NCF4=1 -DAUTO_ARRAYS=1 -DF90=1 -DFLDMN=1 -DFSTR_L=int -DIOAPI_NO_STDOUT=1 -DAVOID_FLUSH=1 -DBIT32=1 -c /home/alejandro/BLDLIB/ioapi-3.2/m3tools/wndwdesc.f90
ifort: command line warning #10434: option '-stack_temps' use with underscore is deprecated; use '-stack-temps' instead
ifort: command line warning #10434: option '-safe_cray_ptr' use with underscore is deprecated; use '-safe-cray-ptr' instead
cd /home/alejandro/BLDLIB/ioapi-3.2/Linux2_x86_64ifort; ifort -auto -warn notruncated_source -Bstatic -static-intel  wndwdesc.o -L/home/alejandro/BLDLIB/ioapi-3.2/Linux2_x86_64ifort -lioapi -lnetcdff -lnetcdf  -Bstatic  -o wndwdesc
cd /home/alejandro/BLDLIB/ioapi-3.2/Linux2_x86_64ifort; ifort -auto -warn notruncated_source -Bstatic -static-intel -I/home/alejandro/BLDLIB/ioapi-3.2/ioapi -I/home/alejandro/BLDLIB/ioapi-3.2/Linux2_x86_64ifort  -DIOAPI_NCF4=1 -DAUTO_ARRAYS=1 -DF90=1 -DFLDMN=1 -DFSTR_L=int -DIOAPI_NO_STDOUT=1 -DAVOID_FLUSH=1 -DBIT32=1  -O3 -unroll -stack_temps -safe_cray_ptr -convert big_endian -assume byterecl  -traceback -xHost                                    -DIOAPI_NCF4=1 -DAUTO_ARRAYS=1 -DF90=1 -DFLDMN=1 -DFSTR_L=int -DIOAPI_NO_STDOUT=1 -DAVOID_FLUSH=1 -DBIT32=1 -c /home/alejandro/BLDLIB/ioapi-3.2/m3tools/wndwpoints.f90
ifort: command line warning #10434: option '-stack_temps' use with underscore is deprecated; use '-stack-temps' instead
ifort: command line warning #10434: option '-safe_cray_ptr' use with underscore is deprecated; use '-safe-cray-ptr' instead
cd /home/alejandro/BLDLIB/ioapi-3.2/Linux2_x86_64ifort; ifort -auto -warn notruncated_source -Bstatic -static-intel  wndwpoints.o -L/home/alejandro/BLDLIB/ioapi-3.2/Linux2_x86_64ifort -lioapi -lnetcdff -lnetcdf  -Bstatic  -o wndwpoints
cd /home/alejandro/BLDLIB/ioapi-3.2/Linux2_x86_64ifort; ifort -auto -warn notruncated_source -Bstatic -static-intel -I/home/alejandro/BLDLIB/ioapi-3.2/ioapi -I/home/alejandro/BLDLIB/ioapi-3.2/Linux2_x86_64ifort  -DIOAPI_NCF4=1 -DAUTO_ARRAYS=1 -DF90=1 -DFLDMN=1 -DFSTR_L=int -DIOAPI_NO_STDOUT=1 -DAVOID_FLUSH=1 -DBIT32=1  -O3 -unroll -stack_temps -safe_cray_ptr -convert big_endian -assume byterecl  -traceback -xHost                                    -DIOAPI_NCF4=1 -DAUTO_ARRAYS=1 -DF90=1 -DFLDMN=1 -DFSTR_L=int -DIOAPI_NO_STDOUT=1 -DAVOID_FLUSH=1 -DBIT32=1 -c /home/alejandro/BLDLIB/ioapi-3.2/m3tools/wndwptdata.f90
ifort: command line warning #10434: option '-stack_temps' use with underscore is deprecated; use '-stack-temps' instead
ifort: command line warning #10434: option '-safe_cray_ptr' use with underscore is deprecated; use '-safe-cray-ptr' instead
cd /home/alejandro/BLDLIB/ioapi-3.2/Linux2_x86_64ifort; ifort -auto -warn notruncated_source -Bstatic -static-intel  wndwptdata.o -L/home/alejandro/BLDLIB/ioapi-3.2/Linux2_x86_64ifort -lioapi -lnetcdff -lnetcdf  -Bstatic  -o wndwptdata
cd /home/alejandro/BLDLIB/ioapi-3.2/Linux2_x86_64ifort; ifort -auto -warn notruncated_source -Bstatic -static-intel -I/home/alejandro/BLDLIB/ioapi-3.2/ioapi -I/home/alejandro/BLDLIB/ioapi-3.2/Linux2_x86_64ifort  -DIOAPI_NCF4=1 -DAUTO_ARRAYS=1 -DF90=1 -DFLDMN=1 -DFSTR_L=int -DIOAPI_NO_STDOUT=1 -DAVOID_FLUSH=1 -DBIT32=1  -O3 -unroll -stack_temps -safe_cray_ptr -convert big_endian -assume byterecl  -traceback -xHost                                    -DIOAPI_NCF4=1 -DAUTO_ARRAYS=1 -DF90=1 -DFLDMN=1 -DFSTR_L=int -DIOAPI_NO_STDOUT=1 -DAVOID_FLUSH=1 -DBIT32=1 -c /home/alejandro/BLDLIB/ioapi-3.2/m3tools/wrfgriddesc.f90
ifort: command line warning #10434: option '-stack_temps' use with underscore is deprecated; use '-stack-temps' instead
ifort: command line warning #10434: option '-safe_cray_ptr' use with underscore is deprecated; use '-safe-cray-ptr' instead
cd /home/alejandro/BLDLIB/ioapi-3.2/Linux2_x86_64ifort; ifort -auto -warn notruncated_source -Bstatic -static-intel  wrfgriddesc.o -L/home/alejandro/BLDLIB/ioapi-3.2/Linux2_x86_64ifort -lioapi -lnetcdff -lnetcdf  -Bstatic  -o wrfgriddesc
cd /home/alejandro/BLDLIB/ioapi-3.2/Linux2_x86_64ifort; ifort -auto -warn notruncated_source -Bstatic -static-intel -I/home/alejandro/BLDLIB/ioapi-3.2/ioapi -I/home/alejandro/BLDLIB/ioapi-3.2/Linux2_x86_64ifort  -DIOAPI_NCF4=1 -DAUTO_ARRAYS=1 -DF90=1 -DFLDMN=1 -DFSTR_L=int -DIOAPI_NO_STDOUT=1 -DAVOID_FLUSH=1 -DBIT32=1  -O3 -unroll -stack_temps -safe_cray_ptr -convert big_endian -assume byterecl  -traceback -xHost                                    -DIOAPI_NCF4=1 -DAUTO_ARRAYS=1 -DF90=1 -DFLDMN=1 -DFSTR_L=int -DIOAPI_NO_STDOUT=1 -DAVOID_FLUSH=1 -DBIT32=1 -c /home/alejandro/BLDLIB/ioapi-3.2/m3tools/wrftom3.f90
ifort: command line warning #10434: option '-stack_temps' use with underscore is deprecated; use '-stack-temps' instead
ifort: command line warning #10434: option '-safe_cray_ptr' use with underscore is deprecated; use '-safe-cray-ptr' instead
cd /home/alejandro/BLDLIB/ioapi-3.2/Linux2_x86_64ifort; ifort -auto -warn notruncated_source -Bstatic -static-intel  wrftom3.o -L/home/alejandro/BLDLIB/ioapi-3.2/Linux2_x86_64ifort -lioapi -lnetcdff -lnetcdf  -Bstatic  -o wrftom3
cd /home/alejandro/BLDLIB/ioapi-3.2/Linux2_x86_64ifort; ifort -auto -warn notruncated_source -Bstatic -static-intel -I/home/alejandro/BLDLIB/ioapi-3.2/ioapi -I/home/alejandro/BLDLIB/ioapi-3.2/Linux2_x86_64ifort  -DIOAPI_NCF4=1 -DAUTO_ARRAYS=1 -DF90=1 -DFLDMN=1 -DFSTR_L=int -DIOAPI_NO_STDOUT=1 -DAVOID_FLUSH=1 -DBIT32=1  -O3 -unroll -stack_temps -safe_cray_ptr -convert big_endian -assume byterecl  -traceback -xHost                                    -DIOAPI_NCF4=1 -DAUTO_ARRAYS=1 -DF90=1 -DFLDMN=1 -DFSTR_L=int -DIOAPI_NO_STDOUT=1 -DAVOID_FLUSH=1 -DBIT32=1 -c /home/alejandro/BLDLIB/ioapi-3.2/m3tools/wrfwndw.f90
ifort: command line warning #10434: option '-stack_temps' use with underscore is deprecated; use '-stack-temps' instead
ifort: command line warning #10434: option '-safe_cray_ptr' use with underscore is deprecated; use '-safe-cray-ptr' instead
cd /home/alejandro/BLDLIB/ioapi-3.2/Linux2_x86_64ifort; ifort -auto -warn notruncated_source -Bstatic -static-intel  wrfwndw.o -L/home/alejandro/BLDLIB/ioapi-3.2/Linux2_x86_64ifort -lioapi -lnetcdff -lnetcdf  -Bstatic  -o wrfwndw
make[1]: Leaving directory '/home/alejandro/BLDLIB/ioapi-3.2/m3tools'
